Command line invocation:
    /Applications/Xcode.app/Contents/Developer/usr/bin/xcodebuild -project NeuroForge.xcodeproj -scheme NeuroForgeUISmoke -destination "platform=iOS Simulator,id=064C7C8F-D941-4D8C-9B55-958F4123AF02" -derivedDataPath /tmp/NeuroForge-improvement-ios CODE_SIGNING_ALLOWED=NO -collect-test-diagnostics never "-only-testing:NeuroForgeUITests/NavigationSmokeUITests/testSpatialCoordinateEntryRetainsOriginalAndWorkedCopyAfterFeedback" "-only-testing:NeuroForgeUITests/NavigationSmokeUITests/testSpatialLabeledCubeSeparatesCameraFromSavedAnswerAndObjectReplay" "-only-testing:NeuroForgeUITests/NavigationSmokeUITests/testSourceRecallColdRelaunchPreservesDraftReferenceAndNeutralResult" "-only-testing:NeuroForgeUITests/NavigationSmokeUITests/testGeneratedSetCreatesSeparateRunsAndRestoresSkippedRunThroughColdLaunch" test-without-building

Build settings from command line:
    CODE_SIGNING_ALLOWED = NO

Resolve Package Graph


Resolved source packages:
  SwiftMath: https://github.com/mgriebling/SwiftMath.git @ 1d2c908

2026-09-05 17:24:56.795853-0400 NeuroForgeUITests-Runner[75025:6106659] [Default] Running tests...
objc[75025]: Class UIAccessibilityLoaderWebShared is implemented in both /Library/Developer/CoreSimulator/Volumes/iOS_23F77/Library/Developer/CoreSimulator/Profiles/Runtimes/iOS 26.5.simruntime/Contents/Resources/RuntimeRoot/System/Library/AccessibilityBundles/WebCore.axbundle/WebCore (0x107d80310) and /Library/Developer/CoreSimulator/Volumes/iOS_23F77/Library/Developer/CoreSimulator/Profiles/Runtimes/iOS 26.5.simruntime/Contents/Resources/RuntimeRoot/System/Library/AccessibilityBundles/WebKit.axbundle/WebKit (0x108604398). This may cause spurious casting failures and mysterious crashes. One of the duplicates must be removed or renamed.
    t =      nans Interface orientation changed to Portrait
Test Suite 'Selected tests' started at 2026-09-05 17:24:58.819.
Test Suite 'NeuroForgeUITests.xctest' started at 2026-09-05 17:24:58.821.
Test Suite 'NavigationSmokeUITests' started at 2026-09-05 17:24:58.822.
Test Case '-[NeuroForgeUITests.NavigationSmokeUITests testGeneratedSetCreatesSeparateRunsAndRestoresSkippedRunThroughColdLaunch]' started.
    t =     0.00s Start Test at 2026-09-05 17:24:58.823
    t =     0.51s Set Up
    t =     0.52s Open com.zacrotech.NeuroForge
    t =     0.52s     Launch com.zacrotech.NeuroForge
2026-09-05 17:25:00.270 xcodebuild[74979:6105891] [MT] IDELaunchParametersSnapshot: The operation couldn’t be completed. (DebuggerLLDB.DebuggerVersionStore.StoreError error 0.)
2026-09-05 17:25:00.274 xcodebuild[74979:6105891] [MT] IDELaunchParametersSnapshot: no debugger version
    t =     3.24s         Setting up automation session
    t =     5.08s         Wait for com.zacrotech.NeuroForge to idle
    t =     7.76s Waiting 15.0s for "destination-today" Any to exist
    t =     8.83s     Checking `Expect predicate `existsNoRetry == 1` for object "destination-today" Any`
    t =     8.83s         Checking existence of `"destination-today" Any`
    t =     9.11s Tap "Practice" Button
    t =     9.11s     Wait for com.zacrotech.NeuroForge to idle
    t =     9.11s     Find the "Practice" Button
    t =     9.15s     Check for interrupting elements affecting "Practice" Button
    t =     9.25s     Synthesize event
    t =     9.67s     Wait for com.zacrotech.NeuroForge to idle
    t =    11.03s Checking existence of `"open-ai-studio" Any`
    t =    11.09s Get all elements bound by index for: Descendants matching type ScrollView
    t =    11.11s Find the ScrollView (Element at index 0)
    t =    11.15s Swipe up ScrollView at {{0.0, 0.0}, {375.0, 667.0}}
    t =    11.15s     Wait for com.zacrotech.NeuroForge to idle
    t =    11.15s     Find the ScrollView at {{0.0, 0.0}, {375.0, 667.0}}
    t =    11.18s     Check for interrupting elements affecting ScrollView
    t =    11.21s     Synthesize event
    t =    11.68s     Wait for com.zacrotech.NeuroForge to idle
    t =    13.81s Checking existence of `"open-ai-studio" Any`
    t =    13.98s Get all elements bound by index for: Descendants matching type ScrollView
    t =    14.01s Find the ScrollView (Element at index 0)
    t =    14.09s Swipe up ScrollView at {{0.0, 0.0}, {375.0, 667.0}}
    t =    14.09s     Wait for com.zacrotech.NeuroForge to idle
    t =    14.10s     Find the ScrollView at {{0.0, 0.0}, {375.0, 667.0}}
    t =    14.15s     Check for interrupting elements affecting ScrollView
    t =    14.24s     Synthesize event
    t =    14.78s     Wait for com.zacrotech.NeuroForge to idle
    t =    17.52s Checking existence of `"open-ai-studio" Any`
    t =    17.66s Get all elements bound by index for: Descendants matching type ScrollView
    t =    17.70s Find the ScrollView (Element at index 0)
    t =    17.82s Swipe up ScrollView at {{0.0, 0.0}, {375.0, 667.0}}
    t =    17.82s     Wait for com.zacrotech.NeuroForge to idle
    t =    17.83s     Find the ScrollView at {{0.0, 0.0}, {375.0, 667.0}}
    t =    17.87s     Check for interrupting elements affecting ScrollView
    t =    17.96s     Synthesize event
    t =    18.45s     Wait for com.zacrotech.NeuroForge to idle
    t =    20.57s Checking existence of `"open-ai-studio" Any`
    t =    20.63s Find the "open-ai-studio" Any
    t =    20.68s Get all elements bound by index for: Descendants matching type ScrollView
    t =    20.71s Find the ScrollView (Element at index 0)
    t =    20.76s Swipe up ScrollView at {{0.0, 0.0}, {375.0, 667.0}}
    t =    20.76s     Wait for com.zacrotech.NeuroForge to idle
    t =    21.30s     Find the ScrollView at {{0.0, 0.0}, {375.0, 667.0}}
    t =    21.34s     Check for interrupting elements affecting ScrollView
    t =    21.38s     Synthesize event
    t =    21.85s     Wait for com.zacrotech.NeuroForge to idle
    t =    22.79s Checking existence of `"open-ai-studio" Button`
    t =    22.82s Find the "open-ai-studio" Button
    t =    22.87s Find the "open-ai-studio" Button
    t =    22.90s Tap "open-ai-studio" Button
    t =    22.90s     Wait for com.zacrotech.NeuroForge to idle
    t =    22.90s     Find the "open-ai-studio" Button
    t =    22.94s     Check for interrupting elements affecting "open-ai-studio" Button
    t =    22.96s     Synthesize event
    t =    23.26s     Wait for com.zacrotech.NeuroForge to idle
    t =    23.84s Waiting 8.0s for "ai-studio-root" Any to exist
    t =    24.92s     Checking `Expect predicate `existsNoRetry == 1` for object "ai-studio-root" Any`
    t =    24.92s         Checking existence of `"ai-studio-root" Any`
    t =    25.04s Waiting 8.0s for "What do you want to practice?" TextField to exist
    t =    26.11s     Checking `Expect predicate `existsNoRetry == 1` for object "What do you want to practice?" TextField`
    t =    26.12s         Checking existence of `"What do you want to practice?" TextField`
    t =    26.18s Get all elements bound by index for: Descendants matching type ScrollView
    t =    26.23s Find the ScrollView (Element at index 2)
    t =    26.34s Find the ScrollView (Element at index 1)
    t =    26.40s Find the Target Application 'com.zacrotech.NeuroForge'
    t =    26.44s Checking existence of `Keyboard (First Match)`
    t =    26.54s Get all elements bound by index for: Descendants matching type NavigationBar
    t =    26.58s Find the NavigationBar (Element at index 0)
    t =    26.63s Find the NavigationBar (Element at index 1)
    t =    26.71s Find the "Create a question set" NavigationBar
    t =    26.75s Find the ScrollView at {{38.0, 299.5}, {299.0, 202.0}}
    t =    26.80s Find the ScrollView at {{38.0, 299.5}, {299.0, 202.0}}
    t =    26.85s Get all elements bound by index for: Descendants matching type TabBar
    t =    26.89s Find the TabBar (Element at index 0)
    t =    27.02s Checking existence of `"What do you want to practice?" TextField`
    t =    27.07s Find the "What do you want to practice?" TextField
    t =    27.12s Checking existence of `"session-submit" Any`
    t =    27.18s Checking existence of `"session-next" Any`
    t =    27.24s Checking existence of `"train-start-practice" Any`
    t =    27.29s Checking existence of `"train-start-graph-construction" Any`
    t =    27.34s Checking existence of `"e.g. limiting reagents, induction proofs, or graph traversal" TextField`
    t =    27.39s Find the "e.g. limiting reagents, induction proofs, or graph traversal" TextField
    t =    27.55s Find the "e.g. limiting reagents, induction proofs, or graph traversal" TextField
    t =    27.62s Find the ScrollView at {{38.0, 299.5}, {299.0, 202.0}}
    t =    27.66s Checking existence of `"e.g. limiting reagents, induction proofs, or graph traversal" TextField`
    t =    27.72s Find the "e.g. limiting reagents, induction proofs, or graph traversal" TextField
    t =    27.78s Find the "e.g. limiting reagents, induction proofs, or graph traversal" TextField
    t =    27.84s Find the "e.g. limiting reagents, induction proofs, or graph traversal" TextField
    t =    27.90s Checking existence of `"e.g. limiting reagents, induction proofs, or graph traversal" TextField`
    t =    27.95s Find the "e.g. limiting reagents, induction proofs, or graph traversal" TextField
    t =    28.01s Find the ScrollView at {{38.0, 299.5}, {299.0, 202.0}}
    t =    28.05s Checking existence of `"e.g. limiting reagents, induction proofs, or graph traversal" TextField`
    t =    28.10s Find the "e.g. limiting reagents, induction proofs, or graph traversal" TextField
    t =    28.16s Press Target Application 'com.zacrotech.NeuroForge'[0.00, 0.00] -> (50.0, 459.9) for 0.1 seconds, then drag to Target Application 'com.zacrotech.NeuroForge'[0.00, 0.00] -> (50.0, 341.1) with velocity of 250.00 pixels per second, and then hold for 0.2 seconds 
    t =    28.16s     Wait for com.zacrotech.NeuroForge to idle
    t =    28.16s     Find the Target Application 'com.zacrotech.NeuroForge'
    t =    28.20s     Check for interrupting elements affecting "NeuroForge" Application
    t =    28.26s     Synthesize event
    t =    28.26s         Find the Target Application 'com.zacrotech.NeuroForge'
    t =    28.30s         Find the Target Application 'com.zacrotech.NeuroForge'
    t =    28.34s         Find the Target Application 'com.zacrotech.NeuroForge'
    t =    28.37s         Find the Target Application 'com.zacrotech.NeuroForge'
    t =    28.41s         Find the Target Application 'com.zacrotech.NeuroForge'
    t =    29.43s     Wait for com.zacrotech.NeuroForge to idle
    t =    30.15s Get all elements bound by index for: Descendants matching type ScrollView
    t =    30.22s Find the ScrollView (Element at index 2)
    t =    30.33s Find the ScrollView (Element at index 1)
    t =    30.39s Find the Target Application 'com.zacrotech.NeuroForge'
    t =    30.43s Checking existence of `Keyboard (First Match)`
    t =    30.54s Get all elements bound by index for: Descendants matching type NavigationBar
    t =    30.58s Find the NavigationBar (Element at index 0)
    t =    30.64s Find the NavigationBar (Element at index 1)
    t =    30.71s Find the "Create a question set" NavigationBar
    t =    30.76s Find the ScrollView at {{38.0, 190.5}, {299.0, 202.0}}
    t =    30.81s Find the ScrollView at {{38.0, 190.5}, {299.0, 202.0}}
    t =    30.86s Get all elements bound by index for: Descendants matching type TabBar
    t =    30.91s Find the TabBar (Element at index 0)
    t =    31.02s Checking existence of `"e.g. limiting reagents, induction proofs, or graph traversal" TextField`
    t =    31.08s Find the "e.g. limiting reagents, induction proofs, or graph traversal" TextField
    t =    31.14s Checking existence of `"session-submit" Any`
    t =    31.20s Checking existence of `"session-next" Any`
    t =    31.26s Checking existence of `"train-start-practice" Any`
    t =    31.33s Checking existence of `"train-start-graph-construction" Any`
    t =    31.38s Checking existence of `"e.g. limiting reagents, induction proofs, or graph traversal" TextField`
    t =    31.44s Find the "e.g. limiting reagents, induction proofs, or graph traversal" TextField
    t =    31.50s Find the "e.g. limiting reagents, induction proofs, or graph traversal" TextField
    t =    31.57s Find the ScrollView at {{38.0, 190.5}, {299.0, 202.0}}
    t =    31.62s Checking existence of `"e.g. limiting reagents, induction proofs, or graph traversal" TextField`
    t =    31.68s Find the "e.g. limiting reagents, induction proofs, or graph traversal" TextField
    t =    31.75s Find the "e.g. limiting reagents, induction proofs, or graph traversal" TextField
    t =    31.81s Find the "e.g. limiting reagents, induction proofs, or graph traversal" TextField
    t =    31.87s Checking existence of `"e.g. limiting reagents, induction proofs, or graph traversal" TextField`
    t =    31.93s Find the "e.g. limiting reagents, induction proofs, or graph traversal" TextField
    t =    31.99s Find the ScrollView at {{38.0, 190.5}, {299.0, 202.0}}
    t =    32.04s Checking existence of `"e.g. limiting reagents, induction proofs, or graph traversal" TextField`
    t =    32.09s Find the "e.g. limiting reagents, induction proofs, or graph traversal" TextField
    t =    32.15s Press Target Application 'com.zacrotech.NeuroForge'[0.00, 0.00] -> (50.0, 350.9) for 0.1 seconds, then drag to Target Application 'com.zacrotech.NeuroForge'[0.00, 0.00] -> (50.0, 232.1) with velocity of 250.00 pixels per second, and then hold for 0.2 seconds 
    t =    32.15s     Wait for com.zacrotech.NeuroForge to idle
    t =    32.15s     Find the Target Application 'com.zacrotech.NeuroForge'
    t =    32.19s     Check for interrupting elements affecting "NeuroForge" Application
    t =    32.24s     Synthesize event
    t =    32.25s         Find the Target Application 'com.zacrotech.NeuroForge'
    t =    32.28s         Find the Target Application 'com.zacrotech.NeuroForge'
    t =    32.33s         Find the Target Application 'com.zacrotech.NeuroForge'
    t =    32.37s         Find the Target Application 'com.zacrotech.NeuroForge'
    t =    32.42s         Find the Target Application 'com.zacrotech.NeuroForge'
    t =    33.43s     Wait for com.zacrotech.NeuroForge to idle
    t =    33.81s Get all elements bound by index for: Descendants matching type ScrollView
    t =    33.87s Find the ScrollView (Element at index 2)
    t =    33.97s Find the ScrollView (Element at index 1)
    t =    34.03s Find the Target Application 'com.zacrotech.NeuroForge'
    t =    34.07s Checking existence of `Keyboard (First Match)`
    t =    34.18s Get all elements bound by index for: Descendants matching type NavigationBar
    t =    34.23s Find the NavigationBar (Element at index 0)
    t =    34.29s Find the NavigationBar (Element at index 1)
    t =    34.36s Find the "Create a question set" NavigationBar
    t =    34.42s Find the ScrollView at {{38.0, 81.5}, {299.0, 202.0}}
    t =    34.47s Find the ScrollView at {{38.0, 81.5}, {299.0, 202.0}}
    t =    34.52s Get all elements bound by index for: Descendants matching type TabBar
    t =    34.57s Find the TabBar (Element at index 0)
    t =    34.68s Checking existence of `"e.g. limiting reagents, induction proofs, or graph traversal" TextField`
    t =    34.75s Find the "e.g. limiting reagents, induction proofs, or graph traversal" TextField
    t =    34.80s Checking existence of `"session-submit" Any`
    t =    34.86s Checking existence of `"session-next" Any`
    t =    34.93s Checking existence of `"train-start-practice" Any`
    t =    34.99s Checking existence of `"train-start-graph-construction" Any`
    t =    35.06s Checking existence of `"e.g. limiting reagents, induction proofs, or graph traversal" TextField`
    t =    35.11s Find the "e.g. limiting reagents, induction proofs, or graph traversal" TextField
    t =    35.17s Find the "e.g. limiting reagents, induction proofs, or graph traversal" TextField
    t =    35.24s Find the ScrollView at {{38.0, 81.5}, {299.0, 202.0}}
    t =    35.30s Checking existence of `"e.g. limiting reagents, induction proofs, or graph traversal" TextField`
    t =    35.36s Find the "e.g. limiting reagents, induction proofs, or graph traversal" TextField
    t =    35.53s Find the "e.g. limiting reagents, induction proofs, or graph traversal" TextField
    t =    35.72s Find the "e.g. limiting reagents, induction proofs, or graph traversal" TextField
    t =    35.81s Checking existence of `"e.g. limiting reagents, induction proofs, or graph traversal" TextField`
    t =    35.87s Find the "e.g. limiting reagents, induction proofs, or graph traversal" TextField
    t =    35.93s Find the ScrollView at {{38.0, 81.5}, {299.0, 202.0}}
    t =    35.98s Checking existence of `"e.g. limiting reagents, induction proofs, or graph traversal" TextField`
    t =    36.04s Find the "e.g. limiting reagents, induction proofs, or graph traversal" TextField
    t =    36.10s Press Target Application 'com.zacrotech.NeuroForge'[0.00, 0.00] -> (50.0, 245.6) for 0.1 seconds, then drag to Target Application 'com.zacrotech.NeuroForge'[0.00, 0.00] -> (50.0, 137.9) with velocity of 250.00 pixels per second, and then hold for 0.2 seconds 
    t =    36.10s     Wait for com.zacrotech.NeuroForge to idle
    t =    36.10s     Find the Target Application 'com.zacrotech.NeuroForge'
    t =    36.14s     Check for interrupting elements affecting "NeuroForge" Application
    t =    36.20s     Synthesize event
    t =    36.20s         Find the Target Application 'com.zacrotech.NeuroForge'
    t =    36.24s         Find the Target Application 'com.zacrotech.NeuroForge'
    t =    36.28s         Find the Target Application 'com.zacrotech.NeuroForge'
    t =    36.32s         Find the Target Application 'com.zacrotech.NeuroForge'
    t =    36.36s         Find the Target Application 'com.zacrotech.NeuroForge'
    t =    37.32s     Wait for com.zacrotech.NeuroForge to idle
    t =    37.68s Get all elements bound by index for: Descendants matching type ScrollView
    t =    37.74s Find the ScrollView (Element at index 2)
    t =    37.84s Find the ScrollView (Element at index 1)
    t =    37.91s Find the Target Application 'com.zacrotech.NeuroForge'
    t =    37.95s Checking existence of `Keyboard (First Match)`
    t =    38.05s Get all elements bound by index for: Descendants matching type NavigationBar
    t =    38.10s Find the NavigationBar (Element at index 0)
    t =    38.18s Find the NavigationBar (Element at index 1)
    t =    38.26s Find the "Create a question set" NavigationBar
    t =    38.32s Find the ScrollView at {{38.0, -16.0}, {299.0, 202.0}}
    t =    38.36s Find the ScrollView at {{38.0, -16.0}, {299.0, 202.0}}
    t =    38.41s Get all elements bound by index for: Descendants matching type TabBar
    t =    38.45s Find the TabBar (Element at index 0)
    t =    38.57s Checking existence of `"e.g. limiting reagents, induction proofs, or graph traversal" TextField`
    t =    38.62s Find the "e.g. limiting reagents, induction proofs, or graph traversal" TextField
    t =    38.68s Checking existence of `"session-submit" Any`
    t =    38.74s Checking existence of `"session-next" Any`
    t =    38.81s Checking existence of `"train-start-practice" Any`
    t =    38.88s Checking existence of `"train-start-graph-construction" Any`
    t =    38.94s Checking existence of `"e.g. limiting reagents, induction proofs, or graph traversal" TextField`
    t =    38.99s Find the "e.g. limiting reagents, induction proofs, or graph traversal" TextField
    t =    39.05s Find the "e.g. limiting reagents, induction proofs, or graph traversal" TextField
    t =    39.12s Find the ScrollView at {{38.0, -16.0}, {299.0, 202.0}}
    t =    39.17s Checking existence of `"e.g. limiting reagents, induction proofs, or graph traversal" TextField`
    t =    39.22s Find the "e.g. limiting reagents, induction proofs, or graph traversal" TextField
    t =    39.28s Find the "e.g. limiting reagents, induction proofs, or graph traversal" TextField
    t =    39.35s Find the "e.g. limiting reagents, induction proofs, or graph traversal" TextField
    t =    39.41s Checking existence of `"e.g. limiting reagents, induction proofs, or graph traversal" TextField`
    t =    39.47s Find the "e.g. limiting reagents, induction proofs, or graph traversal" TextField
    t =    39.54s Find the ScrollView at {{38.0, -16.0}, {299.0, 202.0}}
    t =    39.58s Checking existence of `"e.g. limiting reagents, induction proofs, or graph traversal" TextField`
    t =    39.64s Find the "e.g. limiting reagents, induction proofs, or graph traversal" TextField
    t =    39.70s Press Target Application 'com.zacrotech.NeuroForge'[0.00, 0.00] -> (50.0, 167.6) for 0.1 seconds, then drag to Target Application 'com.zacrotech.NeuroForge'[0.00, 0.00] -> (50.0, 118.4) with velocity of 250.00 pixels per second, and then hold for 0.2 seconds 
    t =    39.70s     Wait for com.zacrotech.NeuroForge to idle
    t =    39.70s     Find the Target Application 'com.zacrotech.NeuroForge'
    t =    39.74s     Check for interrupting elements affecting "NeuroForge" Application
    t =    39.79s     Synthesize event
    t =    39.79s         Find the Target Application 'com.zacrotech.NeuroForge'
    t =    39.83s         Find the Target Application 'com.zacrotech.NeuroForge'
    t =    39.88s         Find the Target Application 'com.zacrotech.NeuroForge'
    t =    39.92s         Find the Target Application 'com.zacrotech.NeuroForge'
    t =    39.96s         Find the Target Application 'com.zacrotech.NeuroForge'
    t =    40.69s     Wait for com.zacrotech.NeuroForge to idle
    t =    40.85s Get all elements bound by index for: Descendants matching type ScrollView
    t =    40.91s Find the ScrollView (Element at index 2)
    t =    41.01s Find the ScrollView (Element at index 1)
    t =    41.08s Find the Target Application 'com.zacrotech.NeuroForge'
    t =    41.12s Checking existence of `Keyboard (First Match)`
    t =    41.22s Get all elements bound by index for: Descendants matching type NavigationBar
    t =    41.27s Find the NavigationBar (Element at index 0)
    t =    41.32s Find the NavigationBar (Element at index 1)
    t =    41.40s Find the "Create a question set" NavigationBar
    t =    41.45s Find the ScrollView at {{38.0, -55.0}, {299.0, 202.0}}
    t =    41.50s Find the ScrollView at {{38.0, -55.0}, {299.0, 202.0}}
    t =    41.55s Get all elements bound by index for: Descendants matching type TabBar
    t =    41.59s Find the TabBar (Element at index 0)
    t =    41.71s Checking existence of `"e.g. limiting reagents, induction proofs, or graph traversal" TextField`
    t =    41.76s Find the "e.g. limiting reagents, induction proofs, or graph traversal" TextField
    t =    41.82s Checking existence of `"session-submit" Any`
    t =    41.88s Checking existence of `"session-next" Any`
    t =    41.94s Checking existence of `"train-start-practice" Any`
    t =    42.00s Checking existence of `"train-start-graph-construction" Any`
    t =    42.06s Checking existence of `"e.g. limiting reagents, induction proofs, or graph traversal" TextField`
    t =    42.12s Find the "e.g. limiting reagents, induction proofs, or graph traversal" TextField
    t =    42.18s Find the "e.g. limiting reagents, induction proofs, or graph traversal" TextField
    t =    42.25s Find the ScrollView at {{38.0, -55.0}, {299.0, 202.0}}
    t =    42.29s Checking existence of `"e.g. limiting reagents, induction proofs, or graph traversal" TextField`
    t =    42.35s Find the "e.g. limiting reagents, induction proofs, or graph traversal" TextField
    t =    42.43s Find the "e.g. limiting reagents, induction proofs, or graph traversal" TextField
    t =    42.49s Find the "e.g. limiting reagents, induction proofs, or graph traversal" TextField
/Users/takamimarsh/Developer/Projects/Zacro Tech/NeuroForge/UITests/NavigationSmokeUITests.swift:1685: error: -[NeuroForgeUITests.NavigationSmokeUITests testGeneratedSetCreatesSeparateRunsAndRestoresSkippedRunThroughColdLaunch] : XCTAssertTrue failed
    t =    43.20s Tear Down
Test Case '-[NeuroForgeUITests.NavigationSmokeUITests testGeneratedSetCreatesSeparateRunsAndRestoresSkippedRunThroughColdLaunch]' failed (43.567 seconds).
Test Case '-[NeuroForgeUITests.NavigationSmokeUITests testSourceRecallColdRelaunchPreservesDraftReferenceAndNeutralResult]' started.
    t =     0.00s Start Test at 2026-09-05 17:25:42.391
    t =     0.06s Set Up
    t =     0.06s Open com.zacrotech.NeuroForge
    t =     0.06s     Launch com.zacrotech.NeuroForge
    t =     0.07s         Terminate com.zacrotech.NeuroForge:75066
2026-09-05 17:25:43.474 xcodebuild[74979:6105891] [MT] IDELaunchParametersSnapshot: The operation couldn’t be completed. (DebuggerLLDB.DebuggerVersionStore.StoreError error 0.)
2026-09-05 17:25:43.474 xcodebuild[74979:6105891] [MT] IDELaunchParametersSnapshot: no debugger version
    t =     1.73s         Setting up automation session
    t =     3.74s         Wait for com.zacrotech.NeuroForge to idle
    t =     7.13s Waiting 15.0s for "destination-today" Any to exist
    t =     8.18s     Checking `Expect predicate `existsNoRetry == 1` for object "destination-today" Any`
    t =     8.19s         Checking existence of `"destination-today" Any`
    t =     8.46s Tap "Sources" Button
    t =     8.46s     Wait for com.zacrotech.NeuroForge to idle
    t =     8.47s     Find the "Sources" Button
    t =     8.50s     Check for interrupting elements affecting "Sources" Button
    t =     8.59s     Synthesize event
    t =     8.92s     Wait for com.zacrotech.NeuroForge to idle
    t =    10.93s Checking existence of `Button (First Match)`
    t =    11.00s Find the Button (First Match)
    t =    11.06s Get all elements bound by index for: Descendants matching type ScrollView
    t =    11.09s Find the ScrollView (Element at index 0)
    t =    11.14s Swipe up ScrollView at {{0.0, 0.0}, {375.0, 667.0}}
    t =    11.14s     Wait for com.zacrotech.NeuroForge to idle
    t =    11.14s     Find the ScrollView at {{0.0, 0.0}, {375.0, 667.0}}
    t =    11.17s     Check for interrupting elements affecting ScrollView
    t =    11.20s     Synthesize event
    t =    11.67s     Wait for com.zacrotech.NeuroForge to idle
    t =    13.12s Checking existence of `"UI Study Source.txt, 86 bytes · Sep 5, 2026, Index ready, Offline questions allowed, Ready offline" Button`
    t =    13.17s Find the "UI Study Source.txt, 86 bytes · Sep 5, 2026, Index ready, Offline questions allowed, Ready offline" Button
    t =    13.22s Tap "UI Study Source.txt, 86 bytes · Sep 5, 2026, Index ready, Offline questions allowed, Ready offline" Button
    t =    13.22s     Wait for com.zacrotech.NeuroForge to idle
    t =    13.22s     Find the "UI Study Source.txt, 86 bytes · Sep 5, 2026, Index ready, Offline questions allowed, Ready offline" Button
    t =    13.27s     Check for interrupting elements affecting "UI Study Source.txt, 86 bytes · Sep 5, 2026, Index ready, Offline questions allowed, Ready offline" Button
    t =    13.31s     Synthesize event
    t =    13.60s     Wait for com.zacrotech.NeuroForge to idle
    t =    13.67s Checking existence of `"Review from memory" Button`
    t =    13.76s Find the "Review from memory" Button
    t =    13.84s Find the "Review from memory" Button
    t =    13.90s Tap "Review from memory" Button
    t =    13.90s     Wait for com.zacrotech.NeuroForge to idle
    t =    14.61s     Find the "Review from memory" Button
    t =    14.66s     Check for interrupting elements affecting "Review from memory" Button
    t =    14.69s     Synthesize event
    t =    14.99s     Wait for com.zacrotech.NeuroForge to idle
    t =    15.35s Waiting 10.0s for "universal-session" Any to exist
    t =    16.41s     Checking `Expect predicate `existsNoRetry == 1` for object "universal-session" Any`
    t =    16.42s         Checking existence of `"universal-session" Any`
    t =    16.60s Waiting 3.0s for "session-resume" Any to exist
    t =    17.62s     Checking `Expect predicate `existsNoRetry == 1` for object "session-resume" Any`
    t =    17.62s         Checking existence of `"session-resume" Any`
    t =    17.75s         Capturing element debug description
    t =    18.66s     Checking `Expect predicate `existsNoRetry == 1` for object "session-resume" Any`
    t =    18.67s         Checking existence of `"session-resume" Any`
    t =    18.73s         Capturing element debug description
    t =    19.61s     Checking `Expect predicate `existsNoRetry == 1` for object "session-resume" Any`
    t =    19.61s         Checking existence of `"session-resume" Any`
    t =    19.66s         Capturing element debug description
    t =    19.66s     Checking existence of `"session-resume" Any`
    t =    19.71s Collecting debug information to assist test failure triage
    t =    19.71s     Requesting snapshot of accessibility hierarchy for app with pid 75366
    t =    19.93s Waiting 8.0s for "session-prompt" Any to exist
    t =    20.96s     Checking `Expect predicate `existsNoRetry == 1` for object "session-prompt" Any`
    t =    20.98s         Checking existence of `"session-prompt" Any`
    t =    21.07s Find the "session-prompt" Any
    t =    21.12s Find the "session-position" Any
    t =    21.16s Checking existence of `"A triangle has three sides. This synthetic source is used only for navigation testing." StaticText`
    t =    21.21s Waiting 8.0s for TextView (First Match) to exist
    t =    22.21s     Checking `Expect predicate `existsNoRetry == 1` for object TextView (First Match)`
    t =    22.22s         Checking existence of `TextView (First Match)`
    t =    22.26s Get all elements bound by index for: Descendants matching type ScrollView
    t =    22.31s Find the ScrollView (Element at index 1)
    t =    22.42s Find the ScrollView (Element at index 0)
    t =    22.47s Find the Target Application 'com.zacrotech.NeuroForge'
    t =    22.50s Checking existence of `Keyboard (First Match)`
    t =    22.59s Get all elements bound by index for: Descendants matching type NavigationBar
    t =    22.63s Find the NavigationBar (Element at index 0)
    t =    22.68s Find the ScrollView at {{0.0, 164.5}, {375.0, 502.5}}
    t =    22.72s Find the ScrollView at {{0.0, 164.5}, {375.0, 502.5}}
    t =    22.76s Get all elements bound by index for: Descendants matching type TabBar
    t =    22.79s Find the TabBar (Element at index 0)
    t =    22.85s Checking existence of `TextView (First Match)`
    t =    22.87s Find the TextView (First Match)
    t =    22.90s Checking existence of `"session-submit" Any`
    t =    22.95s Find the "session-submit" Any
    t =    23.01s Find the "session-submit" Button
    t =    23.07s Find the "session-submit" Button
    t =    23.11s Checking existence of `"session-next" Any`
    t =    23.16s Checking existence of `"train-start-practice" Any`
    t =    23.20s Checking existence of `"train-start-graph-construction" Any`
    t =    23.25s Checking existence of `"Your answer from memory" TextView`
    t =    23.28s Find the "Your answer from memory" TextView
    t =    23.61s Find the "Your answer from memory" TextView
    t =    23.66s Find the ScrollView at {{0.0, 164.5}, {375.0, 502.5}}
    t =    23.70s Checking existence of `"Your answer from memory" TextView`
    t =    23.73s Find the "Your answer from memory" TextView
    t =    23.77s Find the "Your answer from memory" TextView
    t =    23.80s Find the "Your answer from memory" TextView
    t =    23.84s Find the "Your answer from memory" TextView
    t =    23.87s Press "Your answer from memory" TextView for 0.1 seconds
    t =    23.87s     Wait for com.zacrotech.NeuroForge to idle
    t =    23.88s     Find the "Your answer from memory" TextView
    t =    23.91s     Check for interrupting elements affecting "Your answer from memory" TextView
    t =    24.10s     Synthesize event
    t =    24.57s     Wait for com.zacrotech.NeuroForge to idle
    t =    25.87s Waiting 5.0s for Keyboard (First Match) to exist
    t =    26.88s     Checking `Expect predicate `existsNoRetry == 1` for object Keyboard (First Match)`
    t =    26.90s         Checking existence of `Keyboard (First Match)`
    t =    26.93s Type 'A triangle has thr...' into "Your answer from memory" TextView
    t =    26.93s     Wait for com.zacrotech.NeuroForge to idle
    t =    27.05s     Find the "Your answer from memory" TextView
    t =    27.13s     Check for interrupting elements affecting "Your answer from memory" TextView
    t =    27.20s     Synthesize event
    t =    27.86s     Wait for com.zacrotech.NeuroForge to idle
    t =    28.87s Checking `Expect predicate `value == "A triangle has three sides."` for object "Your answer from memory" TextView`
    t =    28.88s     Find the "Your answer from memory" TextView
    t =    29.02s Find the "Pause session" Button
    t =    29.14s Tap "pause.fill" Button
    t =    29.14s     Wait for com.zacrotech.NeuroForge to idle
    t =    29.14s     Find the "pause.fill" Button
    t =    29.21s     Check for interrupting elements affecting "pause.fill" Button
    t =    29.27s     Synthesize event
    t =    29.57s     Wait for com.zacrotech.NeuroForge to idle
    t =    29.60s Waiting 5.0s for "session-save-close" Any to exist
    t =    30.66s     Checking `Expect predicate `existsNoRetry == 1` for object "session-save-close" Any`
    t =    30.68s         Checking existence of `"session-save-close" Any`
    t =    30.75s Tap "session-save-close" Any
    t =    30.75s     Wait for com.zacrotech.NeuroForge to idle
    t =    30.75s     Find the "session-save-close" Any
    t =    30.80s     Check for interrupting elements affecting "session-save-close" Button
    t =    30.84s     Synthesize event
    t =    31.14s     Wait for com.zacrotech.NeuroForge to idle
    t =    31.36s Waiting 8.0s for "Review from memory" Button to exist
    t =    32.44s     Checking `Expect predicate `existsNoRetry == 1` for object "Review from memory" Button`
    t =    32.46s         Checking existence of `"Review from memory" Button`
    t =    32.52s Terminate com.zacrotech.NeuroForge:75366
    t =    33.61s Open com.zacrotech.NeuroForge
    t =    33.61s     Launch com.zacrotech.NeuroForge
2026-09-05 17:26:16.032 xcodebuild[74979:6105891] [MT] IDELaunchParametersSnapshot: The operation couldn’t be completed. (DebuggerLLDB.DebuggerVersionStore.StoreError error 0.)
2026-09-05 17:26:16.032 xcodebuild[74979:6105891] [MT] IDELaunchParametersSnapshot: no debugger version
    t =    34.07s         Setting up automation session
    t =    36.01s         Wait for com.zacrotech.NeuroForge to idle
    t =    36.66s Unable to monitor event loop
    t =    37.68s Waiting 15.0s for "continue-session" Any to exist
    t =    38.73s     Checking `Expect predicate `existsNoRetry == 1` for object "continue-session" Any`
    t =    38.74s         Checking existence of `"continue-session" Any`
    t =    38.74s         Capturing element debug description
    t =    39.68s     Checking `Expect predicate `existsNoRetry == 1` for object "continue-session" Any`
    t =    39.68s         Checking existence of `"continue-session" Any`
    t =    39.68s         Capturing element debug description
    t =    40.75s     Checking `Expect predicate `existsNoRetry == 1` for object "continue-session" Any`
    t =    40.76s         Checking existence of `"continue-session" Any`
    t =    40.76s         Capturing element debug description
    t =    41.69s     Checking `Expect predicate `existsNoRetry == 1` for object "continue-session" Any`
    t =    41.72s         Checking existence of `"continue-session" Any`
    t =    41.72s         Capturing element debug description
    t =    42.78s     Checking `Expect predicate `existsNoRetry == 1` for object "continue-session" Any`
    t =    42.78s         Checking existence of `"continue-session" Any`
    t =    42.78s         Capturing element debug description
    t =    43.75s     Checking `Expect predicate `existsNoRetry == 1` for object "continue-session" Any`
    t =    43.75s         Checking existence of `"continue-session" Any`
    t =    43.75s         Capturing element debug description
    t =    44.69s     Checking `Expect predicate `existsNoRetry == 1` for object "continue-session" Any`
    t =    44.69s         Checking existence of `"continue-session" Any`
    t =    44.69s         Capturing element debug description
    t =    45.75s     Checking `Expect predicate `existsNoRetry == 1` for object "continue-session" Any`
    t =    45.81s         Checking existence of `"continue-session" Any`
    t =    45.81s         Capturing element debug description
    t =    46.77s     Checking `Expect predicate `existsNoRetry == 1` for object "continue-session" Any`
    t =    46.77s         Checking existence of `"continue-session" Any`
    t =    46.77s         Capturing element debug description
    t =    47.74s     Checking `Expect predicate `existsNoRetry == 1` for object "continue-session" Any`
    t =    47.74s         Checking existence of `"continue-session" Any`
    t =    47.74s         Capturing element debug description
    t =    48.78s     Checking `Expect predicate `existsNoRetry == 1` for object "continue-session" Any`
    t =    48.78s         Checking existence of `"continue-session" Any`
    t =    48.78s         Capturing element debug description
    t =    49.70s     Checking `Expect predicate `existsNoRetry == 1` for object "continue-session" Any`
    t =    49.70s         Checking existence of `"continue-session" Any`
    t =    49.71s         Capturing element debug description
    t =    50.74s     Checking `Expect predicate `existsNoRetry == 1` for object "continue-session" Any`
    t =    50.75s         Checking existence of `"continue-session" Any`
    t =    50.75s         Capturing element debug description
    t =    51.69s     Checking `Expect predicate `existsNoRetry == 1` for object "continue-session" Any`
    t =    51.70s         Checking existence of `"continue-session" Any`
    t =    51.70s         Capturing element debug description
    t =    52.69s     Checking `Expect predicate `existsNoRetry == 1` for object "continue-session" Any`
    t =    52.69s         Checking existence of `"continue-session" Any`
    t =    52.70s         Capturing element debug description
    t =    52.70s     Checking existence of `"continue-session" Any`
    t =    53.70s     Checking existence of `"continue-session" Any` (retry 1)
    t =    54.71s     Checking existence of `"continue-session" Any` (retry 2)
    t =    54.71s Collecting debug information to assist test failure triage
/Users/takamimarsh/Developer/Projects/Zacro Tech/NeuroForge/UITests/NavigationSmokeUITests.swift:1815: error: -[NeuroForgeUITests.NavigationSmokeUITests testSourceRecallColdRelaunchPreservesDraftReferenceAndNeutralResult] : XCTAssertTrue failed
    t =    54.73s Tear Down
    t =    54.88s Checking for crash reports corresponding to unexpected termination of com.zacrotech.NeuroForge
Test Case '-[NeuroForgeUITests.NavigationSmokeUITests testSourceRecallColdRelaunchPreservesDraftReferenceAndNeutralResult]' failed (54.898 seconds).
Test Case '-[NeuroForgeUITests.NavigationSmokeUITests testSpatialCoordinateEntryRetainsOriginalAndWorkedCopyAfterFeedback]' started.
    t =     0.00s Start Test at 2026-09-05 17:26:37.290
    t =     0.06s Set Up
    t =     0.06s Open com.zacrotech.NeuroForge
    t =     0.06s     Launch com.zacrotech.NeuroForge
2026-09-05 17:26:37.424 xcodebuild[74979:6105891] [MT] IDELaunchParametersSnapshot: The operation couldn’t be completed. (DebuggerLLDB.DebuggerVersionStore.StoreError error 0.)
2026-09-05 17:26:37.424 xcodebuild[74979:6105891] [MT] IDELaunchParametersSnapshot: no debugger version
    t =     0.99s         Setting up automation session
    t =     2.41s         Wait for com.zacrotech.NeuroForge to idle
    t =     5.24s Unable to monitor event loop
    t =     6.25s Waiting 15.0s for "universal-session" Any to exist
    t =     7.27s     Checking `Expect predicate `existsNoRetry == 1` for object "universal-session" Any`
    t =     7.27s         Checking existence of `"universal-session" Any`
    t =     7.27s         Capturing element debug description
    t =     8.31s     Checking `Expect predicate `existsNoRetry == 1` for object "universal-session" Any`
    t =     8.31s         Checking existence of `"universal-session" Any`
    t =     8.32s         Capturing element debug description
<unknown>:0: error: -[NeuroForgeUITests.NavigationSmokeUITests testSpatialCoordinateEntryRetainsOriginalAndWorkedCopyAfterFeedback] : com.zacrotech.NeuroForge crashed in <external symbol>
    t =     8.96s Tear Down
    t =     9.00s     Checking for crash reports corresponding to unexpected termination of com.zacrotech.NeuroForge
Test Case '-[NeuroForgeUITests.NavigationSmokeUITests testSpatialCoordinateEntryRetainsOriginalAndWorkedCopyAfterFeedback]' failed (9.007 seconds).
Test Case '-[NeuroForgeUITests.NavigationSmokeUITests testSpatialLabeledCubeSeparatesCameraFromSavedAnswerAndObjectReplay]' started.
    t =     0.00s Start Test at 2026-09-05 17:26:46.298
    t =     0.06s Set Up
    t =     0.06s     Open com.zacrotech.NeuroForge
    t =     0.06s         Launch com.zacrotech.NeuroForge
2026-09-05 17:26:46.398 xcodebuild[74979:6105891] [MT] IDELaunchParametersSnapshot: The operation couldn’t be completed. (DebuggerLLDB.DebuggerVersionStore.StoreError error 0.)
2026-09-05 17:26:46.398 xcodebuild[74979:6105891] [MT] IDELaunchParametersSnapshot: no debugger version
    t =     0.53s             Setting up automation session
    t =     2.73s             Wait for com.zacrotech.NeuroForge to idle
    t =     7.21s Unable to monitor event loop
    t =     8.23s     Waiting 15.0s for "universal-session" Any to exist
    t =     9.31s         Checking `Expect predicate `existsNoRetry == 1` for object "universal-session" Any`
    t =     9.31s             Checking existence of `"universal-session" Any`
    t =     9.31s             Capturing element debug description
    t =    10.27s         Checking `Expect predicate `existsNoRetry == 1` for object "universal-session" Any`
    t =    10.27s             Checking existence of `"universal-session" Any`
    t =    10.27s             Capturing element debug description
    t =    11.33s         Checking `Expect predicate `existsNoRetry == 1` for object "universal-session" Any`
    t =    11.33s             Checking existence of `"universal-session" Any`
    t =    11.33s             Capturing element debug description
<unknown>:0: error: -[NeuroForgeUITests.NavigationSmokeUITests testSpatialLabeledCubeSeparatesCameraFromSavedAnswerAndObjectReplay] : com.zacrotech.NeuroForge crashed in <external symbol>
    t =    11.54s Tear Down
    t =    11.59s         Checking for crash reports corresponding to unexpected termination of com.zacrotech.NeuroForge
Test Case '-[NeuroForgeUITests.NavigationSmokeUITests testSpatialLabeledCubeSeparatesCameraFromSavedAnswerAndObjectReplay]' failed (11.595 seconds).
Test Suite 'NavigationSmokeUITests' failed at 2026-09-05 17:26:57.892.
	 Executed 4 tests, with 4 failures (0 unexpected) in 119.066 (119.070) seconds
Test Suite 'NeuroForgeUITests.xctest' failed at 2026-09-05 17:26:57.894.
	 Executed 4 tests, with 4 failures (0 unexpected) in 119.066 (119.073) seconds
Test Suite 'Selected tests' failed at 2026-09-05 17:26:57.894.
	 Executed 4 tests, with 4 failures (0 unexpected) in 119.066 (119.076) seconds
2026-09-05 17:26:58.490 xcodebuild[74979:6105891] [MT] IDETestOperationsObserverDebug: 125.316 elapsed -- Testing started completed.
2026-09-05 17:26:58.490 xcodebuild[74979:6105891] [MT] IDETestOperationsObserverDebug: 0.000 sec, +0.000 sec -- start
2026-09-05 17:26:58.491 xcodebuild[74979:6105891] [MT] IDETestOperationsObserverDebug: 125.316 sec, +125.316 sec -- end

Test session results, code coverage, and logs:
	/tmp/NeuroForge-improvement-ios/Logs/Test/Test-NeuroForgeUISmoke-2026.09.05_17-24-51--0400.xcresult

Failing tests:
	NavigationSmokeUITests.testGeneratedSetCreatesSeparateRunsAndRestoresSkippedRunThroughColdLaunch()
	NavigationSmokeUITests.testSourceRecallColdRelaunchPreservesDraftReferenceAndNeutralResult()
	NavigationSmokeUITests.testSpatialCoordinateEntryRetainsOriginalAndWorkedCopyAfterFeedback()
	NavigationSmokeUITests.testSpatialLabeledCubeSeparatesCameraFromSavedAnswerAndObjectReplay()

** TEST EXECUTE FAILED **

Testing started
