Command line invocation:
    /Applications/Xcode.app/Contents/Developer/usr/bin/xcodebuild -project NeuroForge.xcodeproj -scheme NeuroForgeUISmoke -destination "platform=iOS Simulator,id=064C7C8F-D941-4D8C-9B55-958F4123AF02" -derivedDataPath /tmp/NeuroForge-improvement-ios CODE_SIGNING_ALLOWED=NO -collect-test-diagnostics never "-only-testing:NeuroForgeUITests/NavigationSmokeUITests/testGeneratedSetCreatesSeparateRunsAndRestoresSkippedRunThroughColdLaunch" test-without-building

Build settings from command line:
    CODE_SIGNING_ALLOWED = NO

Resolve Package Graph


Resolved source packages:
  SwiftMath: https://github.com/mgriebling/SwiftMath.git @ 1d2c908

2026-09-05 16:18:08.739088-0400 NeuroForgeUITests-Runner[43882:5825814] [Default] Running tests...
objc[43882]: Class UIAccessibilityLoaderWebShared is implemented in both /Library/Developer/CoreSimulator/Volumes/iOS_23F77/Library/Developer/CoreSimulator/Profiles/Runtimes/iOS 26.5.simruntime/Contents/Resources/RuntimeRoot/System/Library/AccessibilityBundles/WebCore.axbundle/WebCore (0x108130310) and /Library/Developer/CoreSimulator/Volumes/iOS_23F77/Library/Developer/CoreSimulator/Profiles/Runtimes/iOS 26.5.simruntime/Contents/Resources/RuntimeRoot/System/Library/AccessibilityBundles/WebKit.axbundle/WebKit (0x108958398). This may cause spurious casting failures and mysterious crashes. One of the duplicates must be removed or renamed.
    t =      nans Interface orientation changed to Portrait
Test Suite 'Selected tests' started at 2026-09-05 16:18:11.245.
Test Suite 'NeuroForgeUITests.xctest' started at 2026-09-05 16:18:11.261.
Test Suite 'NavigationSmokeUITests' started at 2026-09-05 16:18:11.262.
Test Case '-[NeuroForgeUITests.NavigationSmokeUITests testGeneratedSetCreatesSeparateRunsAndRestoresSkippedRunThroughColdLaunch]' started.
    t =     0.00s Start Test at 2026-09-05 16:18:11.263
    t =     0.71s Set Up
    t =     0.72s Open com.zacrotech.NeuroForge
    t =     0.72s     Launch com.zacrotech.NeuroForge
2026-09-05 16:18:12.754 xcodebuild[43852:5825374] [MT] IDELaunchParametersSnapshot: The operation couldn’t be completed. (DebuggerLLDB.DebuggerVersionStore.StoreError error 0.)
2026-09-05 16:18:12.755 xcodebuild[43852:5825374] [MT] IDELaunchParametersSnapshot: no debugger version
    t =     3.19s         Setting up automation session
    t =     4.66s         Wait for com.zacrotech.NeuroForge to idle
    t =     7.55s Waiting 15.0s for "destination-today" Any to exist
    t =     8.63s     Checking `Expect predicate `existsNoRetry == 1` for object "destination-today" Any`
    t =     8.63s         Checking existence of `"destination-today" Any`
    t =     8.90s Tap "Practice" Button
    t =     8.90s     Wait for com.zacrotech.NeuroForge to idle
    t =     8.90s     Find the "Practice" Button
    t =     8.94s     Check for interrupting elements affecting "Practice" Button
    t =     9.09s     Synthesize event
    t =     9.52s     Wait for com.zacrotech.NeuroForge to idle
    t =    10.97s Checking existence of `"open-ai-studio" Any`
    t =    11.04s Get all elements bound by index for: Descendants matching type ScrollView
    t =    11.06s Find the ScrollView (Element at index 0)
    t =    11.10s Swipe up ScrollView at {{0.0, 0.0}, {375.0, 667.0}}
    t =    11.10s     Wait for com.zacrotech.NeuroForge to idle
    t =    11.10s     Find the ScrollView at {{0.0, 0.0}, {375.0, 667.0}}
    t =    11.13s     Check for interrupting elements affecting ScrollView
    t =    11.16s     Synthesize event
    t =    11.62s     Wait for com.zacrotech.NeuroForge to idle
    t =    14.38s Checking existence of `"open-ai-studio" Any`
    t =    14.47s Get all elements bound by index for: Descendants matching type ScrollView
    t =    14.50s Find the ScrollView (Element at index 0)
    t =    14.56s Swipe up ScrollView at {{0.0, 0.0}, {375.0, 667.0}}
    t =    14.56s     Wait for com.zacrotech.NeuroForge to idle
    t =    14.56s     Find the ScrollView at {{0.0, 0.0}, {375.0, 667.0}}
    t =    14.59s     Check for interrupting elements affecting ScrollView
    t =    14.69s     Synthesize event
    t =    15.17s     Wait for com.zacrotech.NeuroForge to idle
    t =    17.27s Checking existence of `"open-ai-studio" Any`
    t =    17.32s Get all elements bound by index for: Descendants matching type ScrollView
    t =    17.35s Find the ScrollView (Element at index 0)
    t =    17.39s Swipe up ScrollView at {{0.0, 0.0}, {375.0, 667.0}}
    t =    17.39s     Wait for com.zacrotech.NeuroForge to idle
    t =    17.40s     Find the ScrollView at {{0.0, 0.0}, {375.0, 667.0}}
    t =    17.43s     Check for interrupting elements affecting ScrollView
    t =    17.47s     Synthesize event
    t =    17.92s     Wait for com.zacrotech.NeuroForge to idle
    t =    20.05s Checking existence of `"open-ai-studio" Any`
    t =    20.11s Find the "open-ai-studio" Any
    t =    20.16s Get all elements bound by index for: Descendants matching type ScrollView
    t =    20.19s Find the ScrollView (Element at index 0)
    t =    20.23s Swipe up ScrollView at {{0.0, 0.0}, {375.0, 667.0}}
    t =    20.23s     Wait for com.zacrotech.NeuroForge to idle
    t =    20.23s     Find the ScrollView at {{0.0, 0.0}, {375.0, 667.0}}
    t =    20.26s     Check for interrupting elements affecting ScrollView
    t =    20.29s     Synthesize event
    t =    20.76s     Wait for com.zacrotech.NeuroForge to idle
    t =    21.65s Checking existence of `"open-ai-studio" Button`
    t =    21.69s Find the "open-ai-studio" Button
    t =    21.74s Find the "open-ai-studio" Button
    t =    21.78s Tap "open-ai-studio" Button
    t =    21.78s     Wait for com.zacrotech.NeuroForge to idle
    t =    21.78s     Find the "open-ai-studio" Button
    t =    21.82s     Check for interrupting elements affecting "open-ai-studio" Button
    t =    21.85s     Synthesize event
    t =    22.14s     Wait for com.zacrotech.NeuroForge to idle
    t =    22.60s Waiting 8.0s for "ai-studio-root" Any to exist
    t =    23.67s     Checking `Expect predicate `existsNoRetry == 1` for object "ai-studio-root" Any`
    t =    23.69s         Checking existence of `"ai-studio-root" Any`
    t =    23.83s Waiting 8.0s for "What do you want to practice?" TextField to exist
    t =    24.90s     Checking `Expect predicate `existsNoRetry == 1` for object "What do you want to practice?" TextField`
    t =    24.90s         Checking existence of `"What do you want to practice?" TextField`
    t =    24.99s Get all elements bound by index for: Descendants matching type ScrollView
    t =    25.04s Find the ScrollView (Element at index 0)
    t =    25.09s Find the Target Application 'com.zacrotech.NeuroForge'
    t =    25.13s Checking existence of `Keyboard (First Match)`
    t =    25.24s Get all elements bound by index for: Descendants matching type NavigationBar
    t =    25.28s Find the NavigationBar (Element at index 0)
    t =    25.34s Find the NavigationBar (Element at index 1)
    t =    25.42s Find the "Create a question set" NavigationBar
    t =    25.47s Find the ScrollView at {{0.0, 30.0}, {375.0, 637.0}}
    t =    25.52s Find the ScrollView at {{0.0, 30.0}, {375.0, 637.0}}
    t =    25.56s Get all elements bound by index for: Descendants matching type TabBar
    t =    25.60s Find the TabBar (Element at index 0)
    t =    25.72s Checking existence of `"What do you want to practice?" TextField`
    t =    25.77s Find the "What do you want to practice?" TextField
    t =    25.82s Checking existence of `"session-submit" Any`
    t =    25.88s Checking existence of `"session-next" Any`
    t =    25.94s Checking existence of `"train-start-practice" Any`
    t =    26.00s Checking existence of `"train-start-graph-construction" Any`
    t =    26.06s Checking existence of `"e.g. limiting reagents, induction proofs, or graph traversal" TextField`
    t =    26.11s Find the "e.g. limiting reagents, induction proofs, or graph traversal" TextField
    t =    26.18s Find the "e.g. limiting reagents, induction proofs, or graph traversal" TextField
    t =    26.23s Find the "e.g. limiting reagents, induction proofs, or graph traversal" TextField
    t =    26.29s Checking existence of `"e.g. limiting reagents, induction proofs, or graph traversal" TextField`
    t =    26.34s Find the "e.g. limiting reagents, induction proofs, or graph traversal" TextField
    t =    26.41s Find the ScrollView at {{0.0, 30.0}, {375.0, 637.0}}
    t =    26.45s Checking existence of `"e.g. limiting reagents, induction proofs, or graph traversal" TextField`
    t =    26.50s Find the "e.g. limiting reagents, induction proofs, or graph traversal" TextField
    t =    26.56s Press Target Application 'com.zacrotech.NeuroForge'[0.00, 0.00] -> (187.5, 559.2) for 0.1 seconds, then drag to Target Application 'com.zacrotech.NeuroForge'[0.00, 0.00] -> (187.5, 536.2) with velocity of 250.00 pixels per second, and then hold for 0.2 seconds 
    t =    26.56s     Wait for com.zacrotech.NeuroForge to idle
    t =    26.56s     Find the Target Application 'com.zacrotech.NeuroForge'
    t =    26.60s     Check for interrupting elements affecting "NeuroForge" Application
    t =    26.65s     Synthesize event
    t =    26.65s         Find the Target Application 'com.zacrotech.NeuroForge'
    t =    26.69s         Find the Target Application 'com.zacrotech.NeuroForge'
    t =    26.73s         Find the Target Application 'com.zacrotech.NeuroForge'
    t =    26.77s         Find the Target Application 'com.zacrotech.NeuroForge'
    t =    26.81s         Find the Target Application 'com.zacrotech.NeuroForge'
    t =    27.45s     Wait for com.zacrotech.NeuroForge to idle
    t =    27.46s Get all elements bound by index for: Descendants matching type ScrollView
    t =    27.52s Find the ScrollView (Element at index 0)
    t =    27.58s Find the Target Application 'com.zacrotech.NeuroForge'
    t =    27.62s Checking existence of `Keyboard (First Match)`
    t =    27.72s Get all elements bound by index for: Descendants matching type NavigationBar
    t =    27.76s Find the NavigationBar (Element at index 0)
    t =    27.82s Find the NavigationBar (Element at index 1)
    t =    27.90s Find the "Create a question set" NavigationBar
    t =    27.96s Find the ScrollView at {{0.0, 30.0}, {375.0, 637.0}}
    t =    28.02s Find the ScrollView at {{0.0, 30.0}, {375.0, 637.0}}
    t =    28.07s Get all elements bound by index for: Descendants matching type TabBar
    t =    28.11s Find the TabBar (Element at index 0)
    t =    28.25s Checking existence of `"e.g. limiting reagents, induction proofs, or graph traversal" TextField`
    t =    28.32s Find the "e.g. limiting reagents, induction proofs, or graph traversal" TextField
    t =    28.38s Checking existence of `"session-submit" Any`
    t =    28.44s Checking existence of `"session-next" Any`
    t =    28.50s Checking existence of `"train-start-practice" Any`
    t =    28.57s Checking existence of `"train-start-graph-construction" Any`
    t =    28.64s Checking existence of `"e.g. limiting reagents, induction proofs, or graph traversal" TextField`
    t =    28.71s Find the "e.g. limiting reagents, induction proofs, or graph traversal" TextField
    t =    28.78s Find the "e.g. limiting reagents, induction proofs, or graph traversal" TextField
    t =    28.84s Find the "e.g. limiting reagents, induction proofs, or graph traversal" TextField
    t =    28.90s Checking existence of `"e.g. limiting reagents, induction proofs, or graph traversal" TextField`
    t =    28.96s Find the "e.g. limiting reagents, induction proofs, or graph traversal" TextField
    t =    29.02s Find the ScrollView at {{0.0, 30.0}, {375.0, 637.0}}
    t =    29.07s Checking existence of `"e.g. limiting reagents, induction proofs, or graph traversal" TextField`
    t =    29.12s Find the "e.g. limiting reagents, induction proofs, or graph traversal" TextField
    t =    29.18s Press Target Application 'com.zacrotech.NeuroForge'[0.00, 0.00] -> (187.5, 556.6) for 0.1 seconds, then drag to Target Application 'com.zacrotech.NeuroForge'[0.00, 0.00] -> (187.5, 540.6) with velocity of 250.00 pixels per second, and then hold for 0.2 seconds 
    t =    29.18s     Wait for com.zacrotech.NeuroForge to idle
    t =    29.18s     Find the Target Application 'com.zacrotech.NeuroForge'
    t =    29.24s     Check for interrupting elements affecting "NeuroForge" Application
    t =    29.29s     Synthesize event
    t =    29.30s         Find the Target Application 'com.zacrotech.NeuroForge'
    t =    29.34s         Find the Target Application 'com.zacrotech.NeuroForge'
    t =    29.38s         Find the Target Application 'com.zacrotech.NeuroForge'
    t =    29.42s         Find the Target Application 'com.zacrotech.NeuroForge'
    t =    29.47s         Find the Target Application 'com.zacrotech.NeuroForge'
    t =    30.10s     Wait for com.zacrotech.NeuroForge to idle
    t =    31.81s Get all elements bound by index for: Descendants matching type ScrollView
    t =    31.91s Find the ScrollView (Element at index 0)
    t =    31.97s Find the Target Application 'com.zacrotech.NeuroForge'
    t =    32.01s Checking existence of `Keyboard (First Match)`
    t =    32.15s Get all elements bound by index for: Descendants matching type NavigationBar
    t =    32.20s Find the NavigationBar (Element at index 0)
    t =    32.27s Find the NavigationBar (Element at index 1)
    t =    32.35s Find the "Create a question set" NavigationBar
    t =    32.41s Find the ScrollView at {{0.0, 30.0}, {375.0, 637.0}}
    t =    32.46s Find the ScrollView at {{0.0, 30.0}, {375.0, 637.0}}
    t =    32.52s Get all elements bound by index for: Descendants matching type TabBar
    t =    32.60s Find the TabBar (Element at index 0)
    t =    32.76s Checking existence of `"e.g. limiting reagents, induction proofs, or graph traversal" TextField`
    t =    32.84s Find the "e.g. limiting reagents, induction proofs, or graph traversal" TextField
    t =    32.90s Checking existence of `"session-submit" Any`
    t =    32.96s Checking existence of `"session-next" Any`
    t =    33.03s Checking existence of `"train-start-practice" Any`
    t =    33.14s Checking existence of `"train-start-graph-construction" Any`
    t =    33.25s Checking existence of `"e.g. limiting reagents, induction proofs, or graph traversal" TextField`
    t =    33.31s Find the "e.g. limiting reagents, induction proofs, or graph traversal" TextField
    t =    33.38s Find the "e.g. limiting reagents, induction proofs, or graph traversal" TextField
    t =    33.45s Find the "e.g. limiting reagents, induction proofs, or graph traversal" TextField
    t =    33.51s Find the "e.g. limiting reagents, induction proofs, or graph traversal" TextField
    t =    33.58s Press "e.g. limiting reagents, induction proofs, or graph traversal" TextField for 0.1 seconds
    t =    33.58s     Wait for com.zacrotech.NeuroForge to idle
    t =    33.58s     Find the "e.g. limiting reagents, induction proofs, or graph traversal" TextField
    t =    33.65s     Check for interrupting elements affecting "e.g. limiting reagents, induction proofs, or graph traversal" TextField
    t =    33.75s     Synthesize event
    t =    34.14s     Wait for com.zacrotech.NeuroForge to idle
    t =    35.71s Waiting 5.0s for Keyboard (First Match) to exist
    t =    36.79s     Checking `Expect predicate `existsNoRetry == 1` for object Keyboard (First Match)`
    t =    36.79s         Checking existence of `Keyboard (First Match)`
    t =    36.82s Type 'Condition reasoning' into "e.g. limiting reagents, induction proofs, or graph traversal" TextField
    t =    36.82s     Wait for com.zacrotech.NeuroForge to idle
    t =    37.57s     Find the "e.g. limiting reagents, induction proofs, or graph traversal" TextField
    t =    37.68s     Check for interrupting elements affecting "e.g. limiting reagents, induction proofs, or graph traversal" TextField
    t =    37.77s     Synthesize event
    t =    38.30s     Wait for com.zacrotech.NeuroForge to idle
    t =    39.81s Checking `Expect predicate `value == "Condition reasoning"` for object "e.g. limiting reagents, induction proofs, or graph traversal" TextField`
    t =    39.81s     Find the "e.g. limiting reagents, induction proofs, or graph traversal" TextField
    t =    39.93s Checking existence of `"Done" Button`
    t =    40.01s Tap "Done" Button
    t =    40.01s     Wait for com.zacrotech.NeuroForge to idle
    t =    40.01s     Find the "Done" Button
    t =    40.09s     Check for interrupting elements affecting "Done" Button
    t =    40.21s     Synthesize event
    t =    40.54s     Wait for com.zacrotech.NeuroForge to idle
    t =    41.68s Checking `Expect predicate `exists == 0` for object Keyboard (First Match)`
    t =    41.69s     Checking existence of `Keyboard (First Match)`
    t =    41.80s Get all elements bound by index for: Descendants matching type ScrollView
    t =    41.85s Find the ScrollView (Element at index 0)
    t =    41.91s Find the Target Application 'com.zacrotech.NeuroForge'
    t =    41.95s Checking existence of `Keyboard (First Match)`
    t =    42.07s Get all elements bound by index for: Descendants matching type NavigationBar
    t =    42.12s Find the NavigationBar (Element at index 0)
    t =    42.17s Find the NavigationBar (Element at index 1)
    t =    42.25s Find the "Create a question set" NavigationBar
    t =    42.31s Find the ScrollView at {{0.0, 30.0}, {375.0, 637.0}}
    t =    42.36s Find the ScrollView at {{0.0, 30.0}, {375.0, 637.0}}
    t =    42.41s Get all elements bound by index for: Descendants matching type TabBar
    t =    42.46s Find the TabBar (Element at index 0)
    t =    42.57s Checking existence of `"ai-studio-create-offline" Button`
    t =    42.62s Find the "ai-studio-create-offline" Button
    t =    42.68s Checking existence of `"session-submit" Any`
    t =    42.75s Checking existence of `"session-next" Any`
    t =    42.81s Checking existence of `"train-start-practice" Any`
    t =    42.88s Checking existence of `"train-start-graph-construction" Any`
    t =    42.95s Checking existence of `"ai-studio-create-offline" Button`
    t =    43.01s Find the "ai-studio-create-offline" Button
    t =    43.08s Checking existence of `"ai-studio-create-offline" Button`
    t =    43.13s Find the "ai-studio-create-offline" Button
    t =    43.19s Find the ScrollView at {{0.0, 30.0}, {375.0, 637.0}}
    t =    43.24s Checking existence of `"ai-studio-create-offline" Button`
    t =    43.30s Find the "ai-studio-create-offline" Button
    t =    43.36s Press Target Application 'com.zacrotech.NeuroForge'[0.00, 0.00] -> (187.5, 548.8) for 0.1 seconds, then drag to Target Application 'com.zacrotech.NeuroForge'[0.00, 0.00] -> (187.5, 218.2) with velocity of 250.00 pixels per second, and then hold for 0.2 seconds 
    t =    43.36s     Wait for com.zacrotech.NeuroForge to idle
    t =    43.37s     Find the Target Application 'com.zacrotech.NeuroForge'
    t =    43.41s     Check for interrupting elements affecting "NeuroForge" Application
    t =    43.47s     Synthesize event
    t =    43.47s         Find the Target Application 'com.zacrotech.NeuroForge'
    t =    43.52s         Find the Target Application 'com.zacrotech.NeuroForge'
    t =    43.56s         Find the Target Application 'com.zacrotech.NeuroForge'
    t =    43.60s         Find the Target Application 'com.zacrotech.NeuroForge'
    t =    43.65s         Find the Target Application 'com.zacrotech.NeuroForge'
    t =    45.51s     Wait for com.zacrotech.NeuroForge to idle
    t =    45.80s Get all elements bound by index for: Descendants matching type ScrollView
    t =    45.88s Find the ScrollView (Element at index 0)
    t =    45.94s Find the Target Application 'com.zacrotech.NeuroForge'
    t =    45.98s Checking existence of `Keyboard (First Match)`
    t =    46.08s Get all elements bound by index for: Descendants matching type NavigationBar
    t =    46.13s Find the NavigationBar (Element at index 0)
    t =    46.19s Find the NavigationBar (Element at index 1)
    t =    46.27s Find the "Create a question set" NavigationBar
    t =    46.32s Find the ScrollView at {{0.0, 30.0}, {375.0, 637.0}}
    t =    46.37s Find the ScrollView at {{0.0, 30.0}, {375.0, 637.0}}
    t =    46.42s Get all elements bound by index for: Descendants matching type TabBar
    t =    46.49s Find the TabBar (Element at index 0)
    t =    46.61s Checking existence of `"ai-studio-create-offline" Button`
    t =    46.66s Find the "ai-studio-create-offline" Button
    t =    46.72s Checking existence of `"session-submit" Any`
    t =    46.78s Checking existence of `"session-next" Any`
    t =    46.85s Checking existence of `"train-start-practice" Any`
    t =    46.92s Checking existence of `"train-start-graph-construction" Any`
    t =    46.99s Checking existence of `"ai-studio-create-offline" Button`
    t =    47.05s Find the "ai-studio-create-offline" Button
    t =    47.13s Checking existence of `"ai-studio-create-offline" Button`
    t =    47.19s Find the "ai-studio-create-offline" Button
    t =    47.25s Find the ScrollView at {{0.0, 30.0}, {375.0, 637.0}}
    t =    47.32s Checking existence of `"ai-studio-create-offline" Button`
    t =    47.38s Find the "ai-studio-create-offline" Button
    t =    47.45s Press Target Application 'com.zacrotech.NeuroForge'[0.00, 0.00] -> (187.5, 548.8) for 0.1 seconds, then drag to Target Application 'com.zacrotech.NeuroForge'[0.00, 0.00] -> (187.5, 312.3) with velocity of 250.00 pixels per second, and then hold for 0.2 seconds 
    t =    47.45s     Wait for com.zacrotech.NeuroForge to idle
    t =    47.45s     Find the Target Application 'com.zacrotech.NeuroForge'
    t =    47.49s     Check for interrupting elements affecting "NeuroForge" Application
    t =    47.55s     Synthesize event
    t =    47.55s         Find the Target Application 'com.zacrotech.NeuroForge'
    t =    47.59s         Find the Target Application 'com.zacrotech.NeuroForge'
    t =    47.63s         Find the Target Application 'com.zacrotech.NeuroForge'
    t =    47.68s         Find the Target Application 'com.zacrotech.NeuroForge'
    t =    47.72s         Find the Target Application 'com.zacrotech.NeuroForge'
    t =    49.22s     Wait for com.zacrotech.NeuroForge to idle
    t =    49.36s Get all elements bound by index for: Descendants matching type ScrollView
    t =    49.41s Find the ScrollView (Element at index 0)
    t =    49.47s Find the Target Application 'com.zacrotech.NeuroForge'
    t =    49.52s Checking existence of `Keyboard (First Match)`
    t =    49.63s Get all elements bound by index for: Descendants matching type NavigationBar
    t =    49.68s Find the NavigationBar (Element at index 0)
    t =    49.74s Find the NavigationBar (Element at index 1)
    t =    49.82s Find the "Create a question set" NavigationBar
    t =    49.87s Find the ScrollView at {{0.0, 30.0}, {375.0, 637.0}}
    t =    49.93s Find the ScrollView at {{0.0, 30.0}, {375.0, 637.0}}
    t =    49.98s Get all elements bound by index for: Descendants matching type TabBar
    t =    50.02s Find the TabBar (Element at index 0)
    t =    50.16s Checking existence of `"ai-studio-create-offline" Button`
    t =    50.23s Find the "ai-studio-create-offline" Button
    t =    50.29s Checking existence of `"session-submit" Any`
    t =    50.35s Checking existence of `"session-next" Any`
    t =    50.41s Checking existence of `"train-start-practice" Any`
    t =    50.47s Checking existence of `"train-start-graph-construction" Any`
    t =    50.54s Checking existence of `"ai-studio-create-offline" Button`
    t =    50.60s Find the "ai-studio-create-offline" Button
    t =    50.68s Find the "ai-studio-create-offline" Button
    t =    50.76s Find the "ai-studio-create-offline" Button
    t =    50.83s Checking existence of `"ai-studio-create-offline" Button`
    t =    50.88s Find the "ai-studio-create-offline" Button
    t =    50.95s Find the ScrollView at {{0.0, 30.0}, {375.0, 637.0}}
    t =    51.00s Checking existence of `"ai-studio-create-offline" Button`
    t =    51.06s Find the "ai-studio-create-offline" Button
    t =    51.13s Press Target Application 'com.zacrotech.NeuroForge'[0.00, 0.00] -> (187.5, 548.8) for 0.1 seconds, then drag to Target Application 'com.zacrotech.NeuroForge'[0.00, 0.00] -> (187.5, 532.8) with velocity of 250.00 pixels per second, and then hold for 0.2 seconds 
    t =    51.13s     Wait for com.zacrotech.NeuroForge to idle
    t =    51.13s     Find the Target Application 'com.zacrotech.NeuroForge'
    t =    51.18s     Check for interrupting elements affecting "NeuroForge" Application
    t =    51.23s     Synthesize event
    t =    51.24s         Find the Target Application 'com.zacrotech.NeuroForge'
    t =    51.28s         Find the Target Application 'com.zacrotech.NeuroForge'
    t =    51.32s         Find the Target Application 'com.zacrotech.NeuroForge'
    t =    51.36s         Find the Target Application 'com.zacrotech.NeuroForge'
    t =    51.41s         Find the Target Application 'com.zacrotech.NeuroForge'
    t =    52.02s     Wait for com.zacrotech.NeuroForge to idle
    t =    52.03s Get all elements bound by index for: Descendants matching type ScrollView
    t =    52.10s Find the ScrollView (Element at index 0)
    t =    52.16s Find the Target Application 'com.zacrotech.NeuroForge'
    t =    52.20s Checking existence of `Keyboard (First Match)`
    t =    52.31s Get all elements bound by index for: Descendants matching type NavigationBar
    t =    52.36s Find the NavigationBar (Element at index 0)
    t =    52.42s Find the NavigationBar (Element at index 1)
    t =    52.50s Find the "Create a question set" NavigationBar
    t =    52.55s Find the ScrollView at {{0.0, 30.0}, {375.0, 637.0}}
    t =    52.60s Find the ScrollView at {{0.0, 30.0}, {375.0, 637.0}}
    t =    52.65s Get all elements bound by index for: Descendants matching type TabBar
    t =    52.70s Find the TabBar (Element at index 0)
    t =    52.81s Checking existence of `"ai-studio-create-offline" Button`
    t =    52.87s Find the "ai-studio-create-offline" Button
    t =    52.93s Checking existence of `"session-submit" Any`
    t =    52.99s Checking existence of `"session-next" Any`
    t =    53.06s Checking existence of `"train-start-practice" Any`
    t =    53.13s Checking existence of `"train-start-graph-construction" Any`
    t =    53.20s Checking existence of `"ai-studio-create-offline" Button`
    t =    53.26s Find the "ai-studio-create-offline" Button
    t =    53.34s Find the "ai-studio-create-offline" Button
    t =    53.44s Find the "ai-studio-create-offline" Button
    t =    53.51s Find the "ai-studio-create-offline" Button
    t =    53.58s Find the "ai-studio-create-offline" Button
    t =    53.64s Tap "ai-studio-create-offline" Button
    t =    53.64s     Wait for com.zacrotech.NeuroForge to idle
    t =    53.65s     Find the "ai-studio-create-offline" Button
    t =    53.71s     Check for interrupting elements affecting "ai-studio-create-offline" Button
    t =    53.76s     Synthesize event
    t =    54.06s     Wait for com.zacrotech.NeuroForge to idle
    t =    54.55s Waiting 30.0s for "Start practice" Button to exist
    t =    55.60s     Checking `Expect predicate `existsNoRetry == 1` for object "Start practice" Button`
    t =    55.61s         Checking existence of `"Start practice" Button`
    t =    55.70s Get all elements bound by index for: Descendants matching type ScrollView
    t =    55.76s Find the ScrollView (Element at index 0)
    t =    55.83s Find the Target Application 'com.zacrotech.NeuroForge'
    t =    55.88s Checking existence of `Keyboard (First Match)`
    t =    56.00s Get all elements bound by index for: Descendants matching type NavigationBar
    t =    56.05s Find the NavigationBar (Element at index 0)
    t =    56.11s Find the NavigationBar (Element at index 1)
    t =    56.20s Find the "Create a question set" NavigationBar
    t =    56.26s Find the ScrollView at {{0.0, 30.0}, {375.0, 637.0}}
    t =    56.33s Find the ScrollView at {{0.0, 30.0}, {375.0, 637.0}}
    t =    56.41s Get all elements bound by index for: Descendants matching type TabBar
    t =    56.47s Find the TabBar (Element at index 0)
    t =    56.67s Checking existence of `"Start practice" Button`
    t =    56.74s Find the "Start practice" Button
    t =    56.81s Checking existence of `"session-submit" Any`
    t =    56.89s Checking existence of `"session-next" Any`
    t =    56.96s Checking existence of `"train-start-practice" Any`
    t =    57.03s Checking existence of `"train-start-graph-construction" Any`
    t =    57.10s Checking existence of `"Start practice" Button`
    t =    57.18s Find the "Start practice" Button
    t =    57.26s Find the "Start practice" Button
    t =    57.34s Find the "Start practice" Button
    t =    57.43s Find the "Start practice" Button
    t =    57.50s Tap "Start practice" Button
    t =    57.50s     Wait for com.zacrotech.NeuroForge to idle
    t =    57.50s     Find the "Start practice" Button
    t =    57.59s     Check for interrupting elements affecting "Start practice" Button
    t =    57.65s     Synthesize event
    t =    57.95s     Wait for com.zacrotech.NeuroForge to idle
    t =    58.70s Waiting 10.0s for "ai-practice-prompt" Any to exist
    t =    59.70s     Checking `Expect predicate `existsNoRetry == 1` for object "ai-practice-prompt" Any`
    t =    59.71s         Checking existence of `"ai-practice-prompt" Any`
    t =    59.89s Find the "ai-practice-prompt" Any
    t =    59.98s Find the "ai-practice-position" Any
    t =    60.09s Find the "Session actions" Button
    t =    60.19s Tap "Session actions" Button
    t =    60.19s     Wait for com.zacrotech.NeuroForge to idle
    t =    60.19s     Find the "Session actions" Button
    t =    60.28s     Check for interrupting elements affecting "Session actions" Button
    t =    60.36s     Synthesize event
    t =    60.66s     Wait for com.zacrotech.NeuroForge to idle
    t =    61.96s Waiting 5.0s for "Skip" Button to exist
    t =    62.97s     Checking `Expect predicate `existsNoRetry == 1` for object "Skip" Button`
    t =    62.98s         Checking existence of `"Skip" Button`
    t =    63.24s Find the "Skip" Button
    t =    63.32s Tap "Skip" Button
    t =    63.32s     Wait for com.zacrotech.NeuroForge to idle
    t =    63.33s     Find the "Skip" Button
    t =    63.41s     Check for interrupting elements affecting "Skip" Button
    t =    63.59s     Synthesize event
    t =    63.91s     Wait for com.zacrotech.NeuroForge to idle
    t =    66.83s Checking `Expect predicate `label == "2 / 5"` for object "ai-practice-position" StaticText`
    t =    66.84s     Find the "ai-practice-position" StaticText
    t =    67.08s Find the "ai-practice-prompt" StaticText
    t =    67.18s Tap "Save and close" Button
    t =    67.18s     Wait for com.zacrotech.NeuroForge to idle
    t =    67.19s     Find the "Save and close" Button
    t =    67.28s     Check for interrupting elements affecting "Save and close" Button
    t =    67.42s     Synthesize event
    t =    67.75s     Wait for com.zacrotech.NeuroForge to idle
    t =    68.57s Waiting 8.0s for "Start a new session" Button to exist
    t =    69.63s     Checking `Expect predicate `existsNoRetry == 1` for object "Start a new session" Button`
    t =    69.64s         Checking existence of `"Start a new session" Button`
    t =    69.75s Get all elements bound by index for: Descendants matching type ScrollView
    t =    69.82s Find the ScrollView (Element at index 0)
    t =    69.90s Find the Target Application 'com.zacrotech.NeuroForge'
    t =    69.95s Checking existence of `Keyboard (First Match)`
    t =    70.08s Get all elements bound by index for: Descendants matching type NavigationBar
    t =    70.13s Find the NavigationBar (Element at index 0)
    t =    70.20s Find the NavigationBar (Element at index 1)
    t =    70.28s Find the "Create a question set" NavigationBar
    t =    70.34s Find the ScrollView at {{0.0, 30.0}, {375.0, 637.0}}
    t =    70.40s Find the ScrollView at {{0.0, 30.0}, {375.0, 637.0}}
    t =    70.46s Get all elements bound by index for: Descendants matching type TabBar
    t =    70.52s Find the TabBar (Element at index 0)
    t =    70.74s Checking existence of `"Start a new session" Button`
    t =    70.80s Find the "Start a new session" Button
    t =    70.87s Checking existence of `"session-submit" Any`
    t =    70.94s Checking existence of `"session-next" Any`
    t =    71.02s Checking existence of `"train-start-practice" Any`
    t =    71.09s Checking existence of `"train-start-graph-construction" Any`
    t =    71.17s Checking existence of `"Start a new session" Button`
    t =    71.23s Find the "Start a new session" Button
    t =    71.31s Find the "Start a new session" Button
    t =    71.39s Find the "Start a new session" Button
    t =    71.46s Checking existence of `"Start a new session" Button`
    t =    71.52s Find the "Start a new session" Button
    t =    71.60s Find the ScrollView at {{0.0, 30.0}, {375.0, 637.0}}
    t =    71.66s Checking existence of `"Start a new session" Button`
    t =    71.73s Find the "Start a new session" Button
    t =    71.80s Press Target Application 'com.zacrotech.NeuroForge'[0.00, 0.00] -> (187.5, 548.8) for 0.1 seconds, then drag to Target Application 'com.zacrotech.NeuroForge'[0.00, 0.00] -> (187.5, 532.8) with velocity of 250.00 pixels per second, and then hold for 0.2 seconds 
    t =    71.80s     Wait for com.zacrotech.NeuroForge to idle
    t =    71.81s     Find the Target Application 'com.zacrotech.NeuroForge'
    t =    71.86s     Check for interrupting elements affecting "NeuroForge" Application
    t =    71.92s     Synthesize event
    t =    71.92s         Find the Target Application 'com.zacrotech.NeuroForge'
    t =    71.97s         Find the Target Application 'com.zacrotech.NeuroForge'
    t =    72.02s         Find the Target Application 'com.zacrotech.NeuroForge'
    t =    72.07s         Find the Target Application 'com.zacrotech.NeuroForge'
    t =    72.12s         Find the Target Application 'com.zacrotech.NeuroForge'
    t =    72.75s     Wait for com.zacrotech.NeuroForge to idle
    t =    73.01s Get all elements bound by index for: Descendants matching type ScrollView
    t =    73.09s Find the ScrollView (Element at index 0)
    t =    73.16s Find the Target Application 'com.zacrotech.NeuroForge'
    t =    73.21s Checking existence of `Keyboard (First Match)`
    t =    73.34s Get all elements bound by index for: Descendants matching type NavigationBar
    t =    73.40s Find the NavigationBar (Element at index 0)
    t =    73.46s Find the NavigationBar (Element at index 1)
    t =    73.55s Find the "Create a question set" NavigationBar
    t =    73.61s Find the ScrollView at {{0.0, 30.0}, {375.0, 637.0}}
    t =    73.67s Find the ScrollView at {{0.0, 30.0}, {375.0, 637.0}}
    t =    73.72s Get all elements bound by index for: Descendants matching type TabBar
    t =    73.78s Find the TabBar (Element at index 0)
    t =    74.00s Checking existence of `"Start a new session" Button`
    t =    74.06s Find the "Start a new session" Button
    t =    74.13s Checking existence of `"session-submit" Any`
    t =    74.20s Checking existence of `"session-next" Any`
    t =    74.27s Checking existence of `"train-start-practice" Any`
    t =    74.34s Checking existence of `"train-start-graph-construction" Any`
    t =    74.42s Checking existence of `"Start a new session" Button`
    t =    74.49s Find the "Start a new session" Button
    t =    74.58s Find the "Start a new session" Button
    t =    74.65s Find the "Start a new session" Button
    t =    74.72s Checking existence of `"Start a new session" Button`
    t =    74.79s Find the "Start a new session" Button
    t =    74.87s Find the ScrollView at {{0.0, 30.0}, {375.0, 637.0}}
    t =    74.93s Checking existence of `"Start a new session" Button`
    t =    75.00s Find the "Start a new session" Button
    t =    75.08s Press Target Application 'com.zacrotech.NeuroForge'[0.00, 0.00] -> (187.5, 548.8) for 0.1 seconds, then drag to Target Application 'com.zacrotech.NeuroForge'[0.00, 0.00] -> (187.5, 532.8) with velocity of 250.00 pixels per second, and then hold for 0.2 seconds 
    t =    75.08s     Wait for com.zacrotech.NeuroForge to idle
    t =    75.08s     Find the Target Application 'com.zacrotech.NeuroForge'
    t =    75.14s     Check for interrupting elements affecting "NeuroForge" Application
    t =    75.20s     Synthesize event
    t =    75.20s         Find the Target Application 'com.zacrotech.NeuroForge'
    t =    75.25s         Find the Target Application 'com.zacrotech.NeuroForge'
    t =    75.31s         Find the Target Application 'com.zacrotech.NeuroForge'
    t =    75.36s         Find the Target Application 'com.zacrotech.NeuroForge'
    t =    75.41s         Find the Target Application 'com.zacrotech.NeuroForge'
    t =    76.04s     Wait for com.zacrotech.NeuroForge to idle
    t =    76.04s Get all elements bound by index for: Descendants matching type ScrollView
    t =    76.12s Find the ScrollView (Element at index 0)
    t =    76.19s Find the Target Application 'com.zacrotech.NeuroForge'
    t =    76.23s Checking existence of `Keyboard (First Match)`
    t =    76.36s Get all elements bound by index for: Descendants matching type NavigationBar
    t =    76.42s Find the NavigationBar (Element at index 0)
    t =    76.49s Find the NavigationBar (Element at index 1)
    t =    76.60s Find the "Create a question set" NavigationBar
    t =    76.66s Find the ScrollView at {{0.0, 30.0}, {375.0, 637.0}}
    t =    76.72s Find the ScrollView at {{0.0, 30.0}, {375.0, 637.0}}
    t =    76.78s Get all elements bound by index for: Descendants matching type TabBar
    t =    76.84s Find the TabBar (Element at index 0)
    t =    77.05s Checking existence of `"Start a new session" Button`
    t =    77.13s Find the "Start a new session" Button
    t =    77.20s Checking existence of `"session-submit" Any`
    t =    77.27s Checking existence of `"session-next" Any`
    t =    77.35s Checking existence of `"train-start-practice" Any`
    t =    77.42s Checking existence of `"train-start-graph-construction" Any`
    t =    77.50s Checking existence of `"Start a new session" Button`
    t =    77.57s Find the "Start a new session" Button
    t =    77.65s Find the "Start a new session" Button
    t =    77.72s Find the "Start a new session" Button
    t =    77.79s Tap "Start a new session" Button
    t =    77.79s     Wait for com.zacrotech.NeuroForge to idle
    t =    77.80s     Find the "Start a new session" Button
    t =    77.86s     Check for interrupting elements affecting "Start a new session" Button
    t =    77.93s     Synthesize event
    t =    78.23s     Wait for com.zacrotech.NeuroForge to idle
    t =    78.86s Waiting 8.0s for "ai-practice-prompt" StaticText to exist
    t =    79.90s     Checking `Expect predicate `existsNoRetry == 1` for object "ai-practice-prompt" StaticText`
    t =    79.91s         Checking existence of `"ai-practice-prompt" StaticText`
    t =    80.03s Find the "ai-practice-position" StaticText
    t =    80.12s Find the "ai-practice-prompt" StaticText
    t =    80.22s Tap "Save and close" Button
    t =    80.22s     Wait for com.zacrotech.NeuroForge to idle
    t =    80.22s     Find the "Save and close" Button
    t =    80.31s     Check for interrupting elements affecting "Save and close" Button
    t =    80.39s     Synthesize event
    t =    80.69s     Wait for com.zacrotech.NeuroForge to idle
    t =    81.26s Terminate com.zacrotech.NeuroForge:43951
    t =    82.27s Open com.zacrotech.NeuroForge
    t =    82.27s     Launch com.zacrotech.NeuroForge
2026-09-05 16:19:33.558 xcodebuild[43852:5825374] [MT] IDELaunchParametersSnapshot: The operation couldn’t be completed. (DebuggerLLDB.DebuggerVersionStore.StoreError error 0.)
2026-09-05 16:19:33.558 xcodebuild[43852:5825374] [MT] IDELaunchParametersSnapshot: no debugger version
    t =    82.92s         Setting up automation session
    t =    84.36s         Wait for com.zacrotech.NeuroForge to idle
    t =    88.34s Waiting 15.0s for "destination-today" Any to exist
    t =    89.42s     Checking `Expect predicate `existsNoRetry == 1` for object "destination-today" Any`
    t =    89.42s         Checking existence of `"destination-today" Any`
    t =    89.62s Get all elements bound by index for: Descendants matching type ScrollView
    t =    89.64s Find the ScrollView (Element at index 0)
    t =    89.69s Find the Target Application 'com.zacrotech.NeuroForge'
    t =    89.71s Checking existence of `Keyboard (First Match)`
    t =    89.78s Get all elements bound by index for: Descendants matching type NavigationBar
    t =    89.80s Find the NavigationBar (Element at index 0)
    t =    89.85s Find the "Today" NavigationBar
    t =    89.88s Find the ScrollView at {{0.0, 0.0}, {375.0, 667.0}}
    t =    89.91s Find the ScrollView at {{0.0, 0.0}, {375.0, 667.0}}
    t =    89.94s Get all elements bound by index for: Descendants matching type TabBar
    t =    89.97s Find the TabBar (Element at index 0)
    t =    90.00s Find the "Tab Bar" TabBar
    t =    90.03s Checking existence of `"Continue session" Button`
    t =    90.09s Find the "Continue session" Button
    t =    90.13s Checking existence of `"session-submit" Any`
    t =    90.16s Checking existence of `"session-next" Any`
    t =    90.20s Checking existence of `"train-start-practice" Any`
    t =    90.23s Checking existence of `"train-start-graph-construction" Any`
    t =    90.27s Checking existence of `"Continue session" Button`
    t =    90.31s Find the "Continue session" Button
    t =    90.37s Find the "Continue session" Button
    t =    90.42s Find the "Continue session" Button
    t =    90.46s Tap "Continue session" Button
    t =    90.46s     Wait for com.zacrotech.NeuroForge to idle
    t =    90.47s     Find the "Continue session" Button
    t =    90.51s     Check for interrupting elements affecting "Continue session" Button
    t =    90.56s     Synthesize event
    t =    90.87s     Wait for com.zacrotech.NeuroForge to idle
    t =    92.02s Waiting 8.0s for "Resume" Button to exist
    t =    93.08s     Checking `Expect predicate `existsNoRetry == 1` for object "Resume" Button`
    t =    93.10s         Checking existence of `"Resume" Button`
    t =    93.22s Tap "Resume" Button
    t =    93.22s     Wait for com.zacrotech.NeuroForge to idle
    t =    93.22s     Find the "Resume" Button
    t =    93.29s     Check for interrupting elements affecting "Resume" Button
    t =    93.36s     Synthesize event
    t =    93.68s     Wait for com.zacrotech.NeuroForge to idle
    t =    93.69s Waiting 8.0s for "ai-practice-prompt" StaticText to exist
    t =    94.69s     Checking `Expect predicate `existsNoRetry == 1` for object "ai-practice-prompt" StaticText`
    t =    94.70s         Checking existence of `"ai-practice-prompt" StaticText`
    t =    94.80s Find the "ai-practice-prompt" StaticText
    t =    94.87s Find the "ai-practice-position" StaticText
    t =    94.93s Tap "Session actions" Button
    t =    94.93s     Wait for com.zacrotech.NeuroForge to idle
    t =    94.93s     Find the "Session actions" Button
    t =    94.99s     Check for interrupting elements affecting "Session actions" Button
    t =    95.04s     Synthesize event
    t =    95.35s     Wait for com.zacrotech.NeuroForge to idle
    t =    96.58s Tap "End session" Button
    t =    96.58s     Wait for com.zacrotech.NeuroForge to idle
    t =    96.58s     Find the "End session" Button
    t =    96.68s     Check for interrupting elements affecting "End session" Button
    t =    96.74s     Synthesize event
    t =    97.04s     Wait for com.zacrotech.NeuroForge to idle
    t =    98.28s Waiting 8.0s for "ai-practice-summary" Any to exist
    t =    99.31s     Checking `Expect predicate `existsNoRetry == 1` for object "ai-practice-summary" Any`
    t =    99.31s         Checking existence of `"ai-practice-summary" Any`
    t =    99.39s Find the "ai-practice-summary" Any
    t =    99.44s Tap "Done" Button
    t =    99.44s     Wait for com.zacrotech.NeuroForge to idle
    t =    99.44s     Find the "Done" Button
    t =    99.49s     Check for interrupting elements affecting "Done" Button
    t =    99.54s     Synthesize event
    t =    99.84s     Wait for com.zacrotech.NeuroForge to idle
    t =   100.24s Get all elements bound by index for: Descendants matching type ScrollView
    t =   100.27s Find the ScrollView (Element at index 0)
    t =   100.31s Find the Target Application 'com.zacrotech.NeuroForge'
    t =   100.34s Checking existence of `Keyboard (First Match)`
    t =   100.41s Get all elements bound by index for: Descendants matching type NavigationBar
    t =   100.44s Find the NavigationBar (Element at index 0)
    t =   100.51s Find the "Today" NavigationBar
    t =   100.60s Find the ScrollView at {{0.0, 0.0}, {375.0, 667.0}}
    t =   100.64s Find the ScrollView at {{0.0, 0.0}, {375.0, 667.0}}
    t =   100.68s Get all elements bound by index for: Descendants matching type TabBar
    t =   100.71s Find the TabBar (Element at index 0)
    t =   100.75s Find the "Tab Bar" TabBar
    t =   100.78s Checking existence of `"Continue session" Button`
    t =   100.83s Find the "Continue session" Button
    t =   100.87s Checking existence of `"session-submit" Any`
    t =   100.90s Checking existence of `"session-next" Any`
    t =   100.94s Checking existence of `"train-start-practice" Any`
    t =   100.97s Checking existence of `"train-start-graph-construction" Any`
    t =   101.01s Checking existence of `"Continue session" Button`
    t =   101.05s Find the "Continue session" Button
    t =   101.10s Find the "Continue session" Button
    t =   101.15s Find the "Continue session" Button
    t =   101.21s Tap "Continue session" Button
    t =   101.21s     Wait for com.zacrotech.NeuroForge to idle
    t =   101.21s     Find the "Continue session" Button
    t =   101.25s     Check for interrupting elements affecting "Continue session" Button
    t =   101.29s     Synthesize event
    t =   101.59s     Wait for com.zacrotech.NeuroForge to idle
    t =   101.66s Waiting 8.0s for "Resume" Button to exist
    t =   102.67s     Checking `Expect predicate `existsNoRetry == 1` for object "Resume" Button`
    t =   102.67s         Checking existence of `"Resume" Button`
    t =   102.74s Tap "Resume" Button
    t =   102.74s     Wait for com.zacrotech.NeuroForge to idle
    t =   102.75s     Find the "Resume" Button
    t =   102.82s     Check for interrupting elements affecting "Resume" Button
    t =   102.87s     Synthesize event
    t =   103.17s     Wait for com.zacrotech.NeuroForge to idle
    t =   103.18s Waiting 8.0s for "ai-practice-prompt" StaticText to exist
    t =   104.19s     Checking `Expect predicate `existsNoRetry == 1` for object "ai-practice-prompt" StaticText`
    t =   104.19s         Checking existence of `"ai-practice-prompt" StaticText`
    t =   104.26s Find the "ai-practice-prompt" StaticText
    t =   104.32s Find the "ai-practice-position" StaticText
    t =   104.37s Tap "Session actions" Button
    t =   104.37s     Wait for com.zacrotech.NeuroForge to idle
    t =   104.38s     Find the "Session actions" Button
    t =   104.43s     Check for interrupting elements affecting "Session actions" Button
    t =   104.48s     Synthesize event
    t =   104.78s     Wait for com.zacrotech.NeuroForge to idle
    t =   105.74s Tap "End session" Button
    t =   105.74s     Wait for com.zacrotech.NeuroForge to idle
    t =   105.74s     Find the "End session" Button
    t =   105.80s     Check for interrupting elements affecting "End session" Button
    t =   105.85s     Synthesize event
    t =   106.15s     Wait for com.zacrotech.NeuroForge to idle
    t =   107.54s Waiting 8.0s for "ai-practice-summary" StaticText to exist
    t =   108.55s     Checking `Expect predicate `existsNoRetry == 1` for object "ai-practice-summary" StaticText`
    t =   108.55s         Checking existence of `"ai-practice-summary" StaticText`
    t =   108.64s         Capturing element debug description
    t =   108.64s             Requesting snapshot of accessibility hierarchy for app with pid 44635
    t =   108.77s             Find: Descendants matching type Any
    t =   108.77s             Find: Elements matching predicate '"ai-practice-summary" IN identifiers'
    t =   108.78s             Requesting snapshot of accessibility hierarchy for app with pid 44635
    t =   108.90s             Find: Descendants matching type Any
    t =   108.90s             Requesting snapshot of accessibility hierarchy for app with pid 44635
    t =   110.64s     Checking `Expect predicate `existsNoRetry == 1` for object "ai-practice-summary" StaticText`
    t =   110.66s         Checking existence of `"ai-practice-summary" StaticText`
    t =   110.74s         Capturing element debug description
    t =   110.75s             Requesting snapshot of accessibility hierarchy for app with pid 44635
    t =   110.80s             Find: Descendants matching type Any
    t =   110.80s             Find: Elements matching predicate '"ai-practice-summary" IN identifiers'
    t =   110.81s             Requesting snapshot of accessibility hierarchy for app with pid 44635
    t =   110.85s             Find: Descendants matching type Any
    t =   110.86s             Requesting snapshot of accessibility hierarchy for app with pid 44635
    t =   111.58s     Checking `Expect predicate `existsNoRetry == 1` for object "ai-practice-summary" StaticText`
    t =   111.59s         Checking existence of `"ai-practice-summary" StaticText`
    t =   111.64s         Capturing element debug description
    t =   111.64s             Requesting snapshot of accessibility hierarchy for app with pid 44635
    t =   111.68s             Find: Descendants matching type Any
    t =   111.69s             Find: Elements matching predicate '"ai-practice-summary" IN identifiers'
    t =   111.69s             Requesting snapshot of accessibility hierarchy for app with pid 44635
    t =   111.74s             Find: Descendants matching type Any
    t =   111.74s             Requesting snapshot of accessibility hierarchy for app with pid 44635
    t =   112.62s     Checking `Expect predicate `existsNoRetry == 1` for object "ai-practice-summary" StaticText`
    t =   112.62s         Checking existence of `"ai-practice-summary" StaticText`
    t =   112.66s         Capturing element debug description
    t =   112.66s             Requesting snapshot of accessibility hierarchy for app with pid 44635
    t =   112.70s             Find: Descendants matching type Any
    t =   112.71s             Find: Elements matching predicate '"ai-practice-summary" IN identifiers'
    t =   112.71s             Requesting snapshot of accessibility hierarchy for app with pid 44635
    t =   112.75s             Find: Descendants matching type Any
    t =   112.76s             Requesting snapshot of accessibility hierarchy for app with pid 44635
    t =   113.55s     Checking `Expect predicate `existsNoRetry == 1` for object "ai-practice-summary" StaticText`
    t =   113.55s         Checking existence of `"ai-practice-summary" StaticText`
    t =   113.59s         Capturing element debug description
    t =   113.59s             Requesting snapshot of accessibility hierarchy for app with pid 44635
    t =   113.64s             Find: Descendants matching type Any
    t =   113.64s             Find: Elements matching predicate '"ai-practice-summary" IN identifiers'
    t =   113.65s             Requesting snapshot of accessibility hierarchy for app with pid 44635
    t =   113.69s             Find: Descendants matching type Any
    t =   113.69s             Requesting snapshot of accessibility hierarchy for app with pid 44635
    t =   114.55s     Checking `Expect predicate `existsNoRetry == 1` for object "ai-practice-summary" StaticText`
    t =   114.56s         Checking existence of `"ai-practice-summary" StaticText`
    t =   114.60s         Capturing element debug description
    t =   114.60s             Requesting snapshot of accessibility hierarchy for app with pid 44635
    t =   114.65s             Find: Descendants matching type Any
    t =   114.65s             Find: Elements matching predicate '"ai-practice-summary" IN identifiers'
    t =   114.66s             Requesting snapshot of accessibility hierarchy for app with pid 44635
    t =   114.70s             Find: Descendants matching type Any
    t =   114.71s             Requesting snapshot of accessibility hierarchy for app with pid 44635
    t =   115.55s     Checking `Expect predicate `existsNoRetry == 1` for object "ai-practice-summary" StaticText`
    t =   115.55s         Checking existence of `"ai-practice-summary" StaticText`
    t =   115.60s         Capturing element debug description
    t =   115.60s             Requesting snapshot of accessibility hierarchy for app with pid 44635
    t =   115.66s             Find: Descendants matching type Any
    t =   115.66s             Find: Elements matching predicate '"ai-practice-summary" IN identifiers'
    t =   115.66s             Requesting snapshot of accessibility hierarchy for app with pid 44635
    t =   115.71s             Find: Descendants matching type Any
    t =   115.71s             Requesting snapshot of accessibility hierarchy for app with pid 44635
    t =   116.04s     Checking existence of `"ai-practice-summary" StaticText`
    t =   116.08s Collecting debug information to assist test failure triage
    t =   116.08s     Requesting snapshot of accessibility hierarchy for app with pid 44635
/Users/takamimarsh/Developer/Projects/Zacro Tech/NeuroForge/UITests/NavigationSmokeUITests.swift:512: error: -[NeuroForgeUITests.NavigationSmokeUITests testGeneratedSetCreatesSeparateRunsAndRestoresSkippedRunThroughColdLaunch] : XCTAssertTrue failed
    t =   116.88s Tear Down
Test Case '-[NeuroForgeUITests.NavigationSmokeUITests testGeneratedSetCreatesSeparateRunsAndRestoresSkippedRunThroughColdLaunch]' failed (117.477 seconds).
Test Suite 'NavigationSmokeUITests' failed at 2026-09-05 16:20:08.741.
	 Executed 1 test, with 1 failure (0 unexpected) in 117.477 (117.479) seconds
Test Suite 'NeuroForgeUITests.xctest' failed at 2026-09-05 16:20:08.743.
	 Executed 1 test, with 1 failure (0 unexpected) in 117.477 (117.481) seconds
Test Suite 'Selected tests' failed at 2026-09-05 16:20:08.743.
	 Executed 1 test, with 1 failure (0 unexpected) in 117.477 (117.498) seconds
2026-09-05 16:20:09.624 xcodebuild[43852:5825374] [MT] IDETestOperationsObserverDebug: 124.044 elapsed -- Testing started completed.
2026-09-05 16:20:09.624 xcodebuild[43852:5825374] [MT] IDETestOperationsObserverDebug: 0.000 sec, +0.000 sec -- start
2026-09-05 16:20:09.624 xcodebuild[43852:5825374] [MT] IDETestOperationsObserverDebug: 124.044 sec, +124.044 sec -- end

Test session results, code coverage, and logs:
	/tmp/NeuroForge-improvement-ios/Logs/Test/Test-NeuroForgeUISmoke-2026.09.05_16-18-04--0400.xcresult

Failing tests:
	NavigationSmokeUITests.testGeneratedSetCreatesSeparateRunsAndRestoresSkippedRunThroughColdLaunch()

** TEST EXECUTE FAILED **

Testing started
