Command line invocation:
    /Applications/Xcode.app/Contents/Developer/usr/bin/xcodebuild -project NeuroForge.xcodeproj -scheme NeuroForgeUISmoke -destination "platform=iOS Simulator,id=064C7C8F-D941-4D8C-9B55-958F4123AF02" -derivedDataPath /tmp/NeuroForge-improvement-ios -resultBundlePath /tmp/nf-generated-submit-f4-installed-20260905.xcresult -collect-test-diagnostics never "-only-testing:NeuroForgeUITests/NavigationSmokeUITests/testGeneratedSetCreatesSeparateRunsAndRestoresSkippedRunThroughColdLaunch" CODE_SIGNING_ALLOWED=NO test-without-building

Build settings from command line:
    CODE_SIGNING_ALLOWED = NO

Resolve Package Graph


Resolved source packages:
  SwiftMath: https://github.com/mgriebling/SwiftMath.git @ 1d2c908

Writing result bundle at path:
	/tmp/nf-generated-submit-f4-installed-20260905.xcresult

2026-09-05 18:48:50.413790-0400 NeuroForgeUITests-Runner[10123:6404799] [Default] Running tests...
    t =      nans Interface orientation changed to Portrait
Test Suite 'Selected tests' started at 2026-09-05 18:48:51.485.
Test Suite 'NeuroForgeUITests.xctest' started at 2026-09-05 18:48:51.486.
Test Suite 'NavigationSmokeUITests' started at 2026-09-05 18:48:51.486.
Test Case '-[NeuroForgeUITests.NavigationSmokeUITests testGeneratedSetCreatesSeparateRunsAndRestoresSkippedRunThroughColdLaunch]' started.
    t =     0.00s Start Test at 2026-09-05 18:48:51.487
    t =     0.09s Set Up
    t =     0.09s Open com.zacrotech.NeuroForge
    t =     0.09s     Launch com.zacrotech.NeuroForge
2026-09-05 18:48:52.067 xcodebuild[10087:6404366] [MT] IDELaunchParametersSnapshot: The operation couldn’t be completed. (DebuggerLLDB.DebuggerVersionStore.StoreError error 0.)
2026-09-05 18:48:52.067 xcodebuild[10087:6404366] [MT] IDELaunchParametersSnapshot: no debugger version
objc[10123]: Class UIAccessibilityLoaderWebShared is implemented in both /Library/Developer/CoreSimulator/Volumes/iOS_23F77/Library/Developer/CoreSimulator/Profiles/Runtimes/iOS 26.5.simruntime/Contents/Resources/RuntimeRoot/System/Library/AccessibilityBundles/WebCore.axbundle/WebCore (0x106620310) and /Library/Developer/CoreSimulator/Volumes/iOS_23F77/Library/Developer/CoreSimulator/Profiles/Runtimes/iOS 26.5.simruntime/Contents/Resources/RuntimeRoot/System/Library/AccessibilityBundles/WebKit.axbundle/WebKit (0x10669c398). This may cause spurious casting failures and mysterious crashes. One of the duplicates must be removed or renamed.
    t =     2.16s         Setting up automation session
    t =     3.22s         Wait for com.zacrotech.NeuroForge to idle
    t =     5.99s Waiting 15.0s for "destination-today" Any to exist
    t =     7.06s     Checking `Expect predicate `existsNoRetry == 1` for object "destination-today" Any`
    t =     7.06s         Checking existence of `"destination-today" Any`
    t =     7.26s Waiting 5.0s for "Practice" Button to exist
    t =     8.34s     Checking `Expect predicate `existsNoRetry == 1` for object "Practice" Button`
    t =     8.34s         Checking existence of `"Practice" Button`
    t =     8.38s Find the "Practice" Button
    t =     8.43s Find the "Practice" Button
    t =     8.47s Press "Practice" Button for 0.1 seconds
    t =     8.47s     Wait for com.zacrotech.NeuroForge to idle
    t =     8.47s     Find the "Practice" Button
    t =     8.51s     Check for interrupting elements affecting "Practice" Button
    t =     8.61s     Synthesize event
    t =     9.02s     Wait for com.zacrotech.NeuroForge to idle
    t =    10.68s Waiting 8.0s for "destination-train" Any to exist
    t =    11.76s     Checking `Expect predicate `existsNoRetry == 1` for object "destination-train" Any`
    t =    11.77s         Checking existence of `"destination-train" Any`
    t =    11.84s Find the "Practice" Button
    t =    11.87s Checking existence of `"open-ai-studio" Any`
    t =    11.90s Get all elements bound by index for: Descendants matching type ScrollView
    t =    11.93s Find the ScrollView (Element at index 0)
    t =    11.97s Swipe up ScrollView at {{0.0, 0.0}, {375.0, 667.0}}
    t =    11.97s     Wait for com.zacrotech.NeuroForge to idle
    t =    11.97s     Find the ScrollView at {{0.0, 0.0}, {375.0, 667.0}}
    t =    12.00s     Check for interrupting elements affecting ScrollView
    t =    12.04s     Synthesize event
    t =    12.50s     Wait for com.zacrotech.NeuroForge to idle
    t =    14.61s Checking existence of `"open-ai-studio" Any`
    t =    14.65s Get all elements bound by index for: Descendants matching type ScrollView
    t =    14.68s Find the ScrollView (Element at index 0)
    t =    14.73s Swipe up ScrollView at {{0.0, 0.0}, {375.0, 667.0}}
    t =    14.73s     Wait for com.zacrotech.NeuroForge to idle
    t =    14.99s     Find the ScrollView at {{0.0, 0.0}, {375.0, 667.0}}
    t =    15.03s     Check for interrupting elements affecting ScrollView
    t =    15.07s     Synthesize event
    t =    15.59s     Wait for com.zacrotech.NeuroForge to idle
    t =    17.69s Checking existence of `"open-ai-studio" Any`
    t =    17.74s Get all elements bound by index for: Descendants matching type ScrollView
    t =    17.77s Find the ScrollView (Element at index 0)
    t =    17.81s Swipe up ScrollView at {{0.0, 0.0}, {375.0, 667.0}}
    t =    17.81s     Wait for com.zacrotech.NeuroForge to idle
    t =    18.28s     Find the ScrollView at {{0.0, 0.0}, {375.0, 667.0}}
    t =    18.32s     Check for interrupting elements affecting ScrollView
    t =    18.35s     Synthesize event
    t =    18.81s     Wait for com.zacrotech.NeuroForge to idle
    t =    21.35s Checking existence of `"open-ai-studio" Any`
    t =    21.39s Find the "open-ai-studio" Any
    t =    21.44s Get all elements bound by index for: Descendants matching type ScrollView
    t =    21.47s Find the ScrollView (Element at index 0)
    t =    21.51s Swipe up ScrollView at {{0.0, 0.0}, {375.0, 667.0}}
    t =    21.51s     Wait for com.zacrotech.NeuroForge to idle
    t =    21.51s     Find the ScrollView at {{0.0, 0.0}, {375.0, 667.0}}
    t =    21.54s     Check for interrupting elements affecting ScrollView
    t =    21.57s     Synthesize event
    t =    22.03s     Wait for com.zacrotech.NeuroForge to idle
    t =    23.25s Checking existence of `"open-ai-studio" Button`
    t =    23.28s Find the "open-ai-studio" Button
    t =    23.32s Find the "open-ai-studio" Button
    t =    23.36s Tap "open-ai-studio" Button
    t =    23.36s     Wait for com.zacrotech.NeuroForge to idle
    t =    23.36s     Find the "open-ai-studio" Button
    t =    23.40s     Check for interrupting elements affecting "open-ai-studio" Button
    t =    23.43s     Synthesize event
    t =    23.73s     Wait for com.zacrotech.NeuroForge to idle
    t =    24.09s Waiting 8.0s for "ai-studio-root" Any to exist
    t =    25.16s     Checking `Expect predicate `existsNoRetry == 1` for object "ai-studio-root" Any`
    t =    25.16s         Checking existence of `"ai-studio-root" Any`
    t =    25.26s Waiting 8.0s for "What do you want to practice?" TextField to exist
    t =    26.34s     Checking `Expect predicate `existsNoRetry == 1` for object "What do you want to practice?" TextField`
    t =    26.34s         Checking existence of `"What do you want to practice?" TextField`
    t =    26.40s Get all elements bound by index for: Descendants matching type ScrollView
    t =    26.45s Find the ScrollView (Element at index 0)
    t =    26.50s Find the Target Application 'com.zacrotech.NeuroForge'
    t =    26.54s Checking existence of `Keyboard (First Match)`
    t =    26.64s Get all elements bound by index for: Descendants matching type NavigationBar
    t =    26.69s Find the NavigationBar (Element at index 0)
    t =    26.74s Find the NavigationBar (Element at index 1)
    t =    26.82s Find the "Create a question set" NavigationBar
    t =    26.87s Find the ScrollView at {{0.0, 30.0}, {375.0, 637.0}}
    t =    26.92s Find the ScrollView at {{0.0, 30.0}, {375.0, 637.0}}
    t =    26.97s Get all elements bound by index for: Descendants matching type TabBar
    t =    27.01s Find the TabBar (Element at index 0)
    t =    27.13s Checking existence of `"What do you want to practice?" TextField`
    t =    27.18s Find the "What do you want to practice?" TextField
    t =    27.24s Checking existence of `"session-submit" Any`
    t =    27.30s Checking existence of `"session-next" Any`
    t =    27.35s Checking existence of `"train-start-practice" Any`
    t =    27.41s Checking existence of `"train-start-graph-construction" Any`
    t =    27.47s Checking existence of `"e.g. limiting reagents, induction proofs, or graph traversal" TextField`
    t =    27.53s Find the "e.g. limiting reagents, induction proofs, or graph traversal" TextField
    t =    27.62s Find the "e.g. limiting reagents, induction proofs, or graph traversal" TextField
    t =    27.69s Find the ScrollView at {{0.0, 30.0}, {375.0, 637.0}}
    t =    27.73s Checking existence of `"e.g. limiting reagents, induction proofs, or graph traversal" TextField`
    t =    27.79s Find the "e.g. limiting reagents, induction proofs, or graph traversal" TextField
    t =    27.85s Find the "e.g. limiting reagents, induction proofs, or graph traversal" TextField
    t =    27.91s Find the "e.g. limiting reagents, induction proofs, or graph traversal" TextField
    t =    27.97s Checking existence of `"e.g. limiting reagents, induction proofs, or graph traversal" TextField`
    t =    28.02s Find the "e.g. limiting reagents, induction proofs, or graph traversal" TextField
    t =    28.08s Find the ScrollView at {{0.0, 30.0}, {375.0, 637.0}}
    t =    28.13s Checking existence of `"e.g. limiting reagents, induction proofs, or graph traversal" TextField`
    t =    28.19s Find the "e.g. limiting reagents, induction proofs, or graph traversal" TextField
    t =    28.25s Press Target Application 'com.zacrotech.NeuroForge'[0.00, 0.00] -> (12.0, 562.8) for 0.1 seconds, then drag to Target Application 'com.zacrotech.NeuroForge'[0.00, 0.00] -> (12.0, 545.8) with velocity of 250.00 pixels per second, and then hold for 0.2 seconds 
    t =    28.25s     Wait for com.zacrotech.NeuroForge to idle
    t =    28.25s     Find the Target Application 'com.zacrotech.NeuroForge'
    t =    28.29s     Check for interrupting elements affecting "NeuroForge" Application
    t =    28.34s     Synthesize event
    t =    28.35s         Find the Target Application 'com.zacrotech.NeuroForge'
    t =    28.38s         Find the Target Application 'com.zacrotech.NeuroForge'
    t =    28.42s         Find the Target Application 'com.zacrotech.NeuroForge'
    t =    28.46s         Find the Target Application 'com.zacrotech.NeuroForge'
    t =    28.51s         Find the Target Application 'com.zacrotech.NeuroForge'
    t =    29.13s     Wait for com.zacrotech.NeuroForge to idle
    t =    30.67s Get all elements bound by index for: Descendants matching type ScrollView
    t =    30.72s Find the ScrollView (Element at index 0)
    t =    30.78s Find the Target Application 'com.zacrotech.NeuroForge'
    t =    30.83s Checking existence of `Keyboard (First Match)`
    t =    30.93s Get all elements bound by index for: Descendants matching type NavigationBar
    t =    30.98s Find the NavigationBar (Element at index 0)
    t =    31.04s Find the NavigationBar (Element at index 1)
    t =    31.12s Find the "Create a question set" NavigationBar
    t =    31.17s Find the ScrollView at {{0.0, 30.0}, {375.0, 637.0}}
    t =    31.23s Find the ScrollView at {{0.0, 30.0}, {375.0, 637.0}}
    t =    31.29s Get all elements bound by index for: Descendants matching type TabBar
    t =    31.33s Find the TabBar (Element at index 0)
    t =    31.44s Checking existence of `"e.g. limiting reagents, induction proofs, or graph traversal" TextField`
    t =    31.50s Find the "e.g. limiting reagents, induction proofs, or graph traversal" TextField
    t =    31.56s Checking existence of `"session-submit" Any`
    t =    31.62s Checking existence of `"session-next" Any`
    t =    31.69s Checking existence of `"train-start-practice" Any`
    t =    31.75s Checking existence of `"train-start-graph-construction" Any`
    t =    31.81s Checking existence of `"e.g. limiting reagents, induction proofs, or graph traversal" TextField`
    t =    31.87s Find the "e.g. limiting reagents, induction proofs, or graph traversal" TextField
    t =    31.93s Find the "e.g. limiting reagents, induction proofs, or graph traversal" TextField
    t =    32.00s Find the ScrollView at {{0.0, 30.0}, {375.0, 637.0}}
    t =    32.05s Checking existence of `"e.g. limiting reagents, induction proofs, or graph traversal" TextField`
    t =    32.11s Find the "e.g. limiting reagents, induction proofs, or graph traversal" TextField
    t =    32.18s Find the "e.g. limiting reagents, induction proofs, or graph traversal" TextField
    t =    32.23s Find the "e.g. limiting reagents, induction proofs, or graph traversal" TextField
    t =    32.30s Find the "e.g. limiting reagents, induction proofs, or graph traversal" TextField
    t =    32.36s Press "e.g. limiting reagents, induction proofs, or graph traversal" TextField for 0.1 seconds
    t =    32.36s     Wait for com.zacrotech.NeuroForge to idle
    t =    32.36s     Find the "e.g. limiting reagents, induction proofs, or graph traversal" TextField
    t =    32.41s     Check for interrupting elements affecting "e.g. limiting reagents, induction proofs, or graph traversal" TextField
    t =    32.47s     Synthesize event
    t =    32.85s     Wait for com.zacrotech.NeuroForge to idle
    t =    33.43s Waiting 5.0s for Keyboard (First Match) to exist
    t =    34.50s     Checking `Expect predicate `existsNoRetry == 1` for object Keyboard (First Match)`
    t =    34.50s         Checking existence of `Keyboard (First Match)`
    t =    34.53s Type 'Condition reasoning' into "e.g. limiting reagents, induction proofs, or graph traversal" TextField
    t =    34.53s     Wait for com.zacrotech.NeuroForge to idle
    t =    35.16s     Find the "e.g. limiting reagents, induction proofs, or graph traversal" TextField
    t =    35.25s     Check for interrupting elements affecting "e.g. limiting reagents, induction proofs, or graph traversal" TextField
    t =    35.31s     Synthesize event
    t =    35.83s     Wait for com.zacrotech.NeuroForge to idle
    t =    37.29s Checking `Expect predicate `value == "Condition reasoning"` for object "e.g. limiting reagents, induction proofs, or graph traversal" TextField`
    t =    37.29s     Find the "e.g. limiting reagents, induction proofs, or graph traversal" TextField
    t =    37.36s Checking existence of `"Done" Button`
    t =    37.43s Tap "Done" Button
    t =    37.43s     Wait for com.zacrotech.NeuroForge to idle
    t =    37.43s     Find the "Done" Button
    t =    37.50s     Check for interrupting elements affecting "Done" Button
    t =    37.56s     Synthesize event
    t =    37.85s     Wait for com.zacrotech.NeuroForge to idle
    t =    39.45s Checking `Expect predicate `exists == 0` for object Keyboard (First Match)`
    t =    39.45s     Checking existence of `Keyboard (First Match)`
    t =    39.57s Get all elements bound by index for: Descendants matching type ScrollView
    t =    39.62s Find the ScrollView (Element at index 0)
    t =    39.67s Find the Target Application 'com.zacrotech.NeuroForge'
    t =    39.72s Checking existence of `Keyboard (First Match)`
    t =    39.83s Get all elements bound by index for: Descendants matching type NavigationBar
    t =    39.88s Find the NavigationBar (Element at index 0)
    t =    39.93s Find the NavigationBar (Element at index 1)
    t =    40.01s Find the "Create a question set" NavigationBar
    t =    40.07s Find the ScrollView at {{0.0, 30.0}, {375.0, 637.0}}
    t =    40.12s Find the ScrollView at {{0.0, 30.0}, {375.0, 637.0}}
    t =    40.17s Get all elements bound by index for: Descendants matching type TabBar
    t =    40.22s Find the TabBar (Element at index 0)
    t =    40.33s Checking existence of `"ai-studio-create-offline" Button`
    t =    40.39s Find the "ai-studio-create-offline" Button
    t =    40.45s Checking existence of `"session-submit" Any`
    t =    40.52s Checking existence of `"session-next" Any`
    t =    40.59s Checking existence of `"train-start-practice" Any`
    t =    40.65s Checking existence of `"train-start-graph-construction" Any`
    t =    40.72s Checking existence of `"ai-studio-create-offline" Button`
    t =    40.78s Find the "ai-studio-create-offline" Button
    t =    40.85s Find the "ai-studio-create-offline" Button
    t =    40.93s Find the ScrollView at {{0.0, 30.0}, {375.0, 637.0}}
    t =    40.98s Checking existence of `"ai-studio-create-offline" Button`
    t =    41.04s Find the "ai-studio-create-offline" Button
    t =    41.11s Checking existence of `"ai-studio-create-offline" Button`
    t =    41.17s Find the "ai-studio-create-offline" Button
    t =    41.24s Find the ScrollView at {{0.0, 30.0}, {375.0, 637.0}}
    t =    41.30s Checking existence of `"ai-studio-create-offline" Button`
    t =    41.36s Find the "ai-studio-create-offline" Button
    t =    41.42s Press Target Application 'com.zacrotech.NeuroForge'[0.00, 0.00] -> (12.0, 552.4) for 0.1 seconds, then drag to Target Application 'com.zacrotech.NeuroForge'[0.00, 0.00] -> (12.0, 214.6) with velocity of 250.00 pixels per second, and then hold for 0.2 seconds 
    t =    41.43s     Wait for com.zacrotech.NeuroForge to idle
    t =    41.43s     Find the Target Application 'com.zacrotech.NeuroForge'
    t =    41.47s     Check for interrupting elements affecting "NeuroForge" Application
    t =    41.53s     Synthesize event
    t =    41.53s         Find the Target Application 'com.zacrotech.NeuroForge'
    t =    41.57s         Find the Target Application 'com.zacrotech.NeuroForge'
    t =    41.62s         Find the Target Application 'com.zacrotech.NeuroForge'
    t =    41.66s         Find the Target Application 'com.zacrotech.NeuroForge'
    t =    41.70s         Find the Target Application 'com.zacrotech.NeuroForge'
    t =    43.60s     Wait for com.zacrotech.NeuroForge to idle
    t =    43.85s Get all elements bound by index for: Descendants matching type ScrollView
    t =    43.90s Find the ScrollView (Element at index 0)
    t =    43.96s Find the Target Application 'com.zacrotech.NeuroForge'
    t =    44.00s Checking existence of `Keyboard (First Match)`
    t =    44.11s Get all elements bound by index for: Descendants matching type NavigationBar
    t =    44.16s Find the NavigationBar (Element at index 0)
    t =    44.22s Find the NavigationBar (Element at index 1)
    t =    44.30s Find the "Create a question set" NavigationBar
    t =    44.35s Find the ScrollView at {{0.0, 30.0}, {375.0, 637.0}}
    t =    44.40s Find the ScrollView at {{0.0, 30.0}, {375.0, 637.0}}
    t =    44.46s Get all elements bound by index for: Descendants matching type TabBar
    t =    44.50s Find the TabBar (Element at index 0)
    t =    44.62s Checking existence of `"ai-studio-create-offline" Button`
    t =    44.68s Find the "ai-studio-create-offline" Button
    t =    44.74s Checking existence of `"session-submit" Any`
    t =    44.81s Checking existence of `"session-next" Any`
    t =    44.87s Checking existence of `"train-start-practice" Any`
    t =    44.94s Checking existence of `"train-start-graph-construction" Any`
    t =    45.01s Checking existence of `"ai-studio-create-offline" Button`
    t =    45.07s Find the "ai-studio-create-offline" Button
    t =    45.13s Find the "ai-studio-create-offline" Button
    t =    45.20s Find the ScrollView at {{0.0, 30.0}, {375.0, 637.0}}
    t =    45.25s Checking existence of `"ai-studio-create-offline" Button`
    t =    45.32s Find the "ai-studio-create-offline" Button
    t =    45.38s Checking existence of `"ai-studio-create-offline" Button`
    t =    45.44s Find the "ai-studio-create-offline" Button
    t =    45.51s Find the ScrollView at {{0.0, 30.0}, {375.0, 637.0}}
    t =    45.56s Checking existence of `"ai-studio-create-offline" Button`
    t =    45.62s Find the "ai-studio-create-offline" Button
    t =    45.68s Press Target Application 'com.zacrotech.NeuroForge'[0.00, 0.00] -> (12.0, 552.4) for 0.1 seconds, then drag to Target Application 'com.zacrotech.NeuroForge'[0.00, 0.00] -> (12.0, 328.9) with velocity of 250.00 pixels per second, and then hold for 0.2 seconds 
    t =    45.68s     Wait for com.zacrotech.NeuroForge to idle
    t =    45.69s     Find the Target Application 'com.zacrotech.NeuroForge'
    t =    45.73s     Check for interrupting elements affecting "NeuroForge" Application
    t =    45.78s     Synthesize event
    t =    45.78s         Find the Target Application 'com.zacrotech.NeuroForge'
    t =    45.82s         Find the Target Application 'com.zacrotech.NeuroForge'
    t =    45.87s         Find the Target Application 'com.zacrotech.NeuroForge'
    t =    45.91s         Find the Target Application 'com.zacrotech.NeuroForge'
    t =    45.96s         Find the Target Application 'com.zacrotech.NeuroForge'
    t =    47.41s     Wait for com.zacrotech.NeuroForge to idle
    t =    47.54s Get all elements bound by index for: Descendants matching type ScrollView
    t =    47.59s Find the ScrollView (Element at index 0)
    t =    47.65s Find the Target Application 'com.zacrotech.NeuroForge'
    t =    47.69s Checking existence of `Keyboard (First Match)`
    t =    47.80s Get all elements bound by index for: Descendants matching type NavigationBar
    t =    47.85s Find the NavigationBar (Element at index 0)
    t =    47.91s Find the NavigationBar (Element at index 1)
    t =    47.99s Find the "Create a question set" NavigationBar
    t =    48.04s Find the ScrollView at {{0.0, 30.0}, {375.0, 637.0}}
    t =    48.09s Find the ScrollView at {{0.0, 30.0}, {375.0, 637.0}}
    t =    48.14s Get all elements bound by index for: Descendants matching type TabBar
    t =    48.19s Find the TabBar (Element at index 0)
    t =    48.30s Checking existence of `"ai-studio-create-offline" Button`
    t =    48.37s Find the "ai-studio-create-offline" Button
    t =    48.43s Checking existence of `"session-submit" Any`
    t =    48.49s Checking existence of `"session-next" Any`
    t =    48.55s Checking existence of `"train-start-practice" Any`
    t =    48.62s Checking existence of `"train-start-graph-construction" Any`
    t =    48.68s Checking existence of `"ai-studio-create-offline" Button`
    t =    48.74s Find the "ai-studio-create-offline" Button
    t =    48.81s Find the "ai-studio-create-offline" Button
    t =    48.88s Find the ScrollView at {{0.0, 30.0}, {375.0, 637.0}}
    t =    48.93s Checking existence of `"ai-studio-create-offline" Button`
    t =    48.99s Find the "ai-studio-create-offline" Button
    t =    49.06s Find the "ai-studio-create-offline" Button
    t =    49.12s Find the "ai-studio-create-offline" Button
    t =    49.19s Checking existence of `"ai-studio-create-offline" Button`
    t =    49.24s Find the "ai-studio-create-offline" Button
    t =    49.31s Find the ScrollView at {{0.0, 30.0}, {375.0, 637.0}}
    t =    49.37s Checking existence of `"ai-studio-create-offline" Button`
    t =    49.43s Find the "ai-studio-create-offline" Button
    t =    49.49s Press Target Application 'com.zacrotech.NeuroForge'[0.00, 0.00] -> (12.0, 552.4) for 0.1 seconds, then drag to Target Application 'com.zacrotech.NeuroForge'[0.00, 0.00] -> (12.0, 536.4) with velocity of 250.00 pixels per second, and then hold for 0.2 seconds 
    t =    49.49s     Wait for com.zacrotech.NeuroForge to idle
    t =    49.49s     Find the Target Application 'com.zacrotech.NeuroForge'
    t =    49.53s     Check for interrupting elements affecting "NeuroForge" Application
    t =    49.58s     Synthesize event
    t =    49.59s         Find the Target Application 'com.zacrotech.NeuroForge'
    t =    49.63s         Find the Target Application 'com.zacrotech.NeuroForge'
    t =    49.67s         Find the Target Application 'com.zacrotech.NeuroForge'
    t =    49.71s         Find the Target Application 'com.zacrotech.NeuroForge'
    t =    49.76s         Find the Target Application 'com.zacrotech.NeuroForge'
    t =    50.37s     Wait for com.zacrotech.NeuroForge to idle
    t =    50.37s Get all elements bound by index for: Descendants matching type ScrollView
    t =    50.42s Find the ScrollView (Element at index 0)
    t =    50.49s Find the Target Application 'com.zacrotech.NeuroForge'
    t =    50.53s Checking existence of `Keyboard (First Match)`
    t =    50.64s Get all elements bound by index for: Descendants matching type NavigationBar
    t =    50.69s Find the NavigationBar (Element at index 0)
    t =    50.76s Find the NavigationBar (Element at index 1)
    t =    50.84s Find the "Create a question set" NavigationBar
    t =    50.89s Find the ScrollView at {{0.0, 30.0}, {375.0, 637.0}}
    t =    50.94s Find the ScrollView at {{0.0, 30.0}, {375.0, 637.0}}
    t =    50.99s Get all elements bound by index for: Descendants matching type TabBar
    t =    51.04s Find the TabBar (Element at index 0)
    t =    51.15s Checking existence of `"ai-studio-create-offline" Button`
    t =    51.21s Find the "ai-studio-create-offline" Button
    t =    51.27s Checking existence of `"session-submit" Any`
    t =    51.34s Checking existence of `"session-next" Any`
    t =    51.40s Checking existence of `"train-start-practice" Any`
    t =    51.46s Checking existence of `"train-start-graph-construction" Any`
    t =    51.53s Checking existence of `"ai-studio-create-offline" Button`
    t =    51.59s Find the "ai-studio-create-offline" Button
    t =    51.65s Find the "ai-studio-create-offline" Button
    t =    51.73s Find the ScrollView at {{0.0, 30.0}, {375.0, 637.0}}
    t =    51.78s Checking existence of `"ai-studio-create-offline" Button`
    t =    51.84s Find the "ai-studio-create-offline" Button
    t =    51.91s Find the "ai-studio-create-offline" Button
    t =    51.98s Find the "ai-studio-create-offline" Button
    t =    52.04s Find the "ai-studio-create-offline" Button
    t =    52.10s Find the "ai-studio-create-offline" Button
    t =    52.16s Tap "ai-studio-create-offline" Button
    t =    52.16s     Wait for com.zacrotech.NeuroForge to idle
    t =    52.17s     Find the "ai-studio-create-offline" Button
    t =    52.23s     Check for interrupting elements affecting "ai-studio-create-offline" Button
    t =    52.28s     Synthesize event
    t =    52.58s     Wait for com.zacrotech.NeuroForge to idle
    t =    52.71s Waiting 30.0s for "Start practice" Button to exist
    t =    53.77s     Checking `Expect predicate `existsNoRetry == 1` for object "Start practice" Button`
    t =    53.77s         Checking existence of `"Start practice" Button`
    t =    53.85s Get all elements bound by index for: Descendants matching type ScrollView
    t =    53.90s Find the ScrollView (Element at index 0)
    t =    53.97s Find the Target Application 'com.zacrotech.NeuroForge'
    t =    54.02s Checking existence of `Keyboard (First Match)`
    t =    54.14s Get all elements bound by index for: Descendants matching type NavigationBar
    t =    54.20s Find the NavigationBar (Element at index 0)
    t =    54.26s Find the NavigationBar (Element at index 1)
    t =    54.35s Find the "Create a question set" NavigationBar
    t =    54.41s Find the ScrollView at {{0.0, 30.0}, {375.0, 637.0}}
    t =    54.47s Find the ScrollView at {{0.0, 30.0}, {375.0, 637.0}}
    t =    54.53s Get all elements bound by index for: Descendants matching type TabBar
    t =    54.58s Find the TabBar (Element at index 0)
    t =    54.77s Checking existence of `"Start practice" Button`
    t =    54.83s Find the "Start practice" Button
    t =    54.90s Checking existence of `"session-submit" Any`
    t =    54.98s Checking existence of `"session-next" Any`
    t =    55.04s Checking existence of `"train-start-practice" Any`
    t =    55.11s Checking existence of `"train-start-graph-construction" Any`
    t =    55.18s Checking existence of `"Start practice" Button`
    t =    55.25s Find the "Start practice" Button
    t =    55.32s Find the "Start practice" Button
    t =    55.40s Find the ScrollView at {{0.0, 30.0}, {375.0, 637.0}}
    t =    55.46s Checking existence of `"Start practice" Button`
    t =    55.53s Find the "Start practice" Button
    t =    55.61s Find the "Start practice" Button
    t =    55.68s Find the "Start practice" Button
    t =    55.75s Find the "Start practice" Button
    t =    55.82s Tap "Start practice" Button
    t =    55.82s     Wait for com.zacrotech.NeuroForge to idle
    t =    55.82s     Find the "Start practice" Button
    t =    55.89s     Check for interrupting elements affecting "Start practice" Button
    t =    55.95s     Synthesize event
    t =    56.26s     Wait for com.zacrotech.NeuroForge to idle
    t =    56.72s Waiting 10.0s for "ai-practice-prompt" Any to exist
    t =    57.72s     Checking `Expect predicate `existsNoRetry == 1` for object "ai-practice-prompt" Any`
    t =    57.73s         Checking existence of `"ai-practice-prompt" Any`
    t =    57.85s Find the "ai-practice-prompt" Any
    t =    57.94s Find the "ai-practice-position" Any
    t =    58.03s Find the "Session actions" Button
    t =    58.13s Tap "Session actions" Button
    t =    58.13s     Wait for com.zacrotech.NeuroForge to idle
    t =    58.13s     Find the "Session actions" Button
    t =    58.22s     Check for interrupting elements affecting "Session actions" Button
    t =    58.30s     Synthesize event
    t =    58.60s     Wait for com.zacrotech.NeuroForge to idle
    t =    59.78s Waiting 5.0s for "Skip" Button to exist
    t =    60.85s     Checking `Expect predicate `existsNoRetry == 1` for object "Skip" Button`
    t =    60.85s         Checking existence of `"Skip" Button`
    t =    60.97s Find the "Skip" Button
    t =    61.06s Tap "Skip" Button
    t =    61.07s     Wait for com.zacrotech.NeuroForge to idle
    t =    61.07s     Find the "Skip" Button
    t =    61.15s     Check for interrupting elements affecting "Skip" Button
    t =    61.23s     Synthesize event
    t =    61.52s     Wait for com.zacrotech.NeuroForge to idle
    t =    63.97s Checking `Expect predicate `label == "2 / 5"` for object "ai-practice-position" StaticText`
    t =    63.98s     Find the "ai-practice-position" StaticText
    t =    64.09s Find the "ai-practice-prompt" StaticText
    t =    64.18s Tap "Save and close" Button
    t =    64.18s     Wait for com.zacrotech.NeuroForge to idle
    t =    64.18s     Find the "Save and close" Button
    t =    64.27s     Check for interrupting elements affecting "Save and close" Button
    t =    64.35s     Synthesize event
    t =    64.65s     Wait for com.zacrotech.NeuroForge to idle
    t =    65.18s Waiting 8.0s for "Start a new session" Button to exist
    t =    66.23s     Checking `Expect predicate `existsNoRetry == 1` for object "Start a new session" Button`
    t =    66.23s         Checking existence of `"Start a new session" Button`
    t =    66.30s Get all elements bound by index for: Descendants matching type ScrollView
    t =    66.36s Find the ScrollView (Element at index 0)
    t =    66.43s Find the Target Application 'com.zacrotech.NeuroForge'
    t =    66.48s Checking existence of `Keyboard (First Match)`
    t =    66.60s Get all elements bound by index for: Descendants matching type NavigationBar
    t =    66.66s Find the NavigationBar (Element at index 0)
    t =    66.72s Find the NavigationBar (Element at index 1)
    t =    66.81s Find the "Create a question set" NavigationBar
    t =    66.87s Find the ScrollView at {{0.0, 30.0}, {375.0, 637.0}}
    t =    66.93s Find the ScrollView at {{0.0, 30.0}, {375.0, 637.0}}
    t =    66.98s Get all elements bound by index for: Descendants matching type TabBar
    t =    67.04s Find the TabBar (Element at index 0)
    t =    67.26s Checking existence of `"Start a new session" Button`
    t =    67.32s Find the "Start a new session" Button
    t =    67.39s Checking existence of `"session-submit" Any`
    t =    67.46s Checking existence of `"session-next" Any`
    t =    67.53s Checking existence of `"train-start-practice" Any`
    t =    67.61s Checking existence of `"train-start-graph-construction" Any`
    t =    67.68s Checking existence of `"Start a new session" Button`
    t =    67.75s Find the "Start a new session" Button
    t =    67.83s Find the "Start a new session" Button
    t =    67.91s Find the ScrollView at {{0.0, 30.0}, {375.0, 637.0}}
    t =    67.97s Checking existence of `"Start a new session" Button`
    t =    68.04s Find the "Start a new session" Button
    t =    68.12s Find the "Start a new session" Button
    t =    68.19s Find the "Start a new session" Button
    t =    68.26s Checking existence of `"Start a new session" Button`
    t =    68.32s Find the "Start a new session" Button
    t =    68.39s Find the ScrollView at {{0.0, 30.0}, {375.0, 637.0}}
    t =    68.45s Checking existence of `"Start a new session" Button`
    t =    68.52s Find the "Start a new session" Button
    t =    68.61s Press Target Application 'com.zacrotech.NeuroForge'[0.00, 0.00] -> (12.0, 552.4) for 0.1 seconds, then drag to Target Application 'com.zacrotech.NeuroForge'[0.00, 0.00] -> (12.0, 536.4) with velocity of 250.00 pixels per second, and then hold for 0.2 seconds 
    t =    68.61s     Wait for com.zacrotech.NeuroForge to idle
    t =    68.61s     Find the Target Application 'com.zacrotech.NeuroForge'
    t =    68.74s     Check for interrupting elements affecting "NeuroForge" Application
    t =    68.82s     Synthesize event
    t =    68.82s         Find the Target Application 'com.zacrotech.NeuroForge'
    t =    68.87s         Find the Target Application 'com.zacrotech.NeuroForge'
    t =    68.92s         Find the Target Application 'com.zacrotech.NeuroForge'
    t =    68.97s         Find the Target Application 'com.zacrotech.NeuroForge'
    t =    69.02s         Find the Target Application 'com.zacrotech.NeuroForge'
    t =    69.65s     Wait for com.zacrotech.NeuroForge to idle
    t =    69.91s Get all elements bound by index for: Descendants matching type ScrollView
    t =    69.98s Find the ScrollView (Element at index 0)
    t =    70.05s Find the Target Application 'com.zacrotech.NeuroForge'
    t =    70.10s Checking existence of `Keyboard (First Match)`
    t =    70.22s Get all elements bound by index for: Descendants matching type NavigationBar
    t =    70.27s Find the NavigationBar (Element at index 0)
    t =    70.34s Find the NavigationBar (Element at index 1)
    t =    70.43s Find the "Create a question set" NavigationBar
    t =    70.50s Find the ScrollView at {{0.0, 30.0}, {375.0, 637.0}}
    t =    70.57s Find the ScrollView at {{0.0, 30.0}, {375.0, 637.0}}
    t =    70.62s Get all elements bound by index for: Descendants matching type TabBar
    t =    70.68s Find the TabBar (Element at index 0)
    t =    70.90s Checking existence of `"Start a new session" Button`
    t =    70.98s Find the "Start a new session" Button
    t =    71.05s Checking existence of `"session-submit" Any`
    t =    71.12s Checking existence of `"session-next" Any`
    t =    71.20s Checking existence of `"train-start-practice" Any`
    t =    71.27s Checking existence of `"train-start-graph-construction" Any`
    t =    71.35s Checking existence of `"Start a new session" Button`
    t =    71.43s Find the "Start a new session" Button
    t =    71.50s Find the "Start a new session" Button
    t =    71.58s Find the ScrollView at {{0.0, 30.0}, {375.0, 637.0}}
    t =    71.63s Checking existence of `"Start a new session" Button`
    t =    71.70s Find the "Start a new session" Button
    t =    71.78s Find the "Start a new session" Button
    t =    71.85s Find the "Start a new session" Button
    t =    71.91s Tap "Start a new session" Button
    t =    71.91s     Wait for com.zacrotech.NeuroForge to idle
    t =    71.92s     Find the "Start a new session" Button
    t =    71.98s     Check for interrupting elements affecting "Start a new session" Button
    t =    72.04s     Synthesize event
    t =    72.34s     Wait for com.zacrotech.NeuroForge to idle
    t =    72.57s Waiting 8.0s for "ai-practice-prompt" StaticText to exist
    t =    73.63s     Checking `Expect predicate `existsNoRetry == 1` for object "ai-practice-prompt" StaticText`
    t =    73.63s         Checking existence of `"ai-practice-prompt" StaticText`
    t =    73.75s Find the "ai-practice-position" StaticText
    t =    73.84s Find the "ai-practice-prompt" StaticText
    t =    73.93s Tap "Save and close" Button
    t =    73.93s     Wait for com.zacrotech.NeuroForge to idle
    t =    73.93s     Find the "Save and close" Button
    t =    74.02s     Check for interrupting elements affecting "Save and close" Button
    t =    74.09s     Synthesize event
    t =    74.40s     Wait for com.zacrotech.NeuroForge to idle
    t =    74.98s Terminate com.zacrotech.NeuroForge:10140
    t =    76.04s Open com.zacrotech.NeuroForge
    t =    76.04s     Launch com.zacrotech.NeuroForge
2026-09-05 18:50:07.550 xcodebuild[10087:6404366] [MT] IDELaunchParametersSnapshot: The operation couldn’t be completed. (DebuggerLLDB.DebuggerVersionStore.StoreError error 0.)
2026-09-05 18:50:07.551 xcodebuild[10087:6404366] [MT] IDELaunchParametersSnapshot: no debugger version
    t =    76.49s         Setting up automation session
    t =    77.96s         Wait for com.zacrotech.NeuroForge to idle
    t =    80.42s Waiting 15.0s for "destination-today" Any to exist
    t =    81.44s     Checking `Expect predicate `existsNoRetry == 1` for object "destination-today" Any`
    t =    81.44s         Checking existence of `"destination-today" Any`
    t =    81.61s Get all elements bound by index for: Descendants matching type ScrollView
    t =    81.64s Find the ScrollView (Element at index 0)
    t =    81.67s Find the Target Application 'com.zacrotech.NeuroForge'
    t =    81.70s Checking existence of `Keyboard (First Match)`
    t =    81.76s Get all elements bound by index for: Descendants matching type NavigationBar
    t =    81.78s Find the NavigationBar (Element at index 0)
    t =    81.82s Find the "Today" NavigationBar
    t =    81.84s Find the ScrollView at {{0.0, 0.0}, {375.0, 667.0}}
    t =    81.88s Find the ScrollView at {{0.0, 0.0}, {375.0, 667.0}}
    t =    81.90s Get all elements bound by index for: Descendants matching type TabBar
    t =    81.93s Find the TabBar (Element at index 0)
    t =    81.96s Find the "Tab Bar" TabBar
    t =    81.99s Checking existence of `"Continue session" Button`
    t =    82.03s Find the "Continue session" Button
    t =    82.07s Checking existence of `"session-submit" Any`
    t =    82.10s Checking existence of `"session-next" Any`
    t =    82.13s Checking existence of `"train-start-practice" Any`
    t =    82.16s Checking existence of `"train-start-graph-construction" Any`
    t =    82.20s Checking existence of `"Continue session" Button`
    t =    82.24s Find the "Continue session" Button
    t =    82.28s Find the "Continue session" Button
    t =    82.33s Find the ScrollView at {{0.0, 0.0}, {375.0, 667.0}}
    t =    82.36s Checking existence of `"Continue session" Button`
    t =    82.40s Find the "Continue session" Button
    t =    82.45s Find the "Continue session" Button
    t =    82.50s Find the "Continue session" Button
    t =    82.55s Tap "Continue session" Button
    t =    82.55s     Wait for com.zacrotech.NeuroForge to idle
    t =    82.55s     Find the "Continue session" Button
    t =    82.59s     Check for interrupting elements affecting "Continue session" Button
    t =    82.62s     Synthesize event
    t =    82.92s     Wait for com.zacrotech.NeuroForge to idle
    t =    83.38s Waiting 8.0s for "Resume" Button to exist
    t =    84.41s     Checking `Expect predicate `existsNoRetry == 1` for object "Resume" Button`
    t =    84.41s         Checking existence of `"Resume" Button`
    t =    84.51s Tap "Resume" Button
    t =    84.51s     Wait for com.zacrotech.NeuroForge to idle
    t =    84.51s     Find the "Resume" Button
    t =    84.58s     Check for interrupting elements affecting "Resume" Button
    t =    84.63s     Synthesize event
    t =    84.93s     Wait for com.zacrotech.NeuroForge to idle
    t =    84.94s Waiting 8.0s for "ai-practice-prompt" StaticText to exist
    t =    85.94s     Checking `Expect predicate `existsNoRetry == 1` for object "ai-practice-prompt" StaticText`
    t =    85.94s         Checking existence of `"ai-practice-prompt" StaticText`
    t =    86.03s Find the "ai-practice-prompt" StaticText
    t =    86.09s Find the "ai-practice-position" StaticText
    t =    86.15s Tap "Session actions" Button
    t =    86.15s     Wait for com.zacrotech.NeuroForge to idle
    t =    86.15s     Find the "Session actions" Button
    t =    86.20s     Check for interrupting elements affecting "Session actions" Button
    t =    86.25s     Synthesize event
    t =    86.55s     Wait for com.zacrotech.NeuroForge to idle
    t =    87.60s Tap "End session" Button
    t =    87.60s     Wait for com.zacrotech.NeuroForge to idle
    t =    87.60s     Find the "End session" Button
    t =    87.67s     Check for interrupting elements affecting "End session" Button
    t =    87.73s     Synthesize event
    t =    88.02s     Wait for com.zacrotech.NeuroForge to idle
    t =    89.16s Waiting 8.0s for "ai-practice-summary" Any to exist
    t =    90.24s     Checking `Expect predicate `existsNoRetry == 1` for object "ai-practice-summary" Any`
    t =    90.24s         Checking existence of `"ai-practice-summary" Any`
    t =    90.31s Find the "ai-practice-summary" Any
    t =    90.36s Tap "Done" Button
    t =    90.36s     Wait for com.zacrotech.NeuroForge to idle
    t =    90.37s     Find the "Done" Button
    t =    90.42s     Check for interrupting elements affecting "Done" Button
    t =    90.46s     Synthesize event
    t =    90.76s     Wait for com.zacrotech.NeuroForge to idle
    t =    91.15s Get all elements bound by index for: Descendants matching type ScrollView
    t =    91.21s Find the ScrollView (Element at index 0)
    t =    91.25s Find the Target Application 'com.zacrotech.NeuroForge'
    t =    91.28s Checking existence of `Keyboard (First Match)`
    t =    91.35s Get all elements bound by index for: Descendants matching type NavigationBar
    t =    91.37s Find the NavigationBar (Element at index 0)
    t =    91.41s Find the "Today" NavigationBar
    t =    91.44s Find the ScrollView at {{0.0, 0.0}, {375.0, 667.0}}
    t =    91.47s Find the ScrollView at {{0.0, 0.0}, {375.0, 667.0}}
    t =    91.50s Get all elements bound by index for: Descendants matching type TabBar
    t =    91.52s Find the TabBar (Element at index 0)
    t =    91.56s Find the "Tab Bar" TabBar
    t =    91.59s Checking existence of `"Continue session" Button`
    t =    91.63s Find the "Continue session" Button
    t =    91.68s Checking existence of `"session-submit" Any`
    t =    91.71s Checking existence of `"session-next" Any`
    t =    91.75s Checking existence of `"train-start-practice" Any`
    t =    91.78s Checking existence of `"train-start-graph-construction" Any`
    t =    91.82s Checking existence of `"Continue session" Button`
    t =    91.86s Find the "Continue session" Button
    t =    91.91s Find the "Continue session" Button
    t =    91.97s Find the ScrollView at {{0.0, 0.0}, {375.0, 667.0}}
    t =    92.00s Checking existence of `"Continue session" Button`
    t =    92.05s Find the "Continue session" Button
    t =    92.10s Find the "Continue session" Button
    t =    92.15s Find the "Continue session" Button
    t =    92.19s Tap "Continue session" Button
    t =    92.19s     Wait for com.zacrotech.NeuroForge to idle
    t =    92.20s     Find the "Continue session" Button
    t =    92.24s     Check for interrupting elements affecting "Continue session" Button
    t =    92.27s     Synthesize event
    t =    92.57s     Wait for com.zacrotech.NeuroForge to idle
    t =    92.66s Waiting 8.0s for "Resume" Button to exist
    t =    93.67s     Checking `Expect predicate `existsNoRetry == 1` for object "Resume" Button`
    t =    93.69s         Checking existence of `"Resume" Button`
    t =    93.79s Tap "Resume" Button
    t =    93.79s     Wait for com.zacrotech.NeuroForge to idle
    t =    93.79s     Find the "Resume" Button
    t =    93.85s     Check for interrupting elements affecting "Resume" Button
    t =    93.90s     Synthesize event
    t =    94.20s     Wait for com.zacrotech.NeuroForge to idle
    t =    94.22s Waiting 8.0s for "ai-practice-prompt" StaticText to exist
    t =    95.24s     Checking `Expect predicate `existsNoRetry == 1` for object "ai-practice-prompt" StaticText`
    t =    95.24s         Checking existence of `"ai-practice-prompt" StaticText`
    t =    95.35s Find the "ai-practice-prompt" StaticText
    t =    95.41s Find the "ai-practice-position" StaticText
    t =    95.47s Tap "Session actions" Button
    t =    95.47s     Wait for com.zacrotech.NeuroForge to idle
    t =    95.48s     Find the "Session actions" Button
    t =    95.53s     Check for interrupting elements affecting "Session actions" Button
    t =    95.58s     Synthesize event
    t =    95.88s     Wait for com.zacrotech.NeuroForge to idle
    t =    96.89s Tap "End session" Button
    t =    96.89s     Wait for com.zacrotech.NeuroForge to idle
    t =    96.89s     Find the "End session" Button
    t =    96.97s     Check for interrupting elements affecting "End session" Button
    t =    97.02s     Synthesize event
    t =    97.31s     Wait for com.zacrotech.NeuroForge to idle
    t =    98.73s Waiting 8.0s for "ai-practice-summary" StaticText to exist
    t =    99.75s     Checking `Expect predicate `existsNoRetry == 1` for object "ai-practice-summary" StaticText`
    t =    99.75s         Checking existence of `"ai-practice-summary" StaticText`
    t =    99.84s Find the "ai-practice-summary" StaticText
    t =    99.89s Checking existence of `"Skipped 1 · Solutions viewed 0" StaticText`
    t =    99.94s Find the Target Application 'com.zacrotech.NeuroForge'
    t =   100.09s Added attachment named 'generated-two-runs-cold-skip-explicit-end-en'
    t =   100.09s Tap "Done" Button
    t =   100.09s     Wait for com.zacrotech.NeuroForge to idle
    t =   100.09s     Find the "Done" Button
    t =   100.15s     Check for interrupting elements affecting "Done" Button
    t =   100.19s     Synthesize event
    t =   100.49s     Wait for com.zacrotech.NeuroForge to idle
    t =   100.91s Checking existence of `"Continue session" Button`
    t =   100.96s Terminate com.zacrotech.NeuroForge:10477
    t =   102.04s Tear Down
Test Case '-[NeuroForgeUITests.NavigationSmokeUITests testGeneratedSetCreatesSeparateRunsAndRestoresSkippedRunThroughColdLaunch]' passed (102.256 seconds).
Test Suite 'NavigationSmokeUITests' passed at 2026-09-05 18:50:33.744.
	 Executed 1 test, with 0 failures (0 unexpected) in 102.256 (102.258) seconds
Test Suite 'NeuroForgeUITests.xctest' passed at 2026-09-05 18:50:33.746.
	 Executed 1 test, with 0 failures (0 unexpected) in 102.256 (102.260) seconds
Test Suite 'Selected tests' passed at 2026-09-05 18:50:33.746.
	 Executed 1 test, with 0 failures (0 unexpected) in 102.256 (102.261) seconds
2026-09-05 18:50:34.207 xcodebuild[10087:6404366] [MT] IDETestOperationsObserverDebug: 106.961 elapsed -- Testing started completed.
2026-09-05 18:50:34.207 xcodebuild[10087:6404366] [MT] IDETestOperationsObserverDebug: 0.000 sec, +0.000 sec -- start
2026-09-05 18:50:34.207 xcodebuild[10087:6404366] [MT] IDETestOperationsObserverDebug: 106.961 sec, +106.961 sec -- end

Test session results, code coverage, and logs:
	/tmp/nf-generated-submit-f4-installed-20260905.xcresult

** TEST EXECUTE SUCCEEDED **

Testing started
