Command line invocation:
    /Applications/Xcode.app/Contents/Developer/usr/bin/xcodebuild -project NeuroForge.xcodeproj -scheme NeuroForgeUISmoke -destination "platform=iOS Simulator,id=064C7C8F-D941-4D8C-9B55-958F4123AF02" -derivedDataPath /tmp/NeuroForge-improvement-ios CODE_SIGNING_ALLOWED=NO -collect-test-diagnostics never "-only-testing:NeuroForgeUITests/NavigationSmokeUITests/testSpatialLabeledCubeSeparatesCameraFromSavedAnswerAndObjectReplay" "-only-testing:NeuroForgeUITests/NavigationSmokeUITests/testSpatialCoordinateEntryRetainsOriginalAndWorkedCopyAfterFeedback" test-without-building

Build settings from command line:
    CODE_SIGNING_ALLOWED = NO

Resolve Package Graph


Resolved source packages:
  SwiftMath: https://github.com/mgriebling/SwiftMath.git @ 1d2c908

2026-09-05 17:07:04.510096-0400 NeuroForgeUITests-Runner[66772:6028676] [Default] Running tests...
2026-09-05 17:07:04.628509-0400 NeuroForgeUITests-Runner[66772:6028748] [General] Failed to send CA Event for app launch measurements for ca_event_type: 0 event_name: com.apple.app_launch_measurement.FirstFramePresentationMetric
2026-09-05 17:07:04.670706-0400 NeuroForgeUITests-Runner[66772:6028750] [General] Failed to send CA Event for app launch measurements for ca_event_type: 1 event_name: com.apple.app_launch_measurement.ExtendedLaunchMetrics
objc[66772]: Class UIAccessibilityLoaderWebShared is implemented in both /Library/Developer/CoreSimulator/Volumes/iOS_23F77/Library/Developer/CoreSimulator/Profiles/Runtimes/iOS 26.5.simruntime/Contents/Resources/RuntimeRoot/System/Library/AccessibilityBundles/WebCore.axbundle/WebCore (0x1082cc310) and /Library/Developer/CoreSimulator/Volumes/iOS_23F77/Library/Developer/CoreSimulator/Profiles/Runtimes/iOS 26.5.simruntime/Contents/Resources/RuntimeRoot/System/Library/AccessibilityBundles/WebKit.axbundle/WebKit (0x108368398). This may cause spurious casting failures and mysterious crashes. One of the duplicates must be removed or renamed.
    t =      nans Interface orientation changed to Portrait
Test Suite 'Selected tests' started at 2026-09-05 17:07:06.635.
Test Suite 'NeuroForgeUITests.xctest' started at 2026-09-05 17:07:06.636.
Test Suite 'NavigationSmokeUITests' started at 2026-09-05 17:07:06.636.
Test Case '-[NeuroForgeUITests.NavigationSmokeUITests testSpatialCoordinateEntryRetainsOriginalAndWorkedCopyAfterFeedback]' started.
    t =     0.00s Start Test at 2026-09-05 17:07:06.637
    t =     0.41s Set Up
    t =     0.42s Open com.zacrotech.NeuroForge
    t =     0.42s     Launch com.zacrotech.NeuroForge
2026-09-05 17:07:07.695 xcodebuild[66745:6028190] [MT] IDELaunchParametersSnapshot: The operation couldn’t be completed. (DebuggerLLDB.DebuggerVersionStore.StoreError error 0.)
2026-09-05 17:07:07.695 xcodebuild[66745:6028190] [MT] IDELaunchParametersSnapshot: no debugger version
    t =     2.77s         Setting up automation session
    t =     4.30s         Wait for com.zacrotech.NeuroForge to idle
    t =     8.33s Waiting 15.0s for "universal-session" Any to exist
    t =     9.41s     Checking `Expect predicate `existsNoRetry == 1` for object "universal-session" Any`
    t =     9.41s         Checking existence of `"universal-session" Any`
    t =    10.09s Waiting 3.0s for "session-resume" Any to exist
    t =    11.18s     Checking `Expect predicate `existsNoRetry == 1` for object "session-resume" Any`
    t =    11.26s         Checking existence of `"session-resume" Any`
    t =    11.94s         Capturing element debug description
    t =    12.16s     Checking `Expect predicate `existsNoRetry == 1` for object "session-resume" Any`
    t =    12.19s         Checking existence of `"session-resume" Any`
    t =    12.67s         Capturing element debug description
    t =    13.10s     Checking `Expect predicate `existsNoRetry == 1` for object "session-resume" Any`
    t =    13.11s         Checking existence of `"session-resume" Any`
    t =    13.44s         Capturing element debug description
    t =    13.44s     Checking existence of `"session-resume" Any`
    t =    13.62s Collecting debug information to assist test failure triage
    t =    13.63s     Requesting snapshot of accessibility hierarchy for app with pid 66807
    t =    13.85s Waiting 8.0s for "session-position" Any to exist
    t =    14.93s     Checking `Expect predicate `existsNoRetry == 1` for object "session-position" Any`
    t =    14.93s         Checking existence of `"session-position" Any`
    t =    15.18s Find the "session-position" Any
    t =    15.34s Waiting 8.0s for "session-prompt" Any to exist
    t =    16.41s     Checking `Expect predicate `existsNoRetry == 1` for object "session-prompt" Any`
    t =    16.43s         Checking existence of `"session-prompt" Any`
    t =    16.54s Find the "session-prompt" Any
    t =    16.64s Checking existence of `"coordinate-transform-original" Any`
    t =    16.74s Checking existence of `"coordinate-transform-units" Any`
    t =    16.85s Checking existence of `"coordinate-transform-step" Button`
    t =    16.95s Checking existence of `"coordinate-transform-copy" Any`
    t =    17.16s Waiting 8.0s for "Response for x (grid units)" TextField to exist
    t =    18.22s     Checking `Expect predicate `existsNoRetry == 1` for object "Response for x (grid units)" TextField`
    t =    18.22s         Checking existence of `"Response for x (grid units)" TextField`
    t =    18.32s Get all elements bound by index for: Descendants matching type ScrollView
    t =    18.38s Find the ScrollView (Element at index 0)
    t =    18.54s Find the Target Application 'com.zacrotech.NeuroForge'
    t =    18.59s Checking existence of `Keyboard (First Match)`
    t =    18.69s Get all elements bound by index for: Descendants matching type NavigationBar
    t =    18.74s Find the NavigationBar (Element at index 0)
    t =    18.80s Find the ScrollView at {{0.0, 154.5}, {375.0, 512.5}}
    t =    18.86s Find the ScrollView at {{0.0, 154.5}, {375.0, 512.5}}
    t =    18.92s Get all elements bound by index for: Descendants matching type TabBar
    t =    18.98s Find the TabBar (Element at index 0)
    t =    19.07s Checking existence of `"Response for x (grid units)" TextField`
    t =    19.18s Find the "Response for x (grid units)" TextField
    t =    19.29s Checking existence of `"session-submit" Any`
    t =    19.40s Find the "session-submit" Any
    t =    19.51s Find the "session-submit" Button
    t =    19.63s Find the "session-submit" Button
    t =    19.78s Checking existence of `"session-next" Any`
    t =    19.88s Checking existence of `"train-start-practice" Any`
    t =    19.98s Checking existence of `"train-start-graph-construction" Any`
    t =    20.09s Checking existence of `"Response for x (grid units)" TextField`
    t =    20.18s Find the "Response for x (grid units)" TextField
    t =    20.28s Checking existence of `"Response for x (grid units)" TextField`
    t =    20.37s Find the "Response for x (grid units)" TextField
    t =    20.47s Find the ScrollView at {{0.0, 154.5}, {375.0, 512.5}}
    t =    20.53s Checking existence of `"Response for x (grid units)" TextField`
    t =    20.62s Find the "Response for x (grid units)" TextField
    t =    20.72s Press Target Application 'com.zacrotech.NeuroForge'[0.00, 0.00] -> (187.5, 506.5) for 0.1 seconds, then drag to Target Application 'com.zacrotech.NeuroForge'[0.00, 0.00] -> (187.5, 248.5) with velocity of 250.00 pixels per second, and then hold for 0.2 seconds 
    t =    20.72s     Wait for com.zacrotech.NeuroForge to idle
    t =    20.72s     Find the Target Application 'com.zacrotech.NeuroForge'
    t =    20.77s     Check for interrupting elements affecting "NeuroForge" Application
    t =    21.01s     Synthesize event
    t =    21.01s         Find the Target Application 'com.zacrotech.NeuroForge'
    t =    21.06s         Find the Target Application 'com.zacrotech.NeuroForge'
    t =    21.11s         Find the Target Application 'com.zacrotech.NeuroForge'
    t =    21.16s         Find the Target Application 'com.zacrotech.NeuroForge'
    t =    21.21s         Find the Target Application 'com.zacrotech.NeuroForge'
    t =    22.92s     Wait for com.zacrotech.NeuroForge to idle
    t =    22.93s Get all elements bound by index for: Descendants matching type ScrollView
    t =    23.00s Find the ScrollView (Element at index 0)
    t =    23.07s Find the Target Application 'com.zacrotech.NeuroForge'
    t =    23.12s Checking existence of `Keyboard (First Match)`
    t =    23.23s Get all elements bound by index for: Descendants matching type NavigationBar
    t =    23.29s Find the NavigationBar (Element at index 0)
    t =    23.37s Find the ScrollView at {{0.0, 154.5}, {375.0, 512.5}}
    t =    23.44s Find the ScrollView at {{0.0, 154.5}, {375.0, 512.5}}
    t =    23.50s Get all elements bound by index for: Descendants matching type TabBar
    t =    23.56s Find the TabBar (Element at index 0)
    t =    23.63s Checking existence of `"Response for x (grid units)" TextField`
    t =    23.73s Find the "Response for x (grid units)" TextField
    t =    23.83s Checking existence of `"session-submit" Any`
    t =    23.93s Find the "session-submit" Any
    t =    24.04s Find the "session-submit" Button
    t =    24.15s Find the "session-submit" Button
    t =    24.26s Checking existence of `"session-next" Any`
    t =    24.36s Checking existence of `"train-start-practice" Any`
    t =    24.47s Checking existence of `"train-start-graph-construction" Any`
    t =    24.58s Checking existence of `"Response for x (grid units)" TextField`
    t =    24.67s Find the "Response for x (grid units)" TextField
    t =    24.77s Checking existence of `"Response for x (grid units)" TextField`
    t =    24.86s Find the "Response for x (grid units)" TextField
    t =    24.96s Find the ScrollView at {{0.0, 154.5}, {375.0, 512.5}}
    t =    25.03s Checking existence of `"Response for x (grid units)" TextField`
    t =    25.13s Find the "Response for x (grid units)" TextField
    t =    25.22s Press Target Application 'com.zacrotech.NeuroForge'[0.00, 0.00] -> (187.5, 506.5) for 0.1 seconds, then drag to Target Application 'com.zacrotech.NeuroForge'[0.00, 0.00] -> (187.5, 248.5) with velocity of 250.00 pixels per second, and then hold for 0.2 seconds 
    t =    25.22s     Wait for com.zacrotech.NeuroForge to idle
    t =    25.23s     Find the Target Application 'com.zacrotech.NeuroForge'
    t =    25.28s     Check for interrupting elements affecting "NeuroForge" Application
    t =    25.39s     Synthesize event
    t =    25.39s         Find the Target Application 'com.zacrotech.NeuroForge'
    t =    25.45s         Find the Target Application 'com.zacrotech.NeuroForge'
    t =    25.50s         Find the Target Application 'com.zacrotech.NeuroForge'
    t =    25.55s         Find the Target Application 'com.zacrotech.NeuroForge'
    t =    25.60s         Find the Target Application 'com.zacrotech.NeuroForge'
    t =    27.17s     Wait for com.zacrotech.NeuroForge to idle
    t =    27.18s Get all elements bound by index for: Descendants matching type ScrollView
    t =    27.23s Find the ScrollView (Element at index 0)
    t =    27.29s Find the Target Application 'com.zacrotech.NeuroForge'
    t =    27.34s Checking existence of `Keyboard (First Match)`
    t =    27.44s Get all elements bound by index for: Descendants matching type NavigationBar
    t =    27.49s Find the NavigationBar (Element at index 0)
    t =    27.55s Find the ScrollView at {{0.0, 154.5}, {375.0, 512.5}}
    t =    27.62s Find the ScrollView at {{0.0, 154.5}, {375.0, 512.5}}
    t =    27.68s Get all elements bound by index for: Descendants matching type TabBar
    t =    27.74s Find the TabBar (Element at index 0)
    t =    27.83s Checking existence of `"Response for x (grid units)" TextField`
    t =    28.01s Find the "Response for x (grid units)" TextField
    t =    28.14s Checking existence of `"session-submit" Any`
    t =    28.25s Find the "session-submit" Any
    t =    28.38s Find the "session-submit" Button
    t =    28.48s Find the "session-submit" Button
    t =    28.58s Checking existence of `"session-next" Any`
    t =    28.68s Checking existence of `"train-start-practice" Any`
    t =    28.78s Checking existence of `"train-start-graph-construction" Any`
    t =    28.88s Checking existence of `"Response for x (grid units)" TextField`
    t =    28.98s Find the "Response for x (grid units)" TextField
    t =    29.08s Checking existence of `"Response for x (grid units)" TextField`
    t =    29.17s Find the "Response for x (grid units)" TextField
    t =    29.27s Find the ScrollView at {{0.0, 154.5}, {375.0, 512.5}}
    t =    29.33s Checking existence of `"Response for x (grid units)" TextField`
    t =    29.42s Find the "Response for x (grid units)" TextField
    t =    29.51s Press Target Application 'com.zacrotech.NeuroForge'[0.00, 0.00] -> (187.5, 506.5) for 0.1 seconds, then drag to Target Application 'com.zacrotech.NeuroForge'[0.00, 0.00] -> (187.5, 249.0) with velocity of 250.00 pixels per second, and then hold for 0.2 seconds 
    t =    29.51s     Wait for com.zacrotech.NeuroForge to idle
    t =    29.52s     Find the Target Application 'com.zacrotech.NeuroForge'
    t =    29.57s     Check for interrupting elements affecting "NeuroForge" Application
    t =    29.66s     Synthesize event
    t =    29.66s         Find the Target Application 'com.zacrotech.NeuroForge'
    t =    29.71s         Find the Target Application 'com.zacrotech.NeuroForge'
    t =    29.76s         Find the Target Application 'com.zacrotech.NeuroForge'
    t =    29.80s         Find the Target Application 'com.zacrotech.NeuroForge'
    t =    29.86s         Find the Target Application 'com.zacrotech.NeuroForge'
    t =    31.43s     Wait for com.zacrotech.NeuroForge to idle
    t =    31.44s Get all elements bound by index for: Descendants matching type ScrollView
    t =    31.50s Find the ScrollView (Element at index 0)
    t =    31.57s Find the Target Application 'com.zacrotech.NeuroForge'
    t =    31.63s Checking existence of `Keyboard (First Match)`
    t =    31.75s Get all elements bound by index for: Descendants matching type NavigationBar
    t =    31.81s Find the NavigationBar (Element at index 0)
    t =    31.91s Find the ScrollView at {{0.0, 154.5}, {375.0, 512.5}}
    t =    31.98s Find the ScrollView at {{0.0, 154.5}, {375.0, 512.5}}
    t =    32.05s Get all elements bound by index for: Descendants matching type TabBar
    t =    32.10s Find the TabBar (Element at index 0)
    t =    32.19s Checking existence of `"Response for x (grid units)" TextField`
    t =    32.33s Find the "Response for x (grid units)" TextField
    t =    32.43s Checking existence of `"session-submit" Any`
    t =    32.54s Find the "session-submit" Any
    t =    32.66s Find the "session-submit" Button
    t =    32.76s Find the "session-submit" Button
    t =    32.86s Checking existence of `"session-next" Any`
    t =    32.96s Checking existence of `"train-start-practice" Any`
    t =    33.07s Checking existence of `"train-start-graph-construction" Any`
    t =    33.18s Checking existence of `"Response for x (grid units)" TextField`
    t =    33.27s Find the "Response for x (grid units)" TextField
    t =    33.38s Find the "Response for x (grid units)" TextField
    t =    33.47s Find the "Response for x (grid units)" TextField
    t =    33.57s Checking existence of `"Response for x (grid units)" TextField`
    t =    33.67s Find the "Response for x (grid units)" TextField
    t =    33.76s Find the ScrollView at {{0.0, 154.5}, {375.0, 512.5}}
    t =    33.82s Checking existence of `"Response for x (grid units)" TextField`
    t =    33.91s Find the "Response for x (grid units)" TextField
    t =    34.01s Press Target Application 'com.zacrotech.NeuroForge'[0.00, 0.00] -> (187.5, 506.5) for 0.1 seconds, then drag to Target Application 'com.zacrotech.NeuroForge'[0.00, 0.00] -> (187.5, 490.5) with velocity of 250.00 pixels per second, and then hold for 0.2 seconds 
    t =    34.01s     Wait for com.zacrotech.NeuroForge to idle
    t =    34.01s     Find the Target Application 'com.zacrotech.NeuroForge'
    t =    34.06s     Check for interrupting elements affecting "NeuroForge" Application
    t =    34.17s     Synthesize event
    t =    34.17s         Find the Target Application 'com.zacrotech.NeuroForge'
    t =    34.23s         Find the Target Application 'com.zacrotech.NeuroForge'
    t =    34.28s         Find the Target Application 'com.zacrotech.NeuroForge'
    t =    34.33s         Find the Target Application 'com.zacrotech.NeuroForge'
    t =    34.39s         Find the Target Application 'com.zacrotech.NeuroForge'
    t =    35.05s     Wait for com.zacrotech.NeuroForge to idle
    t =    35.06s Get all elements bound by index for: Descendants matching type ScrollView
    t =    35.11s Find the ScrollView (Element at index 0)
    t =    35.17s Find the Target Application 'com.zacrotech.NeuroForge'
    t =    35.22s Checking existence of `Keyboard (First Match)`
    t =    35.32s Get all elements bound by index for: Descendants matching type NavigationBar
    t =    35.37s Find the NavigationBar (Element at index 0)
    t =    35.44s Find the ScrollView at {{0.0, 154.5}, {375.0, 512.5}}
    t =    35.50s Find the ScrollView at {{0.0, 154.5}, {375.0, 512.5}}
    t =    35.55s Get all elements bound by index for: Descendants matching type TabBar
    t =    35.60s Find the TabBar (Element at index 0)
    t =    35.67s Checking existence of `"Response for x (grid units)" TextField`
    t =    35.77s Find the "Response for x (grid units)" TextField
    t =    35.86s Checking existence of `"session-submit" Any`
    t =    35.96s Find the "session-submit" Any
    t =    36.07s Find the "session-submit" Button
    t =    36.18s Find the "session-submit" Button
    t =    36.28s Checking existence of `"session-next" Any`
    t =    36.37s Checking existence of `"train-start-practice" Any`
    t =    36.47s Checking existence of `"train-start-graph-construction" Any`
    t =    36.57s Checking existence of `"Response for x (grid units)" TextField`
    t =    36.67s Find the "Response for x (grid units)" TextField
    t =    36.77s Find the "Response for x (grid units)" TextField
    t =    36.87s Find the "Response for x (grid units)" TextField
    t =    36.97s Checking existence of `"Response for x (grid units)" TextField`
    t =    37.06s Find the "Response for x (grid units)" TextField
    t =    37.17s Find the ScrollView at {{0.0, 154.5}, {375.0, 512.5}}
    t =    37.23s Checking existence of `"Response for x (grid units)" TextField`
    t =    37.32s Find the "Response for x (grid units)" TextField
    t =    37.42s Press Target Application 'com.zacrotech.NeuroForge'[0.00, 0.00] -> (187.5, 506.5) for 0.1 seconds, then drag to Target Application 'com.zacrotech.NeuroForge'[0.00, 0.00] -> (187.5, 490.5) with velocity of 250.00 pixels per second, and then hold for 0.2 seconds 
    t =    37.42s     Wait for com.zacrotech.NeuroForge to idle
    t =    37.42s     Find the Target Application 'com.zacrotech.NeuroForge'
    t =    37.48s     Check for interrupting elements affecting "NeuroForge" Application
    t =    37.63s     Synthesize event
    t =    37.63s         Find the Target Application 'com.zacrotech.NeuroForge'
    t =    37.68s         Find the Target Application 'com.zacrotech.NeuroForge'
    t =    37.73s         Find the Target Application 'com.zacrotech.NeuroForge'
    t =    37.78s         Find the Target Application 'com.zacrotech.NeuroForge'
    t =    37.84s         Find the Target Application 'com.zacrotech.NeuroForge'
    t =    38.52s     Wait for com.zacrotech.NeuroForge to idle
    t =    39.98s Get all elements bound by index for: Descendants matching type ScrollView
    t =    40.05s Find the ScrollView (Element at index 0)
    t =    40.12s Find the Target Application 'com.zacrotech.NeuroForge'
    t =    40.16s Checking existence of `Keyboard (First Match)`
    t =    40.26s Get all elements bound by index for: Descendants matching type NavigationBar
    t =    40.31s Find the NavigationBar (Element at index 0)
    t =    40.38s Find the ScrollView at {{0.0, 154.5}, {375.0, 512.5}}
    t =    40.43s Find the ScrollView at {{0.0, 154.5}, {375.0, 512.5}}
    t =    40.49s Get all elements bound by index for: Descendants matching type TabBar
    t =    40.54s Find the TabBar (Element at index 0)
    t =    40.61s Checking existence of `"Response for x (grid units)" TextField`
    t =    40.72s Find the "Response for x (grid units)" TextField
    t =    40.82s Checking existence of `"session-submit" Any`
    t =    40.91s Find the "session-submit" Any
    t =    41.03s Find the "session-submit" Button
    t =    41.12s Find the "session-submit" Button
    t =    41.22s Checking existence of `"session-next" Any`
    t =    41.31s Checking existence of `"train-start-practice" Any`
    t =    41.41s Checking existence of `"train-start-graph-construction" Any`
    t =    41.51s Checking existence of `"Response for x (grid units)" TextField`
    t =    41.62s Find the "Response for x (grid units)" TextField
    t =    41.74s Find the "Response for x (grid units)" TextField
    t =    41.84s Find the "Response for x (grid units)" TextField
    t =    41.94s Find the "Response for x (grid units)" TextField
    t =    42.03s Press "Response for x (grid units)" TextField for 0.1 seconds
    t =    42.03s     Wait for com.zacrotech.NeuroForge to idle
    t =    42.03s     Find the "Response for x (grid units)" TextField
    t =    42.12s     Check for interrupting elements affecting "Response for x (grid units)" TextField
    t =    42.19s     Synthesize event
    t =    42.57s     Wait for com.zacrotech.NeuroForge to idle
    t =    43.94s Waiting 5.0s for Keyboard (First Match) to exist
    t =    45.00s     Checking `Expect predicate `existsNoRetry == 1` for object Keyboard (First Match)`
    t =    45.01s         Checking existence of `Keyboard (First Match)`
    t =    45.03s Type '-2' into "Response for x (grid units)" TextField
    t =    45.04s     Wait for com.zacrotech.NeuroForge to idle
    t =    45.04s     Find the "Response for x (grid units)" TextField
    t =    45.19s     Check for interrupting elements affecting "Response for x (grid units)" TextField
    t =    45.26s     Synthesize event
    t =    45.50s     Wait for com.zacrotech.NeuroForge to idle
    t =    46.58s Checking `Expect predicate `value == "-2"` for object "Response for x (grid units)" TextField`
    t =    46.59s     Find the "Response for x (grid units)" TextField
    t =    46.71s Waiting 8.0s for "Response for y (grid units)" TextField to exist
    t =    47.75s     Checking `Expect predicate `existsNoRetry == 1` for object "Response for y (grid units)" TextField`
    t =    47.76s         Checking existence of `"Response for y (grid units)" TextField`
    t =    47.86s Get all elements bound by index for: Descendants matching type ScrollView
    t =    47.92s Find the ScrollView (Element at index 0)
    t =    48.00s Find the Target Application 'com.zacrotech.NeuroForge'
    t =    48.05s Checking existence of `Keyboard (First Match)`
    t =    48.06s Find the Keyboard (First Match)
    t =    48.09s Get all elements bound by index for: Descendants matching type NavigationBar
    t =    48.14s Find the NavigationBar (Element at index 0)
    t =    48.21s Find the ScrollView at {{0.0, 154.5}, {375.0, 512.5}}
    t =    48.27s Find the ScrollView at {{0.0, 154.5}, {375.0, 512.5}}
    t =    48.33s Get all elements bound by index for: Descendants matching type TabBar
    t =    48.39s Find the TabBar (Element at index 0)
    t =    48.45s Checking existence of `"Response for y (grid units)" TextField`
    t =    48.54s Find the "Response for y (grid units)" TextField
    t =    48.64s Checking existence of `"session-submit" Any`
    t =    48.74s Find the "session-submit" Any
    t =    48.84s Find the "session-submit" Button
    t =    48.94s Find the "session-submit" Button
    t =    49.04s Checking existence of `"session-next" Any`
    t =    49.13s Checking existence of `"train-start-practice" Any`
    t =    49.23s Checking existence of `"train-start-graph-construction" Any`
    t =    49.32s Checking existence of `"Response for y (grid units)" TextField`
    t =    49.41s Find the "Response for y (grid units)" TextField
    t =    49.50s Find the "Response for y (grid units)" TextField
    t =    49.59s Find the "Response for y (grid units)" TextField
    t =    49.68s Checking existence of `"Response for y (grid units)" TextField`
    t =    49.77s Find the "Response for y (grid units)" TextField
    t =    49.86s Find the ScrollView at {{0.0, 154.5}, {375.0, 512.5}}
    t =    49.92s Checking existence of `"Response for y (grid units)" TextField`
    t =    50.01s Find the "Response for y (grid units)" TextField
    t =    50.10s Press Target Application 'com.zacrotech.NeuroForge'[0.00, 0.00] -> (187.5, 298.5) for 0.1 seconds, then drag to Target Application 'com.zacrotech.NeuroForge'[0.00, 0.00] -> (187.5, 211.5) with velocity of 250.00 pixels per second, and then hold for 0.2 seconds 
    t =    50.10s     Wait for com.zacrotech.NeuroForge to idle
    t =    50.11s     Find the Target Application 'com.zacrotech.NeuroForge'
    t =    50.16s     Check for interrupting elements affecting "NeuroForge" Application
    t =    50.23s     Synthesize event
    t =    50.23s         Find the Target Application 'com.zacrotech.NeuroForge'
    t =    50.28s         Find the Target Application 'com.zacrotech.NeuroForge'
    t =    50.33s         Find the Target Application 'com.zacrotech.NeuroForge'
    t =    50.39s         Find the Target Application 'com.zacrotech.NeuroForge'
    t =    50.44s         Find the Target Application 'com.zacrotech.NeuroForge'
    t =    51.34s     Wait for com.zacrotech.NeuroForge to idle
    t =    51.34s Get all elements bound by index for: Descendants matching type ScrollView
    t =    51.41s Find the ScrollView (Element at index 0)
    t =    51.49s Find the Target Application 'com.zacrotech.NeuroForge'
    t =    51.54s Checking existence of `Keyboard (First Match)`
    t =    51.55s Find the Keyboard (First Match)
    t =    51.58s Get all elements bound by index for: Descendants matching type NavigationBar
    t =    51.69s Find the NavigationBar (Element at index 0)
    t =    51.85s Find the ScrollView at {{0.0, 154.5}, {375.0, 512.5}}
    t =    51.92s Find the ScrollView at {{0.0, 154.5}, {375.0, 512.5}}
    t =    52.01s Get all elements bound by index for: Descendants matching type TabBar
    t =    52.08s Find the TabBar (Element at index 0)
    t =    52.16s Checking existence of `"Response for y (grid units)" TextField`
    t =    52.26s Find the "Response for y (grid units)" TextField
    t =    52.35s Checking existence of `"session-submit" Any`
    t =    52.44s Find the "session-submit" Any
    t =    52.54s Find the "session-submit" Button
    t =    52.64s Find the "session-submit" Button
    t =    52.75s Checking existence of `"session-next" Any`
    t =    52.86s Checking existence of `"train-start-practice" Any`
    t =    52.96s Checking existence of `"train-start-graph-construction" Any`
    t =    53.06s Checking existence of `"Response for y (grid units)" TextField`
    t =    53.15s Find the "Response for y (grid units)" TextField
    t =    53.24s Find the "Response for y (grid units)" TextField
    t =    53.33s Find the "Response for y (grid units)" TextField
    t =    53.46s Checking existence of `"Response for y (grid units)" TextField`
    t =    53.59s Find the "Response for y (grid units)" TextField
    t =    53.72s Find the ScrollView at {{0.0, 154.5}, {375.0, 512.5}}
    t =    53.79s Checking existence of `"Response for y (grid units)" TextField`
    t =    53.88s Find the "Response for y (grid units)" TextField
    t =    53.99s Press Target Application 'com.zacrotech.NeuroForge'[0.00, 0.00] -> (187.5, 298.5) for 0.1 seconds, then drag to Target Application 'com.zacrotech.NeuroForge'[0.00, 0.00] -> (187.5, 282.5) with velocity of 250.00 pixels per second, and then hold for 0.2 seconds 
    t =    53.99s     Wait for com.zacrotech.NeuroForge to idle
    t =    53.99s     Find the Target Application 'com.zacrotech.NeuroForge'
    t =    54.09s     Check for interrupting elements affecting "NeuroForge" Application
    t =    54.18s     Synthesize event
    t =    54.18s         Find the Target Application 'com.zacrotech.NeuroForge'
    t =    54.23s         Find the Target Application 'com.zacrotech.NeuroForge'
    t =    54.28s         Find the Target Application 'com.zacrotech.NeuroForge'
    t =    54.34s         Find the Target Application 'com.zacrotech.NeuroForge'
    t =    54.40s         Find the Target Application 'com.zacrotech.NeuroForge'
    t =    55.03s     Wait for com.zacrotech.NeuroForge to idle
    t =    55.03s Get all elements bound by index for: Descendants matching type ScrollView
    t =    55.12s Find the ScrollView (Element at index 0)
    t =    55.18s Find the Target Application 'com.zacrotech.NeuroForge'
    t =    55.23s Checking existence of `Keyboard (First Match)`
    t =    55.24s Find the Keyboard (First Match)
    t =    55.26s Get all elements bound by index for: Descendants matching type NavigationBar
    t =    55.31s Find the NavigationBar (Element at index 0)
    t =    55.38s Find the ScrollView at {{0.0, 154.5}, {375.0, 512.5}}
    t =    55.44s Find the ScrollView at {{0.0, 154.5}, {375.0, 512.5}}
    t =    55.50s Get all elements bound by index for: Descendants matching type TabBar
    t =    55.55s Find the TabBar (Element at index 0)
    t =    55.62s Checking existence of `"Response for y (grid units)" TextField`
    t =    55.71s Find the "Response for y (grid units)" TextField
    t =    55.80s Checking existence of `"session-submit" Any`
    t =    55.89s Find the "session-submit" Any
    t =    56.00s Find the "session-submit" Button
    t =    56.09s Find the "session-submit" Button
    t =    56.19s Checking existence of `"session-next" Any`
    t =    56.29s Checking existence of `"train-start-practice" Any`
    t =    56.39s Checking existence of `"train-start-graph-construction" Any`
    t =    56.49s Checking existence of `"Response for y (grid units)" TextField`
    t =    56.60s Find the "Response for y (grid units)" TextField
    t =    56.71s Find the "Response for y (grid units)" TextField
    t =    56.81s Find the "Response for y (grid units)" TextField
    t =    56.90s Checking existence of `"Response for y (grid units)" TextField`
    t =    56.99s Find the "Response for y (grid units)" TextField
    t =    57.08s Find the ScrollView at {{0.0, 154.5}, {375.0, 512.5}}
    t =    57.14s Checking existence of `"Response for y (grid units)" TextField`
    t =    57.24s Find the "Response for y (grid units)" TextField
    t =    57.34s Press Target Application 'com.zacrotech.NeuroForge'[0.00, 0.00] -> (187.5, 298.5) for 0.1 seconds, then drag to Target Application 'com.zacrotech.NeuroForge'[0.00, 0.00] -> (187.5, 282.5) with velocity of 250.00 pixels per second, and then hold for 0.2 seconds 
    t =    57.34s     Wait for com.zacrotech.NeuroForge to idle
    t =    57.34s     Find the Target Application 'com.zacrotech.NeuroForge'
    t =    57.39s     Check for interrupting elements affecting "NeuroForge" Application
    t =    57.46s     Synthesize event
    t =    57.46s         Find the Target Application 'com.zacrotech.NeuroForge'
    t =    57.51s         Find the Target Application 'com.zacrotech.NeuroForge'
    t =    57.56s         Find the Target Application 'com.zacrotech.NeuroForge'
    t =    57.61s         Find the Target Application 'com.zacrotech.NeuroForge'
    t =    57.66s         Find the Target Application 'com.zacrotech.NeuroForge'
    t =    58.27s     Wait for com.zacrotech.NeuroForge to idle
    t =    59.72s Get all elements bound by index for: Descendants matching type ScrollView
    t =    59.79s Find the ScrollView (Element at index 0)
    t =    59.86s Find the Target Application 'com.zacrotech.NeuroForge'
    t =    59.91s Checking existence of `Keyboard (First Match)`
    t =    59.92s Find the Keyboard (First Match)
    t =    59.93s Get all elements bound by index for: Descendants matching type NavigationBar
    t =    59.99s Find the NavigationBar (Element at index 0)
    t =    60.06s Find the ScrollView at {{0.0, 154.5}, {375.0, 512.5}}
    t =    60.12s Find the ScrollView at {{0.0, 154.5}, {375.0, 512.5}}
    t =    60.18s Get all elements bound by index for: Descendants matching type TabBar
    t =    60.24s Find the TabBar (Element at index 0)
    t =    60.30s Checking existence of `"Response for y (grid units)" TextField`
    t =    60.40s Find the "Response for y (grid units)" TextField
    t =    60.49s Checking existence of `"session-submit" Any`
    t =    60.59s Find the "session-submit" Any
    t =    60.70s Find the "session-submit" Button
    t =    60.79s Find the "session-submit" Button
    t =    60.89s Checking existence of `"session-next" Any`
    t =    60.99s Checking existence of `"train-start-practice" Any`
    t =    61.08s Checking existence of `"train-start-graph-construction" Any`
    t =    61.17s Checking existence of `"Response for y (grid units)" TextField`
    t =    61.26s Find the "Response for y (grid units)" TextField
    t =    61.36s Find the "Response for y (grid units)" TextField
    t =    61.45s Checking existence of `"Response for y (grid units)" TextField`
    t =    61.53s Find the "Response for y (grid units)" TextField
    t =    61.63s Find the ScrollView at {{0.0, 154.5}, {375.0, 512.5}}
    t =    61.68s Checking existence of `"Response for y (grid units)" TextField`
    t =    61.78s Find the "Response for y (grid units)" TextField
    t =    61.87s Press Target Application 'com.zacrotech.NeuroForge'[0.00, 0.00] -> (187.5, 196.5) for 0.1 seconds, then drag to Target Application 'com.zacrotech.NeuroForge'[0.00, 0.00] -> (187.5, 212.5) with velocity of 250.00 pixels per second, and then hold for 0.2 seconds 
    t =    61.87s     Wait for com.zacrotech.NeuroForge to idle
    t =    61.88s     Find the Target Application 'com.zacrotech.NeuroForge'
    t =    61.93s     Check for interrupting elements affecting "NeuroForge" Application
    t =    61.99s     Synthesize event
    t =    61.99s         Find the Target Application 'com.zacrotech.NeuroForge'
    t =    62.05s         Find the Target Application 'com.zacrotech.NeuroForge'
    t =    62.10s         Find the Target Application 'com.zacrotech.NeuroForge'
    t =    62.14s         Find the Target Application 'com.zacrotech.NeuroForge'
    t =    62.20s         Find the Target Application 'com.zacrotech.NeuroForge'
    t =    62.81s     Wait for com.zacrotech.NeuroForge to idle
    t =    64.27s Get all elements bound by index for: Descendants matching type ScrollView
    t =    64.33s Find the ScrollView (Element at index 0)
    t =    64.43s Find the Target Application 'com.zacrotech.NeuroForge'
    t =    64.56s Checking existence of `Keyboard (First Match)`
    t =    64.59s Find the Keyboard (First Match)
    t =    64.65s Get all elements bound by index for: Descendants matching type NavigationBar
    t =    64.71s Find the NavigationBar (Element at index 0)
    t =    64.80s Find the ScrollView at {{0.0, 154.5}, {375.0, 512.5}}
    t =    64.87s Find the ScrollView at {{0.0, 154.5}, {375.0, 512.5}}
    t =    64.93s Get all elements bound by index for: Descendants matching type TabBar
    t =    64.99s Find the TabBar (Element at index 0)
    t =    65.05s Checking existence of `"Response for y (grid units)" TextField`
    t =    65.15s Find the "Response for y (grid units)" TextField
    t =    65.24s Checking existence of `"session-submit" Any`
    t =    65.35s Find the "session-submit" Any
    t =    65.45s Find the "session-submit" Button
    t =    65.55s Find the "session-submit" Button
    t =    65.66s Checking existence of `"session-next" Any`
    t =    65.77s Checking existence of `"train-start-practice" Any`
    t =    65.87s Checking existence of `"train-start-graph-construction" Any`
    t =    65.97s Checking existence of `"Response for y (grid units)" TextField`
    t =    66.06s Find the "Response for y (grid units)" TextField
    t =    66.17s Find the "Response for y (grid units)" TextField
    t =    66.27s Find the "Response for y (grid units)" TextField
    t =    66.36s Checking existence of `"Response for y (grid units)" TextField`
    t =    66.45s Find the "Response for y (grid units)" TextField
    t =    66.56s Find the ScrollView at {{0.0, 154.5}, {375.0, 512.5}}
    t =    66.63s Checking existence of `"Response for y (grid units)" TextField`
    t =    66.74s Find the "Response for y (grid units)" TextField
    t =    66.83s Press Target Application 'com.zacrotech.NeuroForge'[0.00, 0.00] -> (187.5, 298.5) for 0.1 seconds, then drag to Target Application 'com.zacrotech.NeuroForge'[0.00, 0.00] -> (187.5, 282.5) with velocity of 250.00 pixels per second, and then hold for 0.2 seconds 
    t =    66.83s     Wait for com.zacrotech.NeuroForge to idle
    t =    66.83s     Find the Target Application 'com.zacrotech.NeuroForge'
    t =    66.88s     Check for interrupting elements affecting "NeuroForge" Application
    t =    66.95s     Synthesize event
    t =    66.95s         Find the Target Application 'com.zacrotech.NeuroForge'
    t =    67.01s         Find the Target Application 'com.zacrotech.NeuroForge'
    t =    67.06s         Find the Target Application 'com.zacrotech.NeuroForge'
    t =    67.10s         Find the Target Application 'com.zacrotech.NeuroForge'
    t =    67.16s         Find the Target Application 'com.zacrotech.NeuroForge'
    t =    67.78s     Wait for com.zacrotech.NeuroForge to idle
    t =    69.24s Get all elements bound by index for: Descendants matching type ScrollView
    t =    69.30s Find the ScrollView (Element at index 0)
    t =    69.36s Find the Target Application 'com.zacrotech.NeuroForge'
    t =    69.41s Checking existence of `Keyboard (First Match)`
    t =    69.43s Find the Keyboard (First Match)
    t =    69.44s Get all elements bound by index for: Descendants matching type NavigationBar
    t =    69.50s Find the NavigationBar (Element at index 0)
    t =    69.57s Find the ScrollView at {{0.0, 154.5}, {375.0, 512.5}}
    t =    69.63s Find the ScrollView at {{0.0, 154.5}, {375.0, 512.5}}
    t =    69.69s Get all elements bound by index for: Descendants matching type TabBar
    t =    69.75s Find the TabBar (Element at index 0)
    t =    69.81s Checking existence of `"Response for y (grid units)" TextField`
    t =    69.90s Find the "Response for y (grid units)" TextField
    t =    69.99s Checking existence of `"session-submit" Any`
    t =    70.08s Find the "session-submit" Any
    t =    70.18s Find the "session-submit" Button
    t =    70.29s Find the "session-submit" Button
    t =    70.39s Checking existence of `"session-next" Any`
    t =    70.48s Checking existence of `"train-start-practice" Any`
    t =    70.58s Checking existence of `"train-start-graph-construction" Any`
    t =    70.68s Checking existence of `"Response for y (grid units)" TextField`
    t =    70.76s Find the "Response for y (grid units)" TextField
    t =    70.86s Find the "Response for y (grid units)" TextField
    t =    70.95s Checking existence of `"Response for y (grid units)" TextField`
    t =    71.04s Find the "Response for y (grid units)" TextField
    t =    71.13s Find the ScrollView at {{0.0, 154.5}, {375.0, 512.5}}
    t =    71.20s Checking existence of `"Response for y (grid units)" TextField`
    t =    71.28s Find the "Response for y (grid units)" TextField
    t =    71.37s Press Target Application 'com.zacrotech.NeuroForge'[0.00, 0.00] -> (187.5, 196.5) for 0.1 seconds, then drag to Target Application 'com.zacrotech.NeuroForge'[0.00, 0.00] -> (187.5, 212.5) with velocity of 250.00 pixels per second, and then hold for 0.2 seconds 
    t =    71.37s     Wait for com.zacrotech.NeuroForge to idle
    t =    71.37s     Find the Target Application 'com.zacrotech.NeuroForge'
    t =    71.43s     Check for interrupting elements affecting "NeuroForge" Application
    t =    71.49s     Synthesize event
    t =    71.50s         Find the Target Application 'com.zacrotech.NeuroForge'
    t =    71.54s         Find the Target Application 'com.zacrotech.NeuroForge'
    t =    71.59s         Find the Target Application 'com.zacrotech.NeuroForge'
    t =    71.64s         Find the Target Application 'com.zacrotech.NeuroForge'
    t =    71.69s         Find the Target Application 'com.zacrotech.NeuroForge'
    t =    72.31s     Wait for com.zacrotech.NeuroForge to idle
    t =    73.79s Get all elements bound by index for: Descendants matching type ScrollView
    t =    73.91s Find the ScrollView (Element at index 0)
    t =    73.99s Find the Target Application 'com.zacrotech.NeuroForge'
    t =    74.03s Checking existence of `Keyboard (First Match)`
    t =    74.05s Find the Keyboard (First Match)
    t =    74.06s Get all elements bound by index for: Descendants matching type NavigationBar
    t =    74.12s Find the NavigationBar (Element at index 0)
    t =    74.18s Find the ScrollView at {{0.0, 154.5}, {375.0, 512.5}}
    t =    74.24s Find the ScrollView at {{0.0, 154.5}, {375.0, 512.5}}
    t =    74.30s Get all elements bound by index for: Descendants matching type TabBar
    t =    74.36s Find the TabBar (Element at index 0)
    t =    74.43s Checking existence of `"Response for y (grid units)" TextField`
    t =    74.54s Find the "Response for y (grid units)" TextField
    t =    74.63s Checking existence of `"session-submit" Any`
    t =    74.72s Find the "session-submit" Any
    t =    74.84s Find the "session-submit" Button
    t =    74.94s Find the "session-submit" Button
    t =    75.05s Checking existence of `"session-next" Any`
    t =    75.16s Checking existence of `"train-start-practice" Any`
    t =    75.26s Checking existence of `"train-start-graph-construction" Any`
    t =    75.36s Checking existence of `"Response for y (grid units)" TextField`
    t =    75.45s Find the "Response for y (grid units)" TextField
    t =    75.55s Find the "Response for y (grid units)" TextField
    t =    75.65s Find the "Response for y (grid units)" TextField
    t =    75.74s Checking existence of `"Response for y (grid units)" TextField`
    t =    75.84s Find the "Response for y (grid units)" TextField
    t =    75.94s Find the ScrollView at {{0.0, 154.5}, {375.0, 512.5}}
    t =    75.99s Checking existence of `"Response for y (grid units)" TextField`
    t =    76.08s Find the "Response for y (grid units)" TextField
    t =    76.17s Press Target Application 'com.zacrotech.NeuroForge'[0.00, 0.00] -> (187.5, 298.5) for 0.1 seconds, then drag to Target Application 'com.zacrotech.NeuroForge'[0.00, 0.00] -> (187.5, 282.5) with velocity of 250.00 pixels per second, and then hold for 0.2 seconds 
    t =    76.17s     Wait for com.zacrotech.NeuroForge to idle
    t =    76.18s     Find the Target Application 'com.zacrotech.NeuroForge'
    t =    76.23s     Check for interrupting elements affecting "NeuroForge" Application
    t =    76.31s     Synthesize event
    t =    76.31s         Find the Target Application 'com.zacrotech.NeuroForge'
    t =    76.36s         Find the Target Application 'com.zacrotech.NeuroForge'
    t =    76.42s         Find the Target Application 'com.zacrotech.NeuroForge'
    t =    76.46s         Find the Target Application 'com.zacrotech.NeuroForge'
    t =    76.51s         Find the Target Application 'com.zacrotech.NeuroForge'
    t =    77.14s     Wait for com.zacrotech.NeuroForge to idle
    t =    78.59s Get all elements bound by index for: Descendants matching type ScrollView
    t =    78.65s Find the ScrollView (Element at index 0)
    t =    78.71s Find the Target Application 'com.zacrotech.NeuroForge'
    t =    78.76s Checking existence of `Keyboard (First Match)`
    t =    78.78s Find the Keyboard (First Match)
    t =    78.79s Get all elements bound by index for: Descendants matching type NavigationBar
    t =    78.85s Find the NavigationBar (Element at index 0)
    t =    78.91s Find the ScrollView at {{0.0, 154.5}, {375.0, 512.5}}
    t =    78.97s Find the ScrollView at {{0.0, 154.5}, {375.0, 512.5}}
    t =    79.03s Get all elements bound by index for: Descendants matching type TabBar
    t =    79.09s Find the TabBar (Element at index 0)
    t =    79.15s Checking existence of `"Response for y (grid units)" TextField`
    t =    79.24s Find the "Response for y (grid units)" TextField
    t =    79.33s Checking existence of `"session-submit" Any`
    t =    79.43s Find the "session-submit" Any
    t =    79.53s Find the "session-submit" Button
    t =    79.63s Find the "session-submit" Button
    t =    79.72s Checking existence of `"session-next" Any`
    t =    79.82s Checking existence of `"train-start-practice" Any`
    t =    79.92s Checking existence of `"train-start-graph-construction" Any`
    t =    80.01s Checking existence of `"Response for y (grid units)" TextField`
    t =    80.10s Find the "Response for y (grid units)" TextField
    t =    80.20s Find the "Response for y (grid units)" TextField
    t =    80.29s Checking existence of `"Response for y (grid units)" TextField`
    t =    80.37s Find the "Response for y (grid units)" TextField
    t =    80.47s Find the ScrollView at {{0.0, 154.5}, {375.0, 512.5}}
    t =    80.53s Checking existence of `"Response for y (grid units)" TextField`
    t =    80.61s Find the "Response for y (grid units)" TextField
    t =    80.70s Press Target Application 'com.zacrotech.NeuroForge'[0.00, 0.00] -> (187.5, 196.5) for 0.1 seconds, then drag to Target Application 'com.zacrotech.NeuroForge'[0.00, 0.00] -> (187.5, 212.5) with velocity of 250.00 pixels per second, and then hold for 0.2 seconds 
    t =    80.70s     Wait for com.zacrotech.NeuroForge to idle
    t =    80.71s     Find the Target Application 'com.zacrotech.NeuroForge'
    t =    80.75s     Check for interrupting elements affecting "NeuroForge" Application
    t =    80.82s     Synthesize event
    t =    80.82s         Find the Target Application 'com.zacrotech.NeuroForge'
    t =    80.87s         Find the Target Application 'com.zacrotech.NeuroForge'
    t =    80.92s         Find the Target Application 'com.zacrotech.NeuroForge'
    t =    80.97s         Find the Target Application 'com.zacrotech.NeuroForge'
    t =    81.02s         Find the Target Application 'com.zacrotech.NeuroForge'
    t =    81.64s     Wait for com.zacrotech.NeuroForge to idle
    t =    83.09s Get all elements bound by index for: Descendants matching type ScrollView
    t =    83.15s Find the ScrollView (Element at index 0)
    t =    83.22s Find the Target Application 'com.zacrotech.NeuroForge'
    t =    83.27s Checking existence of `Keyboard (First Match)`
    t =    83.28s Find the Keyboard (First Match)
    t =    83.29s Get all elements bound by index for: Descendants matching type NavigationBar
    t =    83.35s Find the NavigationBar (Element at index 0)
    t =    83.41s Find the ScrollView at {{0.0, 154.5}, {375.0, 512.5}}
    t =    83.47s Find the ScrollView at {{0.0, 154.5}, {375.0, 512.5}}
    t =    83.53s Get all elements bound by index for: Descendants matching type TabBar
    t =    83.58s Find the TabBar (Element at index 0)
    t =    83.65s Checking existence of `"Response for y (grid units)" TextField`
    t =    83.73s Find the "Response for y (grid units)" TextField
    t =    83.82s Checking existence of `"session-submit" Any`
    t =    83.91s Find the "session-submit" Any
    t =    84.02s Find the "session-submit" Button
    t =    84.15s Find the "session-submit" Button
    t =    84.26s Checking existence of `"session-next" Any`
    t =    84.36s Checking existence of `"train-start-practice" Any`
    t =    84.50s Checking existence of `"train-start-graph-construction" Any`
    t =    84.61s Checking existence of `"Response for y (grid units)" TextField`
    t =    84.72s Find the "Response for y (grid units)" TextField
    t =    84.84s Find the "Response for y (grid units)" TextField
    t =    84.94s Find the "Response for y (grid units)" TextField
    t =    85.04s Checking existence of `"Response for y (grid units)" TextField`
    t =    85.13s Find the "Response for y (grid units)" TextField
    t =    85.24s Find the ScrollView at {{0.0, 154.5}, {375.0, 512.5}}
    t =    85.30s Checking existence of `"Response for y (grid units)" TextField`
    t =    85.40s Find the "Response for y (grid units)" TextField
    t =    85.49s Press Target Application 'com.zacrotech.NeuroForge'[0.00, 0.00] -> (187.5, 298.5) for 0.1 seconds, then drag to Target Application 'com.zacrotech.NeuroForge'[0.00, 0.00] -> (187.5, 282.5) with velocity of 250.00 pixels per second, and then hold for 0.2 seconds 
    t =    85.49s     Wait for com.zacrotech.NeuroForge to idle
    t =    85.49s     Find the Target Application 'com.zacrotech.NeuroForge'
    t =    85.55s     Check for interrupting elements affecting "NeuroForge" Application
    t =    85.62s     Synthesize event
    t =    85.62s         Find the Target Application 'com.zacrotech.NeuroForge'
    t =    85.67s         Find the Target Application 'com.zacrotech.NeuroForge'
    t =    85.73s         Find the Target Application 'com.zacrotech.NeuroForge'
    t =    85.77s         Find the Target Application 'com.zacrotech.NeuroForge'
    t =    85.83s         Find the Target Application 'com.zacrotech.NeuroForge'
    t =    86.45s     Wait for com.zacrotech.NeuroForge to idle
    t =    87.91s Get all elements bound by index for: Descendants matching type ScrollView
    t =    87.97s Find the ScrollView (Element at index 0)
    t =    88.03s Find the Target Application 'com.zacrotech.NeuroForge'
    t =    88.09s Checking existence of `Keyboard (First Match)`
    t =    88.10s Find the Keyboard (First Match)
    t =    88.12s Get all elements bound by index for: Descendants matching type NavigationBar
    t =    88.17s Find the NavigationBar (Element at index 0)
    t =    88.24s Find the ScrollView at {{0.0, 154.5}, {375.0, 512.5}}
    t =    88.30s Find the ScrollView at {{0.0, 154.5}, {375.0, 512.5}}
    t =    88.36s Get all elements bound by index for: Descendants matching type TabBar
    t =    88.41s Find the TabBar (Element at index 0)
    t =    88.48s Checking existence of `"Response for y (grid units)" TextField`
    t =    88.57s Find the "Response for y (grid units)" TextField
    t =    88.66s Checking existence of `"session-submit" Any`
    t =    88.75s Find the "session-submit" Any
    t =    88.86s Find the "session-submit" Button
    t =    88.96s Find the "session-submit" Button
    t =    89.06s Checking existence of `"session-next" Any`
    t =    89.15s Checking existence of `"train-start-practice" Any`
    t =    89.24s Checking existence of `"train-start-graph-construction" Any`
    t =    89.34s Checking existence of `"Response for y (grid units)" TextField`
    t =    89.42s Find the "Response for y (grid units)" TextField
    t =    89.52s Find the "Response for y (grid units)" TextField
    t =    89.62s Checking existence of `"Response for y (grid units)" TextField`
    t =    89.71s Find the "Response for y (grid units)" TextField
    t =    89.80s Find the ScrollView at {{0.0, 154.5}, {375.0, 512.5}}
    t =    89.85s Checking existence of `"Response for y (grid units)" TextField`
    t =    89.94s Find the "Response for y (grid units)" TextField
    t =    90.03s Press Target Application 'com.zacrotech.NeuroForge'[0.00, 0.00] -> (187.5, 196.5) for 0.1 seconds, then drag to Target Application 'com.zacrotech.NeuroForge'[0.00, 0.00] -> (187.5, 212.5) with velocity of 250.00 pixels per second, and then hold for 0.2 seconds 
    t =    90.03s     Wait for com.zacrotech.NeuroForge to idle
    t =    90.03s     Find the Target Application 'com.zacrotech.NeuroForge'
    t =    90.08s     Check for interrupting elements affecting "NeuroForge" Application
    t =    90.15s     Synthesize event
    t =    90.15s         Find the Target Application 'com.zacrotech.NeuroForge'
    t =    90.20s         Find the Target Application 'com.zacrotech.NeuroForge'
    t =    90.24s         Find the Target Application 'com.zacrotech.NeuroForge'
    t =    90.29s         Find the Target Application 'com.zacrotech.NeuroForge'
    t =    90.34s         Find the Target Application 'com.zacrotech.NeuroForge'
    t =    90.96s     Wait for com.zacrotech.NeuroForge to idle
    t =    92.42s Get all elements bound by index for: Descendants matching type ScrollView
    t =    92.48s Find the ScrollView (Element at index 0)
    t =    92.55s Find the Target Application 'com.zacrotech.NeuroForge'
    t =    92.60s Checking existence of `Keyboard (First Match)`
    t =    92.62s Find the Keyboard (First Match)
    t =    92.63s Get all elements bound by index for: Descendants matching type NavigationBar
    t =    92.69s Find the NavigationBar (Element at index 0)
    t =    92.75s Find the ScrollView at {{0.0, 154.5}, {375.0, 512.5}}
    t =    92.81s Find the ScrollView at {{0.0, 154.5}, {375.0, 512.5}}
    t =    92.87s Get all elements bound by index for: Descendants matching type TabBar
    t =    92.92s Find the TabBar (Element at index 0)
    t =    92.99s Checking existence of `"Response for y (grid units)" TextField`
    t =    93.08s Find the "Response for y (grid units)" TextField
    t =    93.17s Checking existence of `"session-submit" Any`
    t =    93.27s Find the "session-submit" Any
    t =    93.37s Find the "session-submit" Button
    t =    93.47s Find the "session-submit" Button
    t =    93.57s Checking existence of `"session-next" Any`
    t =    93.68s Checking existence of `"train-start-practice" Any`
    t =    93.78s Checking existence of `"train-start-graph-construction" Any`
    t =    93.88s Checking existence of `"Response for y (grid units)" TextField`
    t =    93.98s Find the "Response for y (grid units)" TextField
    t =    94.08s Find the "Response for y (grid units)" TextField
    t =    94.17s Find the "Response for y (grid units)" TextField
    t =    94.26s Checking existence of `"Response for y (grid units)" TextField`
    t =    94.36s Find the "Response for y (grid units)" TextField
    t =    94.45s Find the ScrollView at {{0.0, 154.5}, {375.0, 512.5}}
    t =    94.52s Checking existence of `"Response for y (grid units)" TextField`
    t =    94.61s Find the "Response for y (grid units)" TextField
    t =    94.71s Press Target Application 'com.zacrotech.NeuroForge'[0.00, 0.00] -> (187.5, 298.5) for 0.1 seconds, then drag to Target Application 'com.zacrotech.NeuroForge'[0.00, 0.00] -> (187.5, 282.5) with velocity of 250.00 pixels per second, and then hold for 0.2 seconds 
    t =    94.71s     Wait for com.zacrotech.NeuroForge to idle
    t =    94.71s     Find the Target Application 'com.zacrotech.NeuroForge'
    t =    94.76s     Check for interrupting elements affecting "NeuroForge" Application
    t =    94.83s     Synthesize event
    t =    94.83s         Find the Target Application 'com.zacrotech.NeuroForge'
    t =    94.88s         Find the Target Application 'com.zacrotech.NeuroForge'
    t =    94.94s         Find the Target Application 'com.zacrotech.NeuroForge'
    t =    94.99s         Find the Target Application 'com.zacrotech.NeuroForge'
    t =    95.04s         Find the Target Application 'com.zacrotech.NeuroForge'
    t =    95.67s     Wait for com.zacrotech.NeuroForge to idle
    t =    97.12s Get all elements bound by index for: Descendants matching type ScrollView
    t =    97.18s Find the ScrollView (Element at index 0)
    t =    97.25s Find the Target Application 'com.zacrotech.NeuroForge'
    t =    97.31s Checking existence of `Keyboard (First Match)`
    t =    97.32s Find the Keyboard (First Match)
    t =    97.34s Get all elements bound by index for: Descendants matching type NavigationBar
    t =    97.40s Find the NavigationBar (Element at index 0)
    t =    97.46s Find the ScrollView at {{0.0, 154.5}, {375.0, 512.5}}
    t =    97.52s Find the ScrollView at {{0.0, 154.5}, {375.0, 512.5}}
    t =    97.58s Get all elements bound by index for: Descendants matching type TabBar
    t =    97.65s Find the TabBar (Element at index 0)
    t =    97.73s Checking existence of `"Response for y (grid units)" TextField`
    t =    97.84s Find the "Response for y (grid units)" TextField
    t =    97.94s Checking existence of `"session-submit" Any`
    t =    98.04s Find the "session-submit" Any
    t =    98.15s Find the "session-submit" Button
    t =    98.25s Find the "session-submit" Button
    t =    98.35s Checking existence of `"session-next" Any`
    t =    98.45s Checking existence of `"train-start-practice" Any`
    t =    98.55s Checking existence of `"train-start-graph-construction" Any`
    t =    98.65s Checking existence of `"Response for y (grid units)" TextField`
    t =    98.73s Find the "Response for y (grid units)" TextField
    t =    98.83s Find the "Response for y (grid units)" TextField
    t =    98.92s Checking existence of `"Response for y (grid units)" TextField`
    t =    99.01s Find the "Response for y (grid units)" TextField
    t =    99.10s Find the ScrollView at {{0.0, 154.5}, {375.0, 512.5}}
    t =    99.16s Checking existence of `"Response for y (grid units)" TextField`
    t =    99.25s Find the "Response for y (grid units)" TextField
    t =    99.34s Press Target Application 'com.zacrotech.NeuroForge'[0.00, 0.00] -> (187.5, 196.5) for 0.1 seconds, then drag to Target Application 'com.zacrotech.NeuroForge'[0.00, 0.00] -> (187.5, 212.5) with velocity of 250.00 pixels per second, and then hold for 0.2 seconds 
    t =    99.34s     Wait for com.zacrotech.NeuroForge to idle
    t =    99.35s     Find the Target Application 'com.zacrotech.NeuroForge'
    t =    99.39s     Check for interrupting elements affecting "NeuroForge" Application
    t =    99.46s     Synthesize event
    t =    99.46s         Find the Target Application 'com.zacrotech.NeuroForge'
    t =    99.51s         Find the Target Application 'com.zacrotech.NeuroForge'
    t =    99.56s         Find the Target Application 'com.zacrotech.NeuroForge'
    t =    99.61s         Find the Target Application 'com.zacrotech.NeuroForge'
    t =    99.66s         Find the Target Application 'com.zacrotech.NeuroForge'
    t =   100.29s     Wait for com.zacrotech.NeuroForge to idle
/Users/takamimarsh/Developer/Projects/Zacro Tech/NeuroForge/UITests/NavigationSmokeUITests.swift:1685: error: -[NeuroForgeUITests.NavigationSmokeUITests testSpatialCoordinateEntryRetainsOriginalAndWorkedCopyAfterFeedback] : XCTAssertTrue failed
    t =   102.34s Tear Down
Test Case '-[NeuroForgeUITests.NavigationSmokeUITests testSpatialCoordinateEntryRetainsOriginalAndWorkedCopyAfterFeedback]' failed (102.725 seconds).
Test Case '-[NeuroForgeUITests.NavigationSmokeUITests testSpatialLabeledCubeSeparatesCameraFromSavedAnswerAndObjectReplay]' started.
    t =     0.00s Start Test at 2026-09-05 17:08:49.363
    t =     0.05s Set Up
    t =     0.05s Open com.zacrotech.NeuroForge
    t =     0.05s     Launch com.zacrotech.NeuroForge
    t =     0.05s         Terminate com.zacrotech.NeuroForge:66807
2026-09-05 17:08:50.520 xcodebuild[66745:6028190] [MT] IDELaunchParametersSnapshot: The operation couldn’t be completed. (DebuggerLLDB.DebuggerVersionStore.StoreError error 0.)
2026-09-05 17:08:50.520 xcodebuild[66745:6028190] [MT] IDELaunchParametersSnapshot: no debugger version
    t =     1.57s         Setting up automation session
    t =     3.13s         Wait for com.zacrotech.NeuroForge to idle
    t =    12.30s Waiting 15.0s for "universal-session" Any to exist
    t =    13.31s     Checking `Expect predicate `existsNoRetry == 1` for object "universal-session" Any`
    t =    13.36s         Checking existence of `"universal-session" Any`
    t =    15.05s Waiting 3.0s for "session-resume" Any to exist
    t =    16.06s     Checking `Expect predicate `existsNoRetry == 1` for object "session-resume" Any`
    t =    16.06s         Checking existence of `"session-resume" Any`
    t =    16.17s         Capturing element debug description
    t =    17.08s     Checking `Expect predicate `existsNoRetry == 1` for object "session-resume" Any`
    t =    17.08s         Checking existence of `"session-resume" Any`
    t =    17.20s         Capturing element debug description
    t =    18.06s     Checking `Expect predicate `existsNoRetry == 1` for object "session-resume" Any`
    t =    18.06s         Checking existence of `"session-resume" Any`
    t =    18.18s         Capturing element debug description
    t =    18.18s     Checking existence of `"session-resume" Any`
    t =    18.28s Collecting debug information to assist test failure triage
    t =    18.28s     Requesting snapshot of accessibility hierarchy for app with pid 67514
    t =    18.43s Waiting 8.0s for "session-position" Any to exist
    t =    19.46s     Checking `Expect predicate `existsNoRetry == 1` for object "session-position" Any`
    t =    19.46s         Checking existence of `"session-position" Any`
    t =    19.57s Find the "session-position" Any
    t =    19.68s Waiting 8.0s for "session-prompt" Any to exist
    t =    20.69s     Checking `Expect predicate `existsNoRetry == 1` for object "session-prompt" Any`
    t =    20.69s         Checking existence of `"session-prompt" Any`
    t =    20.81s Find the "session-prompt" Any
    t =    20.92s Find the "spatial-face-A" Any
    t =    21.02s Find the "spatial-face-B" Any
    t =    21.12s Find the "spatial-face-C" Any
    t =    21.22s Find the "spatial-face-D" Any
    t =    21.32s Find the "spatial-face-E" Any
    t =    21.44s Find the "spatial-face-F" Any
    t =    21.56s Checking existence of `"spatial-structure-step" Button`
    t =    21.66s Find the "spatial-structure-step" Button
    t =    21.75s Get all elements bound by index for: Descendants matching type ScrollView
    t =    21.81s Find the ScrollView (Element at index 0)
    t =    21.92s Find the Target Application 'com.zacrotech.NeuroForge'
    t =    21.98s Checking existence of `Keyboard (First Match)`
    t =    22.09s Get all elements bound by index for: Descendants matching type NavigationBar
    t =    22.15s Find the NavigationBar (Element at index 0)
    t =    22.22s Find the ScrollView at {{0.0, 154.5}, {375.0, 512.5}}
    t =    22.30s Find the ScrollView at {{0.0, 154.5}, {375.0, 512.5}}
    t =    22.37s Get all elements bound by index for: Descendants matching type TabBar
    t =    22.43s Find the TabBar (Element at index 0)
    t =    22.50s Checking existence of `"spatial-structure-camera" Any`
    t =    22.61s Find the "spatial-structure-camera" Any
    t =    22.71s Checking existence of `"session-submit" Any`
    t =    22.81s Find the "session-submit" Any
    t =    22.94s Find the "session-submit" Button
    t =    23.05s Find the "session-submit" Button
    t =    23.16s Checking existence of `"session-next" Any`
    t =    23.26s Checking existence of `"train-start-practice" Any`
    t =    23.36s Checking existence of `"train-start-graph-construction" Any`
    t =    23.46s Checking existence of `"spatial-structure-camera" Button`
    t =    23.57s Find the "spatial-structure-camera" Button
    t =    23.68s Checking existence of `"spatial-structure-camera" Button`
    t =    23.79s Find the "spatial-structure-camera" Button
    t =    23.90s Find the ScrollView at {{0.0, 154.5}, {375.0, 512.5}}
    t =    23.96s Checking existence of `"spatial-structure-camera" Button`
    t =    24.07s Find the "spatial-structure-camera" Button
    t =    24.18s Press Target Application 'com.zacrotech.NeuroForge'[0.00, 0.00] -> (187.5, 506.5) for 0.1 seconds, then drag to Target Application 'com.zacrotech.NeuroForge'[0.00, 0.00] -> (187.5, 248.5) with velocity of 250.00 pixels per second, and then hold for 0.2 seconds 
    t =    24.18s     Wait for com.zacrotech.NeuroForge to idle
    t =    24.18s     Find the Target Application 'com.zacrotech.NeuroForge'
    t =    24.24s     Check for interrupting elements affecting "NeuroForge" Application
    t =    24.37s     Synthesize event
    t =    24.38s         Find the Target Application 'com.zacrotech.NeuroForge'
    t =    24.43s         Find the Target Application 'com.zacrotech.NeuroForge'
    t =    24.48s         Find the Target Application 'com.zacrotech.NeuroForge'
    t =    24.54s         Find the Target Application 'com.zacrotech.NeuroForge'
    t =    24.59s         Find the Target Application 'com.zacrotech.NeuroForge'
    t =    26.19s     Wait for com.zacrotech.NeuroForge to idle
    t =    26.19s Get all elements bound by index for: Descendants matching type ScrollView
    t =    26.27s Find the ScrollView (Element at index 0)
    t =    26.34s Find the Target Application 'com.zacrotech.NeuroForge'
    t =    26.40s Checking existence of `Keyboard (First Match)`
    t =    26.50s Get all elements bound by index for: Descendants matching type NavigationBar
    t =    26.56s Find the NavigationBar (Element at index 0)
    t =    26.63s Find the ScrollView at {{0.0, 154.5}, {375.0, 512.5}}
    t =    26.70s Find the ScrollView at {{0.0, 154.5}, {375.0, 512.5}}
    t =    26.75s Get all elements bound by index for: Descendants matching type TabBar
    t =    26.81s Find the TabBar (Element at index 0)
    t =    26.88s Checking existence of `"spatial-structure-camera" Button`
    t =    26.98s Find the "spatial-structure-camera" Button
    t =    27.08s Checking existence of `"session-submit" Any`
    t =    27.18s Find the "session-submit" Any
    t =    27.29s Find the "session-submit" Button
    t =    27.39s Find the "session-submit" Button
    t =    27.49s Checking existence of `"session-next" Any`
    t =    27.59s Checking existence of `"train-start-practice" Any`
    t =    27.69s Checking existence of `"train-start-graph-construction" Any`
    t =    27.79s Checking existence of `"spatial-structure-camera" Button`
    t =    27.88s Find the "spatial-structure-camera" Button
    t =    28.00s Find the "spatial-structure-camera" Button
    t =    28.11s Find the "spatial-structure-camera" Button
    t =    28.23s Checking existence of `"spatial-structure-camera" Button`
    t =    28.35s Find the "spatial-structure-camera" Button
    t =    28.49s Find the ScrollView at {{0.0, 154.5}, {375.0, 512.5}}
    t =    28.56s Checking existence of `"spatial-structure-camera" Button`
    t =    28.69s Find the "spatial-structure-camera" Button
    t =    28.81s Press Target Application 'com.zacrotech.NeuroForge'[0.00, 0.00] -> (187.5, 506.5) for 0.1 seconds, then drag to Target Application 'com.zacrotech.NeuroForge'[0.00, 0.00] -> (187.5, 387.5) with velocity of 250.00 pixels per second, and then hold for 0.2 seconds 
    t =    28.81s     Wait for com.zacrotech.NeuroForge to idle
    t =    28.82s     Find the Target Application 'com.zacrotech.NeuroForge'
    t =    28.88s     Check for interrupting elements affecting "NeuroForge" Application
    t =    28.97s     Synthesize event
    t =    28.97s         Find the Target Application 'com.zacrotech.NeuroForge'
    t =    29.04s         Find the Target Application 'com.zacrotech.NeuroForge'
    t =    29.10s         Find the Target Application 'com.zacrotech.NeuroForge'
    t =    29.18s         Find the Target Application 'com.zacrotech.NeuroForge'
    t =    29.26s         Find the Target Application 'com.zacrotech.NeuroForge'
    t =    30.30s     Wait for com.zacrotech.NeuroForge to idle
    t =    30.30s Get all elements bound by index for: Descendants matching type ScrollView
    t =    30.37s Find the ScrollView (Element at index 0)
    t =    30.44s Find the Target Application 'com.zacrotech.NeuroForge'
    t =    30.50s Checking existence of `Keyboard (First Match)`
    t =    30.60s Get all elements bound by index for: Descendants matching type NavigationBar
    t =    30.66s Find the NavigationBar (Element at index 0)
    t =    30.74s Find the ScrollView at {{0.0, 154.5}, {375.0, 512.5}}
    t =    30.81s Find the ScrollView at {{0.0, 154.5}, {375.0, 512.5}}
    t =    30.89s Get all elements bound by index for: Descendants matching type TabBar
    t =    30.95s Find the TabBar (Element at index 0)
    t =    31.02s Checking existence of `"spatial-structure-camera" Button`
    t =    31.14s Find the "spatial-structure-camera" Button
    t =    31.24s Checking existence of `"session-submit" Any`
    t =    31.35s Find the "session-submit" Any
    t =    31.47s Find the "session-submit" Button
    t =    31.60s Find the "session-submit" Button
    t =    31.71s Checking existence of `"session-next" Any`
    t =    31.82s Checking existence of `"train-start-practice" Any`
    t =    31.93s Checking existence of `"train-start-graph-construction" Any`
    t =    32.04s Checking existence of `"spatial-structure-camera" Button`
    t =    32.14s Find the "spatial-structure-camera" Button
    t =    32.26s Find the "spatial-structure-camera" Button
    t =    32.36s Find the "spatial-structure-camera" Button
    t =    32.46s Checking existence of `"spatial-structure-camera" Button`
    t =    32.57s Find the "spatial-structure-camera" Button
    t =    32.68s Find the ScrollView at {{0.0, 154.5}, {375.0, 512.5}}
    t =    32.75s Checking existence of `"spatial-structure-camera" Button`
    t =    32.85s Find the "spatial-structure-camera" Button
    t =    32.95s Press Target Application 'com.zacrotech.NeuroForge'[0.00, 0.00] -> (187.5, 506.5) for 0.1 seconds, then drag to Target Application 'com.zacrotech.NeuroForge'[0.00, 0.00] -> (187.5, 387.5) with velocity of 250.00 pixels per second, and then hold for 0.2 seconds 
    t =    32.95s     Wait for com.zacrotech.NeuroForge to idle
    t =    32.95s     Find the Target Application 'com.zacrotech.NeuroForge'
    t =    33.01s     Check for interrupting elements affecting "NeuroForge" Application
    t =    33.08s     Synthesize event
    t =    33.08s         Find the Target Application 'com.zacrotech.NeuroForge'
    t =    33.14s         Find the Target Application 'com.zacrotech.NeuroForge'
    t =    33.22s         Find the Target Application 'com.zacrotech.NeuroForge'
    t =    33.28s         Find the Target Application 'com.zacrotech.NeuroForge'
    t =    33.34s         Find the Target Application 'com.zacrotech.NeuroForge'
    t =    34.36s     Wait for com.zacrotech.NeuroForge to idle
    t =    34.36s Get all elements bound by index for: Descendants matching type ScrollView
    t =    34.43s Find the ScrollView (Element at index 0)
    t =    34.50s Find the Target Application 'com.zacrotech.NeuroForge'
    t =    34.56s Checking existence of `Keyboard (First Match)`
    t =    34.66s Get all elements bound by index for: Descendants matching type NavigationBar
    t =    34.73s Find the NavigationBar (Element at index 0)
    t =    34.80s Find the ScrollView at {{0.0, 154.5}, {375.0, 512.5}}
    t =    34.87s Find the ScrollView at {{0.0, 154.5}, {375.0, 512.5}}
    t =    34.95s Get all elements bound by index for: Descendants matching type TabBar
    t =    35.02s Find the TabBar (Element at index 0)
    t =    35.10s Checking existence of `"spatial-structure-camera" Button`
    t =    35.21s Find the "spatial-structure-camera" Button
    t =    35.32s Checking existence of `"session-submit" Any`
    t =    35.48s Find the "session-submit" Any
    t =    35.62s Find the "session-submit" Button
    t =    35.74s Find the "session-submit" Button
    t =    35.86s Checking existence of `"session-next" Any`
    t =    35.99s Checking existence of `"train-start-practice" Any`
    t =    36.12s Checking existence of `"train-start-graph-construction" Any`
    t =    36.26s Checking existence of `"spatial-structure-camera" Button`
    t =    36.39s Find the "spatial-structure-camera" Button
    t =    36.52s Find the "spatial-structure-camera" Button
    t =    36.63s Find the "spatial-structure-camera" Button
    t =    36.74s Checking existence of `"spatial-structure-camera" Button`
    t =    36.84s Find the "spatial-structure-camera" Button
    t =    36.95s Find the ScrollView at {{0.0, 154.5}, {375.0, 512.5}}
    t =    37.01s Checking existence of `"spatial-structure-camera" Button`
    t =    37.12s Find the "spatial-structure-camera" Button
    t =    37.23s Press Target Application 'com.zacrotech.NeuroForge'[0.00, 0.00] -> (187.5, 506.5) for 0.1 seconds, then drag to Target Application 'com.zacrotech.NeuroForge'[0.00, 0.00] -> (187.5, 387.5) with velocity of 250.00 pixels per second, and then hold for 0.2 seconds 
    t =    37.23s     Wait for com.zacrotech.NeuroForge to idle
    t =    37.23s     Find the Target Application 'com.zacrotech.NeuroForge'
    t =    37.29s     Check for interrupting elements affecting "NeuroForge" Application
    t =    37.36s     Synthesize event
    t =    37.36s         Find the Target Application 'com.zacrotech.NeuroForge'
    t =    37.42s         Find the Target Application 'com.zacrotech.NeuroForge'
    t =    37.49s         Find the Target Application 'com.zacrotech.NeuroForge'
    t =    37.55s         Find the Target Application 'com.zacrotech.NeuroForge'
    t =    37.61s         Find the Target Application 'com.zacrotech.NeuroForge'
    t =    38.66s     Wait for com.zacrotech.NeuroForge to idle
    t =    38.66s Get all elements bound by index for: Descendants matching type ScrollView
    t =    38.74s Find the ScrollView (Element at index 0)
    t =    38.82s Find the Target Application 'com.zacrotech.NeuroForge'
    t =    38.88s Checking existence of `Keyboard (First Match)`
    t =    38.99s Get all elements bound by index for: Descendants matching type NavigationBar
    t =    39.06s Find the NavigationBar (Element at index 0)
    t =    39.13s Find the ScrollView at {{0.0, 154.5}, {375.0, 512.5}}
    t =    39.19s Find the ScrollView at {{0.0, 154.5}, {375.0, 512.5}}
    t =    39.26s Get all elements bound by index for: Descendants matching type TabBar
    t =    39.32s Find the TabBar (Element at index 0)
    t =    39.40s Checking existence of `"spatial-structure-camera" Button`
    t =    39.51s Find the "spatial-structure-camera" Button
    t =    39.62s Checking existence of `"session-submit" Any`
    t =    39.73s Find the "session-submit" Any
    t =    39.84s Find the "session-submit" Button
    t =    39.95s Find the "session-submit" Button
    t =    40.05s Checking existence of `"session-next" Any`
    t =    40.15s Checking existence of `"train-start-practice" Any`
    t =    40.26s Checking existence of `"train-start-graph-construction" Any`
    t =    40.36s Checking existence of `"spatial-structure-camera" Button`
    t =    40.46s Find the "spatial-structure-camera" Button
    t =    40.58s Find the "spatial-structure-camera" Button
    t =    40.69s Find the "spatial-structure-camera" Button
    t =    40.80s Checking existence of `"spatial-structure-camera" Button`
    t =    40.90s Find the "spatial-structure-camera" Button
    t =    41.00s Find the ScrollView at {{0.0, 154.5}, {375.0, 512.5}}
    t =    41.07s Checking existence of `"spatial-structure-camera" Button`
    t =    41.17s Find the "spatial-structure-camera" Button
    t =    41.28s Press Target Application 'com.zacrotech.NeuroForge'[0.00, 0.00] -> (187.5, 506.5) for 0.1 seconds, then drag to Target Application 'com.zacrotech.NeuroForge'[0.00, 0.00] -> (187.5, 387.5) with velocity of 250.00 pixels per second, and then hold for 0.2 seconds 
    t =    41.28s     Wait for com.zacrotech.NeuroForge to idle
    t =    41.28s     Find the Target Application 'com.zacrotech.NeuroForge'
    t =    41.33s     Check for interrupting elements affecting "NeuroForge" Application
    t =    41.41s     Synthesize event
    t =    41.41s         Find the Target Application 'com.zacrotech.NeuroForge'
    t =    41.47s         Find the Target Application 'com.zacrotech.NeuroForge'
    t =    41.52s         Find the Target Application 'com.zacrotech.NeuroForge'
    t =    41.58s         Find the Target Application 'com.zacrotech.NeuroForge'
    t =    41.64s         Find the Target Application 'com.zacrotech.NeuroForge'
    t =    42.67s     Wait for com.zacrotech.NeuroForge to idle
    t =    42.68s Get all elements bound by index for: Descendants matching type ScrollView
    t =    42.73s Find the ScrollView (Element at index 0)
    t =    42.80s Find the Target Application 'com.zacrotech.NeuroForge'
    t =    42.86s Checking existence of `Keyboard (First Match)`
    t =    42.95s Get all elements bound by index for: Descendants matching type NavigationBar
    t =    43.01s Find the NavigationBar (Element at index 0)
    t =    43.08s Find the ScrollView at {{0.0, 154.5}, {375.0, 512.5}}
    t =    43.14s Find the ScrollView at {{0.0, 154.5}, {375.0, 512.5}}
    t =    43.20s Get all elements bound by index for: Descendants matching type TabBar
    t =    43.26s Find the TabBar (Element at index 0)
    t =    43.33s Checking existence of `"spatial-structure-camera" Button`
    t =    43.43s Find the "spatial-structure-camera" Button
    t =    43.53s Checking existence of `"session-submit" Any`
    t =    43.63s Find the "session-submit" Any
    t =    43.74s Find the "session-submit" Button
    t =    43.85s Find the "session-submit" Button
    t =    43.96s Checking existence of `"session-next" Any`
    t =    44.07s Checking existence of `"train-start-practice" Any`
    t =    44.17s Checking existence of `"train-start-graph-construction" Any`
    t =    44.28s Checking existence of `"spatial-structure-camera" Button`
    t =    44.38s Find the "spatial-structure-camera" Button
    t =    44.50s Find the "spatial-structure-camera" Button
    t =    44.61s Find the "spatial-structure-camera" Button
    t =    44.71s Checking existence of `"spatial-structure-camera" Button`
    t =    44.82s Find the "spatial-structure-camera" Button
    t =    44.92s Find the ScrollView at {{0.0, 154.5}, {375.0, 512.5}}
    t =    44.99s Checking existence of `"spatial-structure-camera" Button`
    t =    45.08s Find the "spatial-structure-camera" Button
    t =    45.19s Press Target Application 'com.zacrotech.NeuroForge'[0.00, 0.00] -> (187.5, 506.5) for 0.1 seconds, then drag to Target Application 'com.zacrotech.NeuroForge'[0.00, 0.00] -> (187.5, 387.5) with velocity of 250.00 pixels per second, and then hold for 0.2 seconds 
    t =    45.19s     Wait for com.zacrotech.NeuroForge to idle
    t =    45.19s     Find the Target Application 'com.zacrotech.NeuroForge'
    t =    45.24s     Check for interrupting elements affecting "NeuroForge" Application
    t =    45.31s     Synthesize event
    t =    45.31s         Find the Target Application 'com.zacrotech.NeuroForge'
    t =    45.36s         Find the Target Application 'com.zacrotech.NeuroForge'
    t =    45.42s         Find the Target Application 'com.zacrotech.NeuroForge'
    t =    45.47s         Find the Target Application 'com.zacrotech.NeuroForge'
    t =    45.53s         Find the Target Application 'com.zacrotech.NeuroForge'
    t =    46.55s     Wait for com.zacrotech.NeuroForge to idle
    t =    46.55s Get all elements bound by index for: Descendants matching type ScrollView
    t =    46.63s Find the ScrollView (Element at index 0)
    t =    46.70s Find the Target Application 'com.zacrotech.NeuroForge'
    t =    46.76s Checking existence of `Keyboard (First Match)`
    t =    46.86s Get all elements bound by index for: Descendants matching type NavigationBar
    t =    46.92s Find the NavigationBar (Element at index 0)
    t =    47.00s Find the ScrollView at {{0.0, 154.5}, {375.0, 512.5}}
    t =    47.06s Find the ScrollView at {{0.0, 154.5}, {375.0, 512.5}}
    t =    47.12s Get all elements bound by index for: Descendants matching type TabBar
    t =    47.18s Find the TabBar (Element at index 0)
    t =    47.25s Checking existence of `"spatial-structure-camera" Button`
    t =    47.35s Find the "spatial-structure-camera" Button
    t =    47.45s Checking existence of `"session-submit" Any`
    t =    47.55s Find the "session-submit" Any
    t =    47.66s Find the "session-submit" Button
    t =    47.77s Find the "session-submit" Button
    t =    47.88s Checking existence of `"session-next" Any`
    t =    47.98s Checking existence of `"train-start-practice" Any`
    t =    48.08s Checking existence of `"train-start-graph-construction" Any`
    t =    48.18s Checking existence of `"spatial-structure-camera" Button`
    t =    48.28s Find the "spatial-structure-camera" Button
    t =    48.39s Find the "spatial-structure-camera" Button
    t =    48.49s Find the "spatial-structure-camera" Button
    t =    48.59s Checking existence of `"spatial-structure-camera" Button`
    t =    48.69s Find the "spatial-structure-camera" Button
    t =    48.81s Find the ScrollView at {{0.0, 154.5}, {375.0, 512.5}}
    t =    48.88s Checking existence of `"spatial-structure-camera" Button`
    t =    48.97s Find the "spatial-structure-camera" Button
    t =    49.08s Press Target Application 'com.zacrotech.NeuroForge'[0.00, 0.00] -> (187.5, 506.5) for 0.1 seconds, then drag to Target Application 'com.zacrotech.NeuroForge'[0.00, 0.00] -> (187.5, 387.5) with velocity of 250.00 pixels per second, and then hold for 0.2 seconds 
    t =    49.08s     Wait for com.zacrotech.NeuroForge to idle
    t =    49.08s     Find the Target Application 'com.zacrotech.NeuroForge'
    t =    49.14s     Check for interrupting elements affecting "NeuroForge" Application
    t =    49.20s     Synthesize event
    t =    49.21s         Find the Target Application 'com.zacrotech.NeuroForge'
    t =    49.26s         Find the Target Application 'com.zacrotech.NeuroForge'
    t =    49.31s         Find the Target Application 'com.zacrotech.NeuroForge'
    t =    49.36s         Find the Target Application 'com.zacrotech.NeuroForge'
    t =    49.42s         Find the Target Application 'com.zacrotech.NeuroForge'
    t =    50.45s     Wait for com.zacrotech.NeuroForge to idle
    t =    50.45s Get all elements bound by index for: Descendants matching type ScrollView
    t =    50.53s Find the ScrollView (Element at index 0)
    t =    50.59s Find the Target Application 'com.zacrotech.NeuroForge'
    t =    50.65s Checking existence of `Keyboard (First Match)`
    t =    50.75s Get all elements bound by index for: Descendants matching type NavigationBar
    t =    50.81s Find the NavigationBar (Element at index 0)
    t =    50.88s Find the ScrollView at {{0.0, 154.5}, {375.0, 512.5}}
    t =    50.94s Find the ScrollView at {{0.0, 154.5}, {375.0, 512.5}}
    t =    51.00s Get all elements bound by index for: Descendants matching type TabBar
    t =    51.07s Find the TabBar (Element at index 0)
    t =    51.15s Checking existence of `"spatial-structure-camera" Button`
    t =    51.25s Find the "spatial-structure-camera" Button
    t =    51.36s Checking existence of `"session-submit" Any`
    t =    51.48s Find the "session-submit" Any
    t =    51.59s Find the "session-submit" Button
    t =    51.71s Find the "session-submit" Button
    t =    51.82s Checking existence of `"session-next" Any`
    t =    51.93s Checking existence of `"train-start-practice" Any`
    t =    52.04s Checking existence of `"train-start-graph-construction" Any`
    t =    52.14s Checking existence of `"spatial-structure-camera" Button`
    t =    52.24s Find the "spatial-structure-camera" Button
    t =    52.35s Find the "spatial-structure-camera" Button
    t =    52.46s Find the "spatial-structure-camera" Button
    t =    52.56s Checking existence of `"spatial-structure-camera" Button`
    t =    52.65s Find the "spatial-structure-camera" Button
    t =    52.75s Find the ScrollView at {{0.0, 154.5}, {375.0, 512.5}}
    t =    52.82s Checking existence of `"spatial-structure-camera" Button`
    t =    52.92s Find the "spatial-structure-camera" Button
    t =    53.02s Press Target Application 'com.zacrotech.NeuroForge'[0.00, 0.00] -> (187.5, 506.5) for 0.1 seconds, then drag to Target Application 'com.zacrotech.NeuroForge'[0.00, 0.00] -> (187.5, 387.5) with velocity of 250.00 pixels per second, and then hold for 0.2 seconds 
    t =    53.02s     Wait for com.zacrotech.NeuroForge to idle
    t =    53.02s     Find the Target Application 'com.zacrotech.NeuroForge'
    t =    53.08s     Check for interrupting elements affecting "NeuroForge" Application
    t =    53.15s     Synthesize event
    t =    53.15s         Find the Target Application 'com.zacrotech.NeuroForge'
    t =    53.20s         Find the Target Application 'com.zacrotech.NeuroForge'
    t =    53.26s         Find the Target Application 'com.zacrotech.NeuroForge'
    t =    53.31s         Find the Target Application 'com.zacrotech.NeuroForge'
    t =    53.37s         Find the Target Application 'com.zacrotech.NeuroForge'
    t =    54.40s     Wait for com.zacrotech.NeuroForge to idle
    t =    54.41s Get all elements bound by index for: Descendants matching type ScrollView
    t =    54.49s Find the ScrollView (Element at index 0)
    t =    54.56s Find the Target Application 'com.zacrotech.NeuroForge'
    t =    54.61s Checking existence of `Keyboard (First Match)`
    t =    54.72s Get all elements bound by index for: Descendants matching type NavigationBar
    t =    54.78s Find the NavigationBar (Element at index 0)
    t =    54.84s Find the ScrollView at {{0.0, 154.5}, {375.0, 512.5}}
    t =    54.91s Find the ScrollView at {{0.0, 154.5}, {375.0, 512.5}}
    t =    54.97s Get all elements bound by index for: Descendants matching type TabBar
    t =    55.02s Find the TabBar (Element at index 0)
    t =    55.10s Checking existence of `"spatial-structure-camera" Button`
    t =    55.20s Find the "spatial-structure-camera" Button
    t =    55.29s Checking existence of `"session-submit" Any`
    t =    55.40s Find the "session-submit" Any
    t =    55.51s Find the "session-submit" Button
    t =    55.61s Find the "session-submit" Button
    t =    55.71s Checking existence of `"session-next" Any`
    t =    55.81s Checking existence of `"train-start-practice" Any`
    t =    55.91s Checking existence of `"train-start-graph-construction" Any`
    t =    56.01s Checking existence of `"spatial-structure-camera" Button`
    t =    56.11s Find the "spatial-structure-camera" Button
    t =    56.22s Find the "spatial-structure-camera" Button
    t =    56.35s Find the "spatial-structure-camera" Button
    t =    56.46s Checking existence of `"spatial-structure-camera" Button`
    t =    56.56s Find the "spatial-structure-camera" Button
    t =    56.67s Find the ScrollView at {{0.0, 154.5}, {375.0, 512.5}}
    t =    56.73s Checking existence of `"spatial-structure-camera" Button`
    t =    56.83s Find the "spatial-structure-camera" Button
    t =    56.95s Press Target Application 'com.zacrotech.NeuroForge'[0.00, 0.00] -> (187.5, 506.5) for 0.1 seconds, then drag to Target Application 'com.zacrotech.NeuroForge'[0.00, 0.00] -> (187.5, 387.5) with velocity of 250.00 pixels per second, and then hold for 0.2 seconds 
    t =    56.95s     Wait for com.zacrotech.NeuroForge to idle
    t =    56.96s     Find the Target Application 'com.zacrotech.NeuroForge'
    t =    57.01s     Check for interrupting elements affecting "NeuroForge" Application
    t =    57.08s     Synthesize event
    t =    57.08s         Find the Target Application 'com.zacrotech.NeuroForge'
    t =    57.14s         Find the Target Application 'com.zacrotech.NeuroForge'
    t =    57.19s         Find the Target Application 'com.zacrotech.NeuroForge'
    t =    57.24s         Find the Target Application 'com.zacrotech.NeuroForge'
    t =    57.30s         Find the Target Application 'com.zacrotech.NeuroForge'
    t =    58.33s     Wait for com.zacrotech.NeuroForge to idle
    t =    58.34s Get all elements bound by index for: Descendants matching type ScrollView
    t =    58.42s Find the ScrollView (Element at index 0)
    t =    58.49s Find the Target Application 'com.zacrotech.NeuroForge'
    t =    58.55s Checking existence of `Keyboard (First Match)`
    t =    58.65s Get all elements bound by index for: Descendants matching type NavigationBar
    t =    58.70s Find the NavigationBar (Element at index 0)
    t =    58.77s Find the ScrollView at {{0.0, 154.5}, {375.0, 512.5}}
    t =    58.84s Find the ScrollView at {{0.0, 154.5}, {375.0, 512.5}}
    t =    58.90s Get all elements bound by index for: Descendants matching type TabBar
    t =    58.95s Find the TabBar (Element at index 0)
    t =    59.03s Checking existence of `"spatial-structure-camera" Button`
    t =    59.13s Find the "spatial-structure-camera" Button
    t =    59.24s Checking existence of `"session-submit" Any`
    t =    59.35s Find the "session-submit" Any
    t =    59.46s Find the "session-submit" Button
    t =    59.56s Find the "session-submit" Button
    t =    59.67s Checking existence of `"session-next" Any`
    t =    59.77s Checking existence of `"train-start-practice" Any`
    t =    59.87s Checking existence of `"train-start-graph-construction" Any`
    t =    59.97s Checking existence of `"spatial-structure-camera" Button`
    t =    60.08s Find the "spatial-structure-camera" Button
    t =    60.20s Find the "spatial-structure-camera" Button
    t =    60.31s Find the "spatial-structure-camera" Button
    t =    60.41s Checking existence of `"spatial-structure-camera" Button`
    t =    60.51s Find the "spatial-structure-camera" Button
    t =    60.62s Find the ScrollView at {{0.0, 154.5}, {375.0, 512.5}}
    t =    60.68s Checking existence of `"spatial-structure-camera" Button`
    t =    60.78s Find the "spatial-structure-camera" Button
    t =    60.88s Press Target Application 'com.zacrotech.NeuroForge'[0.00, 0.00] -> (187.5, 506.5) for 0.1 seconds, then drag to Target Application 'com.zacrotech.NeuroForge'[0.00, 0.00] -> (187.5, 387.5) with velocity of 250.00 pixels per second, and then hold for 0.2 seconds 
    t =    60.88s     Wait for com.zacrotech.NeuroForge to idle
    t =    60.89s     Find the Target Application 'com.zacrotech.NeuroForge'
    t =    60.94s     Check for interrupting elements affecting "NeuroForge" Application
    t =    61.01s     Synthesize event
    t =    61.01s         Find the Target Application 'com.zacrotech.NeuroForge'
    t =    61.07s         Find the Target Application 'com.zacrotech.NeuroForge'
    t =    61.13s         Find the Target Application 'com.zacrotech.NeuroForge'
    t =    61.18s         Find the Target Application 'com.zacrotech.NeuroForge'
    t =    61.23s         Find the Target Application 'com.zacrotech.NeuroForge'
    t =    62.25s     Wait for com.zacrotech.NeuroForge to idle
    t =    62.25s Get all elements bound by index for: Descendants matching type ScrollView
    t =    62.32s Find the ScrollView (Element at index 0)
    t =    62.40s Find the Target Application 'com.zacrotech.NeuroForge'
    t =    62.45s Checking existence of `Keyboard (First Match)`
    t =    62.56s Get all elements bound by index for: Descendants matching type NavigationBar
    t =    62.62s Find the NavigationBar (Element at index 0)
    t =    62.69s Find the ScrollView at {{0.0, 154.5}, {375.0, 512.5}}
    t =    62.76s Find the ScrollView at {{0.0, 154.5}, {375.0, 512.5}}
    t =    62.82s Get all elements bound by index for: Descendants matching type TabBar
    t =    62.89s Find the TabBar (Element at index 0)
    t =    62.96s Checking existence of `"spatial-structure-camera" Button`
    t =    63.07s Find the "spatial-structure-camera" Button
    t =    63.16s Checking existence of `"session-submit" Any`
    t =    63.26s Find the "session-submit" Any
    t =    63.38s Find the "session-submit" Button
    t =    63.49s Find the "session-submit" Button
    t =    63.59s Checking existence of `"session-next" Any`
    t =    63.69s Checking existence of `"train-start-practice" Any`
    t =    63.79s Checking existence of `"train-start-graph-construction" Any`
    t =    63.90s Checking existence of `"spatial-structure-camera" Button`
    t =    64.01s Find the "spatial-structure-camera" Button
    t =    64.13s Find the "spatial-structure-camera" Button
    t =    64.25s Find the "spatial-structure-camera" Button
    t =    64.36s Checking existence of `"spatial-structure-camera" Button`
    t =    64.46s Find the "spatial-structure-camera" Button
    t =    64.58s Find the ScrollView at {{0.0, 154.5}, {375.0, 512.5}}
    t =    64.65s Checking existence of `"spatial-structure-camera" Button`
    t =    64.74s Find the "spatial-structure-camera" Button
    t =    64.85s Press Target Application 'com.zacrotech.NeuroForge'[0.00, 0.00] -> (187.5, 506.5) for 0.1 seconds, then drag to Target Application 'com.zacrotech.NeuroForge'[0.00, 0.00] -> (187.5, 387.5) with velocity of 250.00 pixels per second, and then hold for 0.2 seconds 
    t =    64.85s     Wait for com.zacrotech.NeuroForge to idle
    t =    64.85s     Find the Target Application 'com.zacrotech.NeuroForge'
    t =    64.91s     Check for interrupting elements affecting "NeuroForge" Application
    t =    65.00s     Synthesize event
    t =    65.00s         Find the Target Application 'com.zacrotech.NeuroForge'
    t =    65.06s         Find the Target Application 'com.zacrotech.NeuroForge'
    t =    65.12s         Find the Target Application 'com.zacrotech.NeuroForge'
    t =    65.17s         Find the Target Application 'com.zacrotech.NeuroForge'
    t =    65.23s         Find the Target Application 'com.zacrotech.NeuroForge'
    t =    66.26s     Wait for com.zacrotech.NeuroForge to idle
    t =    66.26s Get all elements bound by index for: Descendants matching type ScrollView
    t =    66.33s Find the ScrollView (Element at index 0)
    t =    66.40s Find the Target Application 'com.zacrotech.NeuroForge'
    t =    66.46s Checking existence of `Keyboard (First Match)`
    t =    66.57s Get all elements bound by index for: Descendants matching type NavigationBar
    t =    66.63s Find the NavigationBar (Element at index 0)
    t =    66.70s Find the ScrollView at {{0.0, 154.5}, {375.0, 512.5}}
    t =    66.77s Find the ScrollView at {{0.0, 154.5}, {375.0, 512.5}}
    t =    66.83s Get all elements bound by index for: Descendants matching type TabBar
    t =    66.89s Find the TabBar (Element at index 0)
    t =    66.97s Checking existence of `"spatial-structure-camera" Button`
    t =    67.08s Find the "spatial-structure-camera" Button
    t =    67.19s Checking existence of `"session-submit" Any`
    t =    67.29s Find the "session-submit" Any
    t =    67.40s Find the "session-submit" Button
    t =    67.50s Find the "session-submit" Button
    t =    67.61s Checking existence of `"session-next" Any`
    t =    67.70s Checking existence of `"train-start-practice" Any`
    t =    67.80s Checking existence of `"train-start-graph-construction" Any`
    t =    67.90s Checking existence of `"spatial-structure-camera" Button`
    t =    68.01s Find the "spatial-structure-camera" Button
    t =    68.12s Find the "spatial-structure-camera" Button
    t =    68.22s Find the "spatial-structure-camera" Button
    t =    68.32s Checking existence of `"spatial-structure-camera" Button`
    t =    68.43s Find the "spatial-structure-camera" Button
    t =    68.54s Find the ScrollView at {{0.0, 154.5}, {375.0, 512.5}}
    t =    68.61s Checking existence of `"spatial-structure-camera" Button`
    t =    68.72s Find the "spatial-structure-camera" Button
    t =    68.83s Press Target Application 'com.zacrotech.NeuroForge'[0.00, 0.00] -> (187.5, 506.5) for 0.1 seconds, then drag to Target Application 'com.zacrotech.NeuroForge'[0.00, 0.00] -> (187.5, 387.5) with velocity of 250.00 pixels per second, and then hold for 0.2 seconds 
    t =    68.83s     Wait for com.zacrotech.NeuroForge to idle
    t =    68.83s     Find the Target Application 'com.zacrotech.NeuroForge'
    t =    68.89s     Check for interrupting elements affecting "NeuroForge" Application
    t =    68.96s     Synthesize event
    t =    68.97s         Find the Target Application 'com.zacrotech.NeuroForge'
    t =    69.02s         Find the Target Application 'com.zacrotech.NeuroForge'
    t =    69.08s         Find the Target Application 'com.zacrotech.NeuroForge'
    t =    69.15s         Find the Target Application 'com.zacrotech.NeuroForge'
    t =    69.21s         Find the Target Application 'com.zacrotech.NeuroForge'
    t =    70.24s     Wait for com.zacrotech.NeuroForge to idle
/Users/takamimarsh/Developer/Projects/Zacro Tech/NeuroForge/UITests/NavigationSmokeUITests.swift:770: error: -[NeuroForgeUITests.NavigationSmokeUITests testSpatialLabeledCubeSeparatesCameraFromSavedAnswerAndObjectReplay] : XCTAssertTrue failed
    t =    70.25s Tear Down
Test Case '-[NeuroForgeUITests.NavigationSmokeUITests testSpatialLabeledCubeSeparatesCameraFromSavedAnswerAndObjectReplay]' failed (70.585 seconds).
Test Suite 'NavigationSmokeUITests' failed at 2026-09-05 17:09:59.949.
	 Executed 2 tests, with 2 failures (0 unexpected) in 173.309 (173.313) seconds
Test Suite 'NeuroForgeUITests.xctest' failed at 2026-09-05 17:09:59.951.
	 Executed 2 tests, with 2 failures (0 unexpected) in 173.309 (173.315) seconds
Test Suite 'Selected tests' failed at 2026-09-05 17:09:59.952.
	 Executed 2 tests, with 2 failures (0 unexpected) in 173.309 (173.317) seconds
2026-09-05 17:10:00.944 xcodebuild[66745:6028190] [MT] IDETestOperationsObserverDebug: 179.561 elapsed -- Testing started completed.
2026-09-05 17:10:00.945 xcodebuild[66745:6028190] [MT] IDETestOperationsObserverDebug: 0.000 sec, +0.000 sec -- start
2026-09-05 17:10:00.945 xcodebuild[66745:6028190] [MT] IDETestOperationsObserverDebug: 179.561 sec, +179.561 sec -- end

Test session results, code coverage, and logs:
	/tmp/NeuroForge-improvement-ios/Logs/Test/Test-NeuroForgeUISmoke-2026.09.05_17-07-00--0400.xcresult

Failing tests:
	NavigationSmokeUITests.testSpatialCoordinateEntryRetainsOriginalAndWorkedCopyAfterFeedback()
	NavigationSmokeUITests.testSpatialLabeledCubeSeparatesCameraFromSavedAnswerAndObjectReplay()

** TEST EXECUTE FAILED **

Testing started
