Command line invocation:
    /Applications/Xcode.app/Contents/Developer/usr/bin/xcodebuild -project NeuroForge.xcodeproj -scheme NeuroForgeUISmoke -destination "platform=iOS Simulator,id=064C7C8F-D941-4D8C-9B55-958F4123AF02" -derivedDataPath /tmp/NeuroForge-improvement-ios CODE_SIGNING_ALLOWED=NO -collect-test-diagnostics never "-only-testing:NeuroForgeUITests/NavigationSmokeUITests/testSourceRecallColdRelaunchPreservesDraftReferenceAndNeutralResult" test-without-building

Build settings from command line:
    CODE_SIGNING_ALLOWED = NO

Resolve Package Graph


Resolved source packages:
  SwiftMath: https://github.com/mgriebling/SwiftMath.git @ 1d2c908

2026-09-05 18:19:50.662026-0400 NeuroForgeUITests-Runner[99879:6308481] [Default] Running tests...
2026-09-05 18:19:50.806994-0400 NeuroForgeUITests-Runner[99879:6308542] [General] Failed to send CA Event for app launch measurements for ca_event_type: 0 event_name: com.apple.app_launch_measurement.FirstFramePresentationMetric
    t =      nans Interface orientation changed to Portrait
2026-09-05 18:19:51.710754-0400 NeuroForgeUITests-Runner[99879:6308639] [General] Failed to send CA Event for app launch measurements for ca_event_type: 1 event_name: com.apple.app_launch_measurement.ExtendedLaunchMetrics
Test Suite 'Selected tests' started at 2026-09-05 18:19:51.743.
Test Suite 'NeuroForgeUITests.xctest' started at 2026-09-05 18:19:51.744.
Test Suite 'NavigationSmokeUITests' started at 2026-09-05 18:19:51.744.
Test Case '-[NeuroForgeUITests.NavigationSmokeUITests testSourceRecallColdRelaunchPreservesDraftReferenceAndNeutralResult]' started.
    t =     0.00s Start Test at 2026-09-05 18:19:51.745
    t =     0.09s Set Up
    t =     0.09s Open com.zacrotech.NeuroForge
    t =     0.09s     Launch com.zacrotech.NeuroForge
2026-09-05 18:19:52.372 xcodebuild[99851:6308098] [MT] IDELaunchParametersSnapshot: The operation couldn’t be completed. (DebuggerLLDB.DebuggerVersionStore.StoreError error 0.)
2026-09-05 18:19:52.372 xcodebuild[99851:6308098] [MT] IDELaunchParametersSnapshot: no debugger version
objc[99879]: Class UIAccessibilityLoaderWebShared is implemented in both /Library/Developer/CoreSimulator/Volumes/iOS_23F77/Library/Developer/CoreSimulator/Profiles/Runtimes/iOS 26.5.simruntime/Contents/Resources/RuntimeRoot/System/Library/AccessibilityBundles/WebCore.axbundle/WebCore (0x10a8f8310) and /Library/Developer/CoreSimulator/Volumes/iOS_23F77/Library/Developer/CoreSimulator/Profiles/Runtimes/iOS 26.5.simruntime/Contents/Resources/RuntimeRoot/System/Library/AccessibilityBundles/WebKit.axbundle/WebKit (0x10a974398). This may cause spurious casting failures and mysterious crashes. One of the duplicates must be removed or renamed.
    t =     2.09s         Setting up automation session
    t =     3.58s         Wait for com.zacrotech.NeuroForge to idle
    t =     6.91s Waiting 15.0s for "destination-today" Any to exist
    t =     7.98s     Checking `Expect predicate `existsNoRetry == 1` for object "destination-today" Any`
    t =     7.99s         Checking existence of `"destination-today" Any`
    t =     8.24s Tap "Sources" Button
    t =     8.24s     Wait for com.zacrotech.NeuroForge to idle
    t =     8.24s     Find the "Sources" Button
    t =     8.30s     Check for interrupting elements affecting "Sources" Button
    t =     8.62s     Synthesize event
    t =     8.97s     Wait for com.zacrotech.NeuroForge to idle
    t =     9.92s Checking existence of `Button (First Match)`
    t =    10.04s Find the Button (First Match)
    t =    10.15s Get all elements bound by index for: Descendants matching type ScrollView
    t =    10.20s Find the ScrollView (Element at index 0)
    t =    10.26s Swipe up ScrollView at {{0.0, 0.0}, {375.0, 667.0}}
    t =    10.26s     Wait for com.zacrotech.NeuroForge to idle
    t =    11.26s     Find the ScrollView at {{0.0, 0.0}, {375.0, 667.0}}
    t =    11.30s     Check for interrupting elements affecting ScrollView
    t =    11.34s     Synthesize event
    t =    11.80s     Wait for com.zacrotech.NeuroForge to idle
    t =    13.40s Checking existence of `"UI Study Source.txt, 86 bytes · Sep 5, 2026, Index ready, Offline questions allowed, Ready offline" Button`
    t =    13.44s Find the "UI Study Source.txt, 86 bytes · Sep 5, 2026, Index ready, Offline questions allowed, Ready offline" Button
    t =    13.50s Tap "UI Study Source.txt, 86 bytes · Sep 5, 2026, Index ready, Offline questions allowed, Ready offline" Button
    t =    13.50s     Wait for com.zacrotech.NeuroForge to idle
    t =    13.51s     Find the "UI Study Source.txt, 86 bytes · Sep 5, 2026, Index ready, Offline questions allowed, Ready offline" Button
    t =    13.55s     Check for interrupting elements affecting "UI Study Source.txt, 86 bytes · Sep 5, 2026, Index ready, Offline questions allowed, Ready offline" Button
    t =    13.59s     Synthesize event
    t =    13.88s     Wait for com.zacrotech.NeuroForge to idle
    t =    14.02s Checking existence of `"Review from memory" Button`
    t =    14.12s Find the "Review from memory" Button
    t =    14.21s Find the "Review from memory" Button
    t =    14.27s Tap "Review from memory" Button
    t =    14.27s     Wait for com.zacrotech.NeuroForge to idle
    t =    15.00s     Find the "Review from memory" Button
    t =    15.05s     Check for interrupting elements affecting "Review from memory" Button
    t =    15.08s     Synthesize event
    t =    15.38s     Wait for com.zacrotech.NeuroForge to idle
    t =    15.82s Waiting 10.0s for "universal-session" Any to exist
    t =    16.90s     Checking `Expect predicate `existsNoRetry == 1` for object "universal-session" Any`
    t =    16.91s         Checking existence of `"universal-session" Any`
    t =    16.98s Waiting 3.0s for "session-resume" Any to exist
    t =    18.06s     Checking `Expect predicate `existsNoRetry == 1` for object "session-resume" Any`
    t =    18.06s         Checking existence of `"session-resume" Any`
    t =    18.13s         Capturing element debug description
    t =    18.99s     Checking `Expect predicate `existsNoRetry == 1` for object "session-resume" Any`
    t =    18.99s         Checking existence of `"session-resume" Any`
    t =    19.05s         Capturing element debug description
    t =    19.99s     Checking `Expect predicate `existsNoRetry == 1` for object "session-resume" Any`
    t =    19.99s         Checking existence of `"session-resume" Any`
    t =    20.06s         Capturing element debug description
    t =    20.06s     Checking existence of `"session-resume" Any`
    t =    20.11s Collecting debug information to assist test failure triage
    t =    20.11s     Requesting snapshot of accessibility hierarchy for app with pid 99902
    t =    20.20s Waiting 8.0s for "session-prompt" Any to exist
    t =    21.27s     Checking `Expect predicate `existsNoRetry == 1` for object "session-prompt" Any`
    t =    21.27s         Checking existence of `"session-prompt" Any`
    t =    21.34s Find the "session-prompt" Any
    t =    21.39s Find the "session-position" Any
    t =    21.44s Checking existence of `"A triangle has three sides. This synthetic source is used only for navigation testing." StaticText`
    t =    21.49s Waiting 8.0s for TextView (First Match) to exist
    t =    22.56s     Checking `Expect predicate `existsNoRetry == 1` for object TextView (First Match)`
    t =    22.56s         Checking existence of `TextView (First Match)`
    t =    22.60s Get all elements bound by index for: Descendants matching type ScrollView
    t =    22.63s Find the ScrollView (Element at index 0)
    t =    22.68s Find the Target Application 'com.zacrotech.NeuroForge'
    t =    22.72s Checking existence of `Keyboard (First Match)`
    t =    22.80s Get all elements bound by index for: Descendants matching type NavigationBar
    t =    22.84s Find the NavigationBar (Element at index 0)
    t =    22.90s Find the ScrollView at {{0.0, 164.5}, {375.0, 502.5}}
    t =    22.94s Find the ScrollView at {{0.0, 164.5}, {375.0, 502.5}}
    t =    22.98s Get all elements bound by index for: Descendants matching type TabBar
    t =    23.02s Find the TabBar (Element at index 0)
    t =    23.07s Checking existence of `TextView (First Match)`
    t =    23.10s Find the TextView (First Match)
    t =    23.13s Checking existence of `"session-submit" Any`
    t =    23.17s Find the "session-submit" Any
    t =    23.23s Find the "session-submit" Button
    t =    23.28s Find the "session-submit" Button
    t =    23.33s Checking existence of `"session-next" Any`
    t =    23.38s Checking existence of `"train-start-practice" Any`
    t =    23.43s Checking existence of `"train-start-graph-construction" Any`
    t =    23.48s Checking existence of `"Your answer from memory" TextView`
    t =    23.51s Find the "Your answer from memory" TextView
    t =    23.55s Find the "Your answer from memory" TextView
    t =    23.59s Find the ScrollView at {{0.0, 164.5}, {375.0, 502.5}}
    t =    23.64s Checking existence of `"Your answer from memory" TextView`
    t =    23.67s Find the "Your answer from memory" TextView
    t =    23.71s Find the "Your answer from memory" TextView
    t =    23.74s Find the "Your answer from memory" TextView
    t =    23.78s Find the "Your answer from memory" TextView
    t =    23.81s Press "Your answer from memory" TextView for 0.1 seconds
    t =    23.81s     Wait for com.zacrotech.NeuroForge to idle
    t =    23.82s     Find the "Your answer from memory" TextView
    t =    23.85s     Check for interrupting elements affecting "Your answer from memory" TextView
    t =    23.90s     Synthesize event
    t =    24.28s     Wait for com.zacrotech.NeuroForge to idle
    t =    24.80s Waiting 5.0s for Keyboard (First Match) to exist
    t =    25.88s     Checking `Expect predicate `existsNoRetry == 1` for object Keyboard (First Match)`
    t =    25.88s         Checking existence of `Keyboard (First Match)`
    t =    25.90s Type 'A triangle has thr...' into "Your answer from memory" TextView
    t =    25.90s     Wait for com.zacrotech.NeuroForge to idle
    t =    25.97s     Find the "Your answer from memory" TextView
    t =    26.04s     Check for interrupting elements affecting "Your answer from memory" TextView
    t =    26.11s     Synthesize event
    t =    26.76s     Wait for com.zacrotech.NeuroForge to idle
    t =    27.85s Checking `Expect predicate `value == "A triangle has three sides."` for object "Your answer from memory" TextView`
    t =    27.85s     Find the "Your answer from memory" TextView
    t =    27.92s Find the "Pause session" Button
    t =    27.99s Tap "pause.fill" Button
    t =    27.99s     Wait for com.zacrotech.NeuroForge to idle
    t =    27.99s     Find the "pause.fill" Button
    t =    28.06s     Check for interrupting elements affecting "pause.fill" Button
    t =    28.12s     Synthesize event
    t =    28.41s     Wait for com.zacrotech.NeuroForge to idle
    t =    29.14s Waiting 5.0s for "session-save-close" Any to exist
    t =    30.20s     Checking `Expect predicate `existsNoRetry == 1` for object "session-save-close" Any`
    t =    30.20s         Checking existence of `"session-save-close" Any`
    t =    30.26s Tap "session-save-close" Any
    t =    30.26s     Wait for com.zacrotech.NeuroForge to idle
    t =    30.26s     Find the "session-save-close" Any
    t =    30.31s     Check for interrupting elements affecting "session-save-close" Button
    t =    30.36s     Synthesize event
    t =    30.66s     Wait for com.zacrotech.NeuroForge to idle
    t =    31.17s Waiting 8.0s for "Review from memory" Button to exist
    t =    32.24s     Checking `Expect predicate `existsNoRetry == 1` for object "Review from memory" Button`
    t =    32.24s         Checking existence of `"Review from memory" Button`
    t =    32.29s Terminate com.zacrotech.NeuroForge:99902
    t =    33.39s Open com.zacrotech.NeuroForge
    t =    33.39s     Launch com.zacrotech.NeuroForge
2026-09-05 18:20:25.165 xcodebuild[99851:6308098] [MT] IDELaunchParametersSnapshot: The operation couldn’t be completed. (DebuggerLLDB.DebuggerVersionStore.StoreError error 0.)
2026-09-05 18:20:25.165 xcodebuild[99851:6308098] [MT] IDELaunchParametersSnapshot: no debugger version
    t =    34.05s         Setting up automation session
    t =    36.13s         Wait for com.zacrotech.NeuroForge to idle
    t =    39.19s Waiting 15.0s for "continue-session" Any to exist
    t =    40.25s     Checking `Expect predicate `existsNoRetry == 1` for object "continue-session" Any`
    t =    40.25s         Checking existence of `"continue-session" Any`
    t =    40.42s Checking existence of `"continue-session" Any`
    t =    40.46s Find the "continue-session" Any
    t =    40.52s Press "continue-session" Button for 0.1 seconds
    t =    40.52s     Wait for com.zacrotech.NeuroForge to idle
    t =    40.52s     Find the "continue-session" Button
    t =    40.56s     Check for interrupting elements affecting "continue-session" Button
    t =    40.63s     Synthesize event
    t =    41.03s     Wait for com.zacrotech.NeuroForge to idle
    t =    41.88s Waiting 8.0s for "universal-session" Any to exist
    t =    42.95s     Checking `Expect predicate `existsNoRetry == 1` for object "universal-session" Any`
    t =    42.95s         Checking existence of `"universal-session" Any`
    t =    43.04s Waiting 3.0s for "session-resume" Any to exist
    t =    44.09s     Checking `Expect predicate `existsNoRetry == 1` for object "session-resume" Any`
    t =    44.09s         Checking existence of `"session-resume" Any`
    t =    44.14s Find the Target Application 'com.zacrotech.NeuroForge'
    t =    44.29s Added attachment named 'interruption-paused-session-before-explicit-resume'
    t =    44.30s Find the "session-resume" Any
    t =    44.36s Press "session-resume" Button for 0.1 seconds
    t =    44.36s     Wait for com.zacrotech.NeuroForge to idle
    t =    44.36s     Find the "session-resume" Button
    t =    44.40s     Check for interrupting elements affecting "session-resume" Button
    t =    44.47s     Synthesize event
    t =    44.86s     Wait for com.zacrotech.NeuroForge to idle
    t =    45.89s Checking `Expect predicate `exists == 0` for object "session-resume" Button`
    t =    45.93s     Checking existence of `"session-resume" Button`
    t =    46.47s Find the "session-prompt" Any
    t =    46.52s Find the "session-position" Any
    t =    46.57s Waiting 8.0s for TextView (First Match) to exist
    t =    47.63s     Checking `Expect predicate `existsNoRetry == 1` for object TextView (First Match)`
    t =    47.64s         Checking existence of `TextView (First Match)`
    t =    47.69s Find the TextView (First Match)
    t =    47.72s Checking existence of `"A triangle has three sides. This synthetic source is used only for navigation testing." StaticText`
    t =    47.76s Waiting 8.0s for "session-submit" Any to exist
    t =    48.83s     Checking `Expect predicate `existsNoRetry == 1` for object "session-submit" Any`
    t =    48.83s         Checking existence of `"session-submit" Any`
    t =    48.91s Get all elements bound by index for: Descendants matching type ScrollView
    t =    48.94s Find the ScrollView (Element at index 0)
    t =    49.03s Find the Target Application 'com.zacrotech.NeuroForge'
    t =    49.06s Checking existence of `Keyboard (First Match)`
    t =    49.14s Get all elements bound by index for: Descendants matching type NavigationBar
    t =    49.18s Find the NavigationBar (Element at index 0)
    t =    49.22s Find the ScrollView at {{0.0, 154.5}, {375.0, 512.5}}
    t =    49.26s Find the ScrollView at {{0.0, 154.5}, {375.0, 512.5}}
    t =    49.30s Get all elements bound by index for: Descendants matching type TabBar
    t =    49.33s Find the TabBar (Element at index 0)
    t =    49.38s Checking existence of `"session-submit" Any`
    t =    49.42s Find the "session-submit" Any
    t =    49.47s Checking existence of `"session-submit" Button`
    t =    49.52s Find the "session-submit" Button
    t =    49.59s Find the "session-submit" Button
    t =    49.64s Find the "session-submit" Button
    t =    50.76s Checking `Expect predicate `enabled == 1` for object "session-submit" Button`
    t =    50.76s     Find the "session-submit" Button
    t =    50.84s Tap "session-submit" Button
    t =    50.84s     Wait for com.zacrotech.NeuroForge to idle
    t =    50.85s     Find the "session-submit" Button
    t =    50.90s     Check for interrupting elements affecting "session-submit" Button
    t =    50.99s     Synthesize event
    t =    51.30s     Wait for com.zacrotech.NeuroForge to idle
    t =    51.50s Get all elements bound by index for: Descendants matching type ScrollView
    t =    51.58s Find the ScrollView (Element at index 0)
    t =    51.63s Find the Target Application 'com.zacrotech.NeuroForge'
    t =    51.66s Checking existence of `Keyboard (First Match)`
    t =    51.74s Get all elements bound by index for: Descendants matching type NavigationBar
    t =    51.77s Find the NavigationBar (Element at index 0)
    t =    51.82s Find the ScrollView at {{0.0, 154.5}, {375.0, 512.5}}
    t =    51.86s Find the ScrollView at {{0.0, 154.5}, {375.0, 512.5}}
    t =    51.90s Get all elements bound by index for: Descendants matching type TabBar
    t =    51.93s Find the TabBar (Element at index 0)
    t =    51.99s Checking existence of `"A triangle has three sides. This synthetic source is used only for navigation testing." StaticText`
    t =    52.04s Find the "A triangle has three sides. This synthetic source is used only for navigation testing." StaticText
    t =    52.08s Checking existence of `"session-submit" Any`
    t =    52.13s Find the "session-submit" Any
    t =    52.19s Find the "session-submit" Button
    t =    52.24s Find the "session-submit" Button
    t =    52.29s Checking existence of `"session-next" Any`
    t =    52.34s Checking existence of `"train-start-practice" Any`
    t =    52.39s Checking existence of `"train-start-graph-construction" Any`
    t =    52.44s Checking existence of `"A triangle has three sides. This synthetic source is used only for navigation testing." StaticText`
    t =    52.49s Find the "A triangle has three sides. This synthetic source is used only for navigation testing." StaticText
    t =    52.54s Find the "A triangle has three sides. This synthetic source is used only for navigation testing." StaticText
    t =    52.60s Find the ScrollView at {{0.0, 154.5}, {375.0, 512.5}}
    t =    52.63s Checking existence of `"A triangle has three sides. This synthetic source is used only for navigation testing." StaticText`
    t =    52.68s Find the "A triangle has three sides. This synthetic source is used only for navigation testing." StaticText
    t =    52.74s Checking existence of `"A triangle has three sides. This synthetic source is used only for navigation testing." StaticText`
    t =    52.78s Find the "A triangle has three sides. This synthetic source is used only for navigation testing." StaticText
    t =    52.83s Find the ScrollView at {{0.0, 154.5}, {375.0, 512.5}}
    t =    52.87s Checking existence of `"A triangle has three sides. This synthetic source is used only for navigation testing." StaticText`
    t =    52.91s Find the "A triangle has three sides. This synthetic source is used only for navigation testing." StaticText
    t =    52.96s Press Target Application 'com.zacrotech.NeuroForge'[0.00, 0.00] -> (12.0, 513.3) for 0.1 seconds, then drag to Target Application 'com.zacrotech.NeuroForge'[0.00, 0.00] -> (12.0, 335.3) with velocity of 250.00 pixels per second, and then hold for 0.2 seconds 
    t =    52.96s     Wait for com.zacrotech.NeuroForge to idle
    t =    52.96s     Find the Target Application 'com.zacrotech.NeuroForge'
    t =    53.00s     Check for interrupting elements affecting "NeuroForge" Application
    t =    53.04s     Synthesize event
    t =    53.04s         Find the Target Application 'com.zacrotech.NeuroForge'
    t =    53.07s         Find the Target Application 'com.zacrotech.NeuroForge'
    t =    53.10s         Find the Target Application 'com.zacrotech.NeuroForge'
    t =    53.13s         Find the Target Application 'com.zacrotech.NeuroForge'
    t =    53.16s         Find the Target Application 'com.zacrotech.NeuroForge'
    t =    54.40s     Wait for com.zacrotech.NeuroForge to idle
    t =    54.41s Get all elements bound by index for: Descendants matching type ScrollView
    t =    54.46s Find the ScrollView (Element at index 0)
    t =    54.52s Find the Target Application 'com.zacrotech.NeuroForge'
    t =    54.55s Checking existence of `Keyboard (First Match)`
    t =    54.64s Get all elements bound by index for: Descendants matching type NavigationBar
    t =    54.67s Find the NavigationBar (Element at index 0)
    t =    54.72s Find the ScrollView at {{0.0, 154.5}, {375.0, 512.5}}
    t =    54.76s Find the ScrollView at {{0.0, 154.5}, {375.0, 512.5}}
    t =    54.79s Get all elements bound by index for: Descendants matching type TabBar
    t =    54.83s Find the TabBar (Element at index 0)
    t =    54.88s Checking existence of `"A triangle has three sides. This synthetic source is used only for navigation testing." StaticText`
    t =    54.93s Find the "A triangle has three sides. This synthetic source is used only for navigation testing." StaticText
    t =    54.98s Checking existence of `"session-submit" Any`
    t =    55.03s Find the "session-submit" Any
    t =    55.09s Find the "session-submit" Button
    t =    55.15s Find the "session-submit" Button
    t =    55.20s Checking existence of `"session-next" Any`
    t =    55.25s Checking existence of `"train-start-practice" Any`
    t =    55.30s Checking existence of `"train-start-graph-construction" Any`
    t =    55.35s Checking existence of `"A triangle has three sides. This synthetic source is used only for navigation testing." StaticText`
    t =    55.39s Find the "A triangle has three sides. This synthetic source is used only for navigation testing." StaticText
    t =    55.45s Find the "A triangle has three sides. This synthetic source is used only for navigation testing." StaticText
    t =    55.50s Find the ScrollView at {{0.0, 154.5}, {375.0, 512.5}}
    t =    55.54s Checking existence of `"A triangle has three sides. This synthetic source is used only for navigation testing." StaticText`
    t =    55.59s Find the "A triangle has three sides. This synthetic source is used only for navigation testing." StaticText
    t =    55.65s Find the "A triangle has three sides. This synthetic source is used only for navigation testing." StaticText
    t =    55.70s Find the "A triangle has three sides. This synthetic source is used only for navigation testing." StaticText
    t =    55.75s Checking existence of `"A triangle has three sides. This synthetic source is used only for navigation testing." StaticText`
    t =    55.80s Find the "A triangle has three sides. This synthetic source is used only for navigation testing." StaticText
    t =    55.86s Find the ScrollView at {{0.0, 154.5}, {375.0, 512.5}}
    t =    55.89s Checking existence of `"A triangle has three sides. This synthetic source is used only for navigation testing." StaticText`
    t =    55.94s Find the "A triangle has three sides. This synthetic source is used only for navigation testing." StaticText
    t =    55.99s Press Target Application 'com.zacrotech.NeuroForge'[0.00, 0.00] -> (12.0, 513.3) for 0.1 seconds, then drag to Target Application 'com.zacrotech.NeuroForge'[0.00, 0.00] -> (12.0, 497.3) with velocity of 250.00 pixels per second, and then hold for 0.2 seconds 
    t =    55.99s     Wait for com.zacrotech.NeuroForge to idle
    t =    55.99s     Find the Target Application 'com.zacrotech.NeuroForge'
    t =    56.02s     Check for interrupting elements affecting "NeuroForge" Application
    t =    56.07s     Synthesize event
    t =    56.07s         Find the Target Application 'com.zacrotech.NeuroForge'
    t =    56.10s         Find the Target Application 'com.zacrotech.NeuroForge'
    t =    56.14s         Find the Target Application 'com.zacrotech.NeuroForge'
    t =    56.16s         Find the Target Application 'com.zacrotech.NeuroForge'
    t =    56.20s         Find the Target Application 'com.zacrotech.NeuroForge'
    t =    56.80s     Wait for com.zacrotech.NeuroForge to idle
    t =    56.81s Get all elements bound by index for: Descendants matching type ScrollView
    t =    56.86s Find the ScrollView (Element at index 0)
    t =    56.91s Find the Target Application 'com.zacrotech.NeuroForge'
    t =    56.94s Checking existence of `Keyboard (First Match)`
    t =    57.02s Get all elements bound by index for: Descendants matching type NavigationBar
    t =    57.06s Find the NavigationBar (Element at index 0)
    t =    57.10s Find the ScrollView at {{0.0, 154.5}, {375.0, 512.5}}
    t =    57.14s Find the ScrollView at {{0.0, 154.5}, {375.0, 512.5}}
    t =    57.18s Get all elements bound by index for: Descendants matching type TabBar
    t =    57.21s Find the TabBar (Element at index 0)
    t =    57.27s Checking existence of `"A triangle has three sides. This synthetic source is used only for navigation testing." StaticText`
    t =    57.32s Find the "A triangle has three sides. This synthetic source is used only for navigation testing." StaticText
    t =    57.37s Checking existence of `"session-submit" Any`
    t =    57.42s Find the "session-submit" Any
    t =    57.48s Find the "session-submit" Button
    t =    57.54s Find the "session-submit" Button
    t =    57.59s Checking existence of `"session-next" Any`
    t =    57.64s Checking existence of `"train-start-practice" Any`
    t =    57.69s Checking existence of `"train-start-graph-construction" Any`
    t =    57.74s Checking existence of `"A triangle has three sides. This synthetic source is used only for navigation testing." StaticText`
    t =    57.79s Find the "A triangle has three sides. This synthetic source is used only for navigation testing." StaticText
    t =    57.84s Find the "A triangle has three sides. This synthetic source is used only for navigation testing." StaticText
    t =    57.90s Find the ScrollView at {{0.0, 154.5}, {375.0, 512.5}}
    t =    57.94s Checking existence of `"A triangle has three sides. This synthetic source is used only for navigation testing." StaticText`
    t =    58.01s Find the "A triangle has three sides. This synthetic source is used only for navigation testing." StaticText
    t =    58.07s Find the "A triangle has three sides. This synthetic source is used only for navigation testing." StaticText
    t =    58.12s Find the "A triangle has three sides. This synthetic source is used only for navigation testing." StaticText
    t =    58.17s Find the "Your answer from memory" TextView
    t =    58.19s Get all elements bound by index for: Descendants matching type ScrollView
    t =    58.23s Find the ScrollView (Element at index 0)
    t =    58.27s Find the Target Application 'com.zacrotech.NeuroForge'
    t =    58.30s Checking existence of `Keyboard (First Match)`
    t =    58.38s Get all elements bound by index for: Descendants matching type NavigationBar
    t =    58.41s Find the NavigationBar (Element at index 0)
    t =    58.46s Find the ScrollView at {{0.0, 154.5}, {375.0, 512.5}}
    t =    58.50s Find the ScrollView at {{0.0, 154.5}, {375.0, 512.5}}
    t =    58.53s Get all elements bound by index for: Descendants matching type TabBar
    t =    58.57s Find the TabBar (Element at index 0)
    t =    58.62s Checking existence of `Button (First Match)`
    t =    58.65s Find the Button (First Match)
    t =    58.67s Checking existence of `"session-submit" Any`
    t =    58.72s Find the "session-submit" Any
    t =    58.78s Find the "session-submit" Button
    t =    58.83s Find the "session-submit" Button
    t =    58.88s Checking existence of `"session-next" Any`
    t =    58.93s Checking existence of `"train-start-practice" Any`
    t =    58.98s Checking existence of `"train-start-graph-construction" Any`
    t =    59.03s Checking existence of `"Not yet" Button`
    t =    59.06s Find the "Not yet" Button
    t =    59.09s Find the "Not yet" Button
    t =    59.12s Find the ScrollView at {{0.0, 154.5}, {375.0, 512.5}}
    t =    59.16s Checking existence of `"Not yet" Button`
    t =    59.19s Find the "Not yet" Button
    t =    59.22s Checking existence of `"Not yet" Button`
    t =    59.25s Find the "Not yet" Button
    t =    59.27s Find the ScrollView at {{0.0, 154.5}, {375.0, 512.5}}
    t =    59.32s Checking existence of `"Not yet" Button`
    t =    59.34s Find the "Not yet" Button
    t =    59.37s Press Target Application 'com.zacrotech.NeuroForge'[0.00, 0.00] -> (12.0, 513.3) for 0.1 seconds, then drag to Target Application 'com.zacrotech.NeuroForge'[0.00, 0.00] -> (12.0, 245.7) with velocity of 250.00 pixels per second, and then hold for 0.2 seconds 
    t =    59.37s     Wait for com.zacrotech.NeuroForge to idle
    t =    59.37s     Find the Target Application 'com.zacrotech.NeuroForge'
    t =    59.40s     Check for interrupting elements affecting "NeuroForge" Application
    t =    59.45s     Synthesize event
    t =    59.45s         Find the Target Application 'com.zacrotech.NeuroForge'
    t =    59.48s         Find the Target Application 'com.zacrotech.NeuroForge'
    t =    59.51s         Find the Target Application 'com.zacrotech.NeuroForge'
    t =    59.54s         Find the Target Application 'com.zacrotech.NeuroForge'
    t =    59.57s         Find the Target Application 'com.zacrotech.NeuroForge'
    t =    61.18s     Wait for com.zacrotech.NeuroForge to idle
    t =    61.18s Get all elements bound by index for: Descendants matching type ScrollView
    t =    61.25s Find the ScrollView (Element at index 0)
    t =    61.31s Find the Target Application 'com.zacrotech.NeuroForge'
    t =    61.34s Checking existence of `Keyboard (First Match)`
    t =    61.42s Get all elements bound by index for: Descendants matching type NavigationBar
    t =    61.45s Find the NavigationBar (Element at index 0)
    t =    61.50s Find the ScrollView at {{0.0, 154.5}, {375.0, 512.5}}
    t =    61.54s Find the ScrollView at {{0.0, 154.5}, {375.0, 512.5}}
    t =    61.58s Get all elements bound by index for: Descendants matching type TabBar
    t =    61.62s Find the TabBar (Element at index 0)
    t =    61.67s Checking existence of `"Not yet" Button`
    t =    61.70s Find the "Not yet" Button
    t =    61.72s Checking existence of `"session-submit" Any`
    t =    61.77s Find the "session-submit" Any
    t =    61.83s Find the "session-submit" Button
    t =    61.88s Find the "session-submit" Button
    t =    61.93s Checking existence of `"session-next" Any`
    t =    61.98s Checking existence of `"train-start-practice" Any`
    t =    62.03s Checking existence of `"train-start-graph-construction" Any`
    t =    62.08s Checking existence of `"Not yet" Button`
    t =    62.10s Find the "Not yet" Button
    t =    62.13s Find the "Not yet" Button
    t =    62.17s Find the ScrollView at {{0.0, 154.5}, {375.0, 512.5}}
    t =    62.21s Checking existence of `"Not yet" Button`
    t =    62.23s Find the "Not yet" Button
    t =    62.27s Find the "Not yet" Button
    t =    62.30s Find the "Not yet" Button
    t =    62.33s Checking existence of `"Not yet" Button`
    t =    62.35s Find the "Not yet" Button
    t =    62.38s Find the ScrollView at {{0.0, 154.5}, {375.0, 512.5}}
    t =    62.42s Checking existence of `"Not yet" Button`
    t =    62.45s Find the "Not yet" Button
    t =    62.48s Press Target Application 'com.zacrotech.NeuroForge'[0.00, 0.00] -> (12.0, 513.3) for 0.1 seconds, then drag to Target Application 'com.zacrotech.NeuroForge'[0.00, 0.00] -> (12.0, 496.3) with velocity of 250.00 pixels per second, and then hold for 0.2 seconds 
    t =    62.48s     Wait for com.zacrotech.NeuroForge to idle
    t =    62.48s     Find the Target Application 'com.zacrotech.NeuroForge'
    t =    62.51s     Check for interrupting elements affecting "NeuroForge" Application
    t =    62.56s     Synthesize event
    t =    62.56s         Find the Target Application 'com.zacrotech.NeuroForge'
    t =    62.59s         Find the Target Application 'com.zacrotech.NeuroForge'
    t =    62.62s         Find the Target Application 'com.zacrotech.NeuroForge'
    t =    62.65s         Find the Target Application 'com.zacrotech.NeuroForge'
    t =    62.68s         Find the Target Application 'com.zacrotech.NeuroForge'
    t =    63.30s     Wait for com.zacrotech.NeuroForge to idle
    t =    64.79s Get all elements bound by index for: Descendants matching type ScrollView
    t =    64.85s Find the ScrollView (Element at index 0)
    t =    64.90s Find the Target Application 'com.zacrotech.NeuroForge'
    t =    64.93s Checking existence of `Keyboard (First Match)`
    t =    65.02s Get all elements bound by index for: Descendants matching type NavigationBar
    t =    65.05s Find the NavigationBar (Element at index 0)
    t =    65.10s Find the ScrollView at {{0.0, 154.5}, {375.0, 512.5}}
    t =    65.14s Find the ScrollView at {{0.0, 154.5}, {375.0, 512.5}}
    t =    65.18s Get all elements bound by index for: Descendants matching type TabBar
    t =    65.21s Find the TabBar (Element at index 0)
    t =    65.27s Checking existence of `"Not yet" Button`
    t =    65.29s Find the "Not yet" Button
    t =    65.32s Checking existence of `"session-submit" Any`
    t =    65.37s Find the "session-submit" Any
    t =    65.42s Find the "session-submit" Button
    t =    65.47s Find the "session-submit" Button
    t =    65.52s Checking existence of `"session-next" Any`
    t =    65.57s Checking existence of `"train-start-practice" Any`
    t =    65.62s Checking existence of `"train-start-graph-construction" Any`
    t =    65.67s Checking existence of `"Not yet" Button`
    t =    65.70s Find the "Not yet" Button
    t =    65.73s Find the "Not yet" Button
    t =    65.76s Find the ScrollView at {{0.0, 154.5}, {375.0, 512.5}}
    t =    65.80s Checking existence of `"Not yet" Button`
    t =    65.83s Find the "Not yet" Button
    t =    65.86s Find the "Not yet" Button
    t =    65.89s Find the "Not yet" Button
    t =    65.93s Checking existence of `"Not yet" Button`
    t =    65.95s Find the "Not yet" Button
    t =    65.98s Tap "Not yet" Button
    t =    65.98s     Wait for com.zacrotech.NeuroForge to idle
    t =    66.04s     Find the "Not yet" Button
    t =    66.07s     Check for interrupting elements affecting "Not yet" Button
    t =    66.12s     Synthesize event
    t =    66.41s     Wait for com.zacrotech.NeuroForge to idle
    t =    68.01s Checking `Expect predicate `selected == 1` for object "Not yet" Button`
    t =    68.02s     Find the "Not yet" Button
    t =    68.05s Waiting 8.0s for "session-submit" Any to exist
    t =    69.12s     Checking `Expect predicate `existsNoRetry == 1` for object "session-submit" Any`
    t =    69.14s         Checking existence of `"session-submit" Any`
    t =    69.22s Get all elements bound by index for: Descendants matching type ScrollView
    t =    69.26s Find the ScrollView (Element at index 0)
    t =    69.31s Find the Target Application 'com.zacrotech.NeuroForge'
    t =    69.34s Checking existence of `Keyboard (First Match)`
    t =    69.42s Get all elements bound by index for: Descendants matching type NavigationBar
    t =    69.46s Find the NavigationBar (Element at index 0)
    t =    69.50s Find the ScrollView at {{0.0, 154.5}, {375.0, 512.5}}
    t =    69.54s Find the ScrollView at {{0.0, 154.5}, {375.0, 512.5}}
    t =    69.58s Get all elements bound by index for: Descendants matching type TabBar
    t =    69.61s Find the TabBar (Element at index 0)
    t =    69.66s Checking existence of `"session-submit" Any`
    t =    69.71s Find the "session-submit" Any
    t =    69.76s Checking existence of `"session-submit" Button`
    t =    69.81s Find the "session-submit" Button
    t =    69.87s Find the "session-submit" Button
    t =    69.92s Find the "session-submit" Button
    t =    71.02s Checking `Expect predicate `enabled == 1` for object "session-submit" Button`
    t =    71.02s     Find the "session-submit" Button
    t =    71.09s Tap "session-submit" Button
    t =    71.09s     Wait for com.zacrotech.NeuroForge to idle
    t =    71.09s     Find the "session-submit" Button
    t =    71.14s     Check for interrupting elements affecting "session-submit" Button
    t =    71.19s     Synthesize event
    t =    71.51s     Wait for com.zacrotech.NeuroForge to idle
    t =    71.64s Get all elements bound by index for: Descendants matching type ScrollView
    t =    71.68s Find the ScrollView (Element at index 0)
    t =    71.73s Find the Target Application 'com.zacrotech.NeuroForge'
    t =    71.76s Checking existence of `Keyboard (First Match)`
    t =    71.85s Get all elements bound by index for: Descendants matching type NavigationBar
    t =    71.89s Find the NavigationBar (Element at index 0)
    t =    71.94s Find the ScrollView at {{0.0, 154.5}, {375.0, 512.5}}
    t =    71.99s Find the ScrollView at {{0.0, 154.5}, {375.0, 512.5}}
    t =    72.03s Get all elements bound by index for: Descendants matching type TabBar
    t =    72.06s Find the TabBar (Element at index 0)
    t =    72.13s Checking existence of `"session-feedback-title" Any`
    t =    72.18s Find the "session-feedback-title" Any
    t =    72.23s Checking existence of `"session-submit" Any`
    t =    72.29s Checking existence of `"session-next" Any`
    t =    72.34s Find the "session-next" Any
    t =    72.40s Find the "session-next" Button
    t =    72.46s Find the "session-next" Button
    t =    72.52s Checking existence of `"train-start-practice" Any`
    t =    72.57s Checking existence of `"train-start-graph-construction" Any`
    t =    72.63s Checking existence of `"session-feedback-title" StaticText`
    t =    72.68s Find the "session-feedback-title" StaticText
    t =    72.74s Find the "session-feedback-title" StaticText
    t =    72.80s Find the ScrollView at {{0.0, 154.5}, {375.0, 512.5}}
    t =    72.84s Checking existence of `"session-feedback-title" StaticText`
    t =    72.89s Find the "session-feedback-title" StaticText
    t =    72.95s Find the "session-feedback-title" StaticText
    t =    73.01s Checking existence of `"session-feedback-title" StaticText`
    t =    73.06s Find the "session-feedback-title" StaticText
    t =    73.12s Find the ScrollView at {{0.0, 154.5}, {375.0, 512.5}}
    t =    73.16s Checking existence of `"session-feedback-title" StaticText`
    t =    73.21s Find the "session-feedback-title" StaticText
    t =    73.26s Press Target Application 'com.zacrotech.NeuroForge'[0.00, 0.00] -> (12.0, 245.7) for 0.1 seconds, then drag to Target Application 'com.zacrotech.NeuroForge'[0.00, 0.00] -> (12.0, 261.7) with velocity of 250.00 pixels per second, and then hold for 0.2 seconds 
    t =    73.26s     Wait for com.zacrotech.NeuroForge to idle
    t =    73.27s     Find the Target Application 'com.zacrotech.NeuroForge'
    t =    73.30s     Check for interrupting elements affecting "NeuroForge" Application
    t =    73.35s     Synthesize event
    t =    73.35s         Find the Target Application 'com.zacrotech.NeuroForge'
    t =    73.38s         Find the Target Application 'com.zacrotech.NeuroForge'
    t =    73.41s         Find the Target Application 'com.zacrotech.NeuroForge'
    t =    73.45s         Find the Target Application 'com.zacrotech.NeuroForge'
    t =    73.48s         Find the Target Application 'com.zacrotech.NeuroForge'
    t =    74.09s     Wait for com.zacrotech.NeuroForge to idle
    t =    74.10s Get all elements bound by index for: Descendants matching type ScrollView
    t =    74.16s Find the ScrollView (Element at index 0)
    t =    74.21s Find the Target Application 'com.zacrotech.NeuroForge'
    t =    74.25s Checking existence of `Keyboard (First Match)`
    t =    74.34s Get all elements bound by index for: Descendants matching type NavigationBar
    t =    74.38s Find the NavigationBar (Element at index 0)
    t =    74.42s Find the ScrollView at {{0.0, 154.5}, {375.0, 512.5}}
    t =    74.47s Find the ScrollView at {{0.0, 154.5}, {375.0, 512.5}}
    t =    74.50s Get all elements bound by index for: Descendants matching type TabBar
    t =    74.54s Find the TabBar (Element at index 0)
    t =    74.61s Checking existence of `"session-feedback-title" StaticText`
    t =    74.66s Find the "session-feedback-title" StaticText
    t =    74.71s Checking existence of `"session-submit" Any`
    t =    74.77s Checking existence of `"session-next" Any`
    t =    74.82s Find the "session-next" Any
    t =    74.88s Find the "session-next" Button
    t =    74.94s Find the "session-next" Button
    t =    75.00s Checking existence of `"train-start-practice" Any`
    t =    75.05s Checking existence of `"train-start-graph-construction" Any`
    t =    75.10s Checking existence of `"session-feedback-title" StaticText`
    t =    75.16s Find the "session-feedback-title" StaticText
    t =    75.21s Find the "session-feedback-title" StaticText
    t =    75.28s Find the ScrollView at {{0.0, 154.5}, {375.0, 512.5}}
    t =    75.32s Checking existence of `"session-feedback-title" StaticText`
    t =    75.38s Find the "session-feedback-title" StaticText
    t =    75.45s Find the "session-feedback-title" StaticText
    t =    75.51s Find the "session-feedback-title" StaticText
    t =    75.57s Find the "session-feedback-title" StaticText
    t =    75.62s Checking existence of `"Incorrect" StaticText`
    t =    75.67s Find the Target Application 'com.zacrotech.NeuroForge'
    t =    75.80s Added attachment named 'source-exact-recall-cold-resume-neutral-feedback-en'
    t =    75.80s Checking existence of `"session-save-close" Any`
    t =    75.86s Waiting 5.0s for Button (First Match) to exist
    t =    76.89s     Checking `Expect predicate `existsNoRetry == 1` for object Button (First Match)`
    t =    76.89s         Checking existence of `Button (First Match)`
    t =    76.92s Tap Button (First Match)
    t =    76.92s     Wait for com.zacrotech.NeuroForge to idle
    t =    76.92s     Find the Button (First Match)
    t =    76.94s     Check for interrupting elements affecting "pause.fill" Button
    t =    77.00s     Synthesize event
    t =    77.29s     Wait for com.zacrotech.NeuroForge to idle
    t =    77.30s Waiting 5.0s for "session-save-close" Any to exist
    t =    78.36s     Checking `Expect predicate `existsNoRetry == 1` for object "session-save-close" Any`
    t =    78.36s         Checking existence of `"session-save-close" Any`
    t =    78.41s Tap "session-save-close" Any
    t =    78.41s     Wait for com.zacrotech.NeuroForge to idle
    t =    78.41s     Find the "session-save-close" Any
    t =    78.46s     Check for interrupting elements affecting "session-save-close" Button
    t =    78.51s     Synthesize event
    t =    78.80s     Wait for com.zacrotech.NeuroForge to idle
    t =    79.27s Waiting 8.0s for "destination-today" Any to exist
    t =    80.30s     Checking `Expect predicate `existsNoRetry == 1` for object "destination-today" Any`
    t =    80.30s         Checking existence of `"destination-today" Any`
    t =    80.36s Terminate com.zacrotech.NeuroForge:198
    t =    81.45s Open com.zacrotech.NeuroForge
    t =    81.45s     Launch com.zacrotech.NeuroForge
2026-09-05 18:21:13.217 xcodebuild[99851:6308098] [MT] IDELaunchParametersSnapshot: The operation couldn’t be completed. (DebuggerLLDB.DebuggerVersionStore.StoreError error 0.)
2026-09-05 18:21:13.217 xcodebuild[99851:6308098] [MT] IDELaunchParametersSnapshot: no debugger version
    t =    81.89s         Setting up automation session
    t =    83.21s         Wait for com.zacrotech.NeuroForge to idle
    t =    85.64s Waiting 15.0s for "continue-session" Any to exist
    t =    86.65s     Checking `Expect predicate `existsNoRetry == 1` for object "continue-session" Any`
    t =    86.65s         Checking existence of `"continue-session" Any`
    t =    86.80s Checking existence of `"continue-session" Any`
    t =    86.83s Find the "continue-session" Any
    t =    86.88s Press "continue-session" Button for 0.1 seconds
    t =    86.88s     Wait for com.zacrotech.NeuroForge to idle
    t =    86.88s     Find the "continue-session" Button
    t =    86.92s     Check for interrupting elements affecting "continue-session" Button
    t =    86.95s     Synthesize event
    t =    87.33s     Wait for com.zacrotech.NeuroForge to idle
    t =    87.57s Waiting 8.0s for "universal-session" Any to exist
    t =    88.57s     Checking `Expect predicate `existsNoRetry == 1` for object "universal-session" Any`
    t =    88.58s         Checking existence of `"universal-session" Any`
    t =    88.63s Waiting 3.0s for "session-resume" Any to exist
    t =    89.64s     Checking `Expect predicate `existsNoRetry == 1` for object "session-resume" Any`
    t =    89.64s         Checking existence of `"session-resume" Any`
    t =    89.71s Find the Target Application 'com.zacrotech.NeuroForge'
    t =    89.84s Added attachment named 'interruption-paused-session-before-explicit-resume'
    t =    89.84s Find the "session-resume" Any
    t =    89.90s Press "session-resume" Button for 0.1 seconds
    t =    89.90s     Wait for com.zacrotech.NeuroForge to idle
    t =    89.90s     Find the "session-resume" Button
    t =    89.94s     Check for interrupting elements affecting "session-resume" Button
    t =    89.98s     Synthesize event
    t =    90.37s     Wait for com.zacrotech.NeuroForge to idle
    t =    91.42s Checking `Expect predicate `exists == 0` for object "session-resume" Button`
    t =    91.42s     Checking existence of `"session-resume" Button`
    t =    91.51s Find the "session-prompt" Any
    t =    91.57s Find the "session-position" Any
    t =    91.63s Waiting 8.0s for "session-next" Any to exist
    t =    92.63s     Checking `Expect predicate `existsNoRetry == 1` for object "session-next" Any`
    t =    92.63s         Checking existence of `"session-next" Any`
    t =    92.70s Get all elements bound by index for: Descendants matching type ScrollView
    t =    92.74s Find the ScrollView (Element at index 0)
    t =    92.79s Find the Target Application 'com.zacrotech.NeuroForge'
    t =    92.82s Checking existence of `Keyboard (First Match)`
    t =    92.91s Get all elements bound by index for: Descendants matching type NavigationBar
    t =    92.95s Find the NavigationBar (Element at index 0)
    t =    92.99s Find the ScrollView at {{0.0, 154.5}, {375.0, 512.5}}
    t =    93.03s Find the ScrollView at {{0.0, 154.5}, {375.0, 512.5}}
    t =    93.07s Get all elements bound by index for: Descendants matching type TabBar
    t =    93.11s Find the TabBar (Element at index 0)
    t =    93.17s Checking existence of `"session-feedback-title" StaticText`
    t =    93.23s Find the "session-feedback-title" StaticText
    t =    93.28s Checking existence of `"session-submit" Any`
    t =    93.34s Checking existence of `"session-next" Any`
    t =    93.39s Find the "session-next" Any
    t =    93.48s Find the "session-next" Button
    t =    93.54s Find the "session-next" Button
    t =    93.60s Checking existence of `"train-start-practice" Any`
    t =    93.65s Checking existence of `"train-start-graph-construction" Any`
    t =    93.71s Checking existence of `"session-feedback-title" StaticText`
    t =    93.76s Find the "session-feedback-title" StaticText
    t =    93.82s Find the "session-feedback-title" StaticText
    t =    93.88s Find the ScrollView at {{0.0, 154.5}, {375.0, 512.5}}
    t =    93.93s Checking existence of `"session-feedback-title" StaticText`
    t =    93.98s Find the "session-feedback-title" StaticText
    t =    94.05s Find the "session-feedback-title" StaticText
    t =    94.11s Checking existence of `"session-feedback-title" StaticText`
    t =    94.17s Find the "session-feedback-title" StaticText
    t =    94.23s Find the ScrollView at {{0.0, 154.5}, {375.0, 512.5}}
    t =    94.27s Checking existence of `"session-feedback-title" StaticText`
    t =    94.33s Find the "session-feedback-title" StaticText
    t =    94.38s Press Target Application 'com.zacrotech.NeuroForge'[0.00, 0.00] -> (12.0, 245.7) for 0.1 seconds, then drag to Target Application 'com.zacrotech.NeuroForge'[0.00, 0.00] -> (12.0, 261.7) with velocity of 250.00 pixels per second, and then hold for 0.2 seconds 
    t =    94.38s     Wait for com.zacrotech.NeuroForge to idle
    t =    94.38s     Find the Target Application 'com.zacrotech.NeuroForge'
    t =    94.42s     Check for interrupting elements affecting "NeuroForge" Application
    t =    94.47s     Synthesize event
    t =    94.47s         Find the Target Application 'com.zacrotech.NeuroForge'
    t =    94.50s         Find the Target Application 'com.zacrotech.NeuroForge'
    t =    94.54s         Find the Target Application 'com.zacrotech.NeuroForge'
    t =    94.57s         Find the Target Application 'com.zacrotech.NeuroForge'
    t =    94.61s         Find the Target Application 'com.zacrotech.NeuroForge'
    t =    95.21s     Wait for com.zacrotech.NeuroForge to idle
    t =    95.22s Get all elements bound by index for: Descendants matching type ScrollView
    t =    95.28s Find the ScrollView (Element at index 0)
    t =    95.34s Find the Target Application 'com.zacrotech.NeuroForge'
    t =    95.37s Checking existence of `Keyboard (First Match)`
    t =    95.46s Get all elements bound by index for: Descendants matching type NavigationBar
    t =    95.50s Find the NavigationBar (Element at index 0)
    t =    95.55s Find the ScrollView at {{0.0, 154.5}, {375.0, 512.5}}
    t =    95.59s Find the ScrollView at {{0.0, 154.5}, {375.0, 512.5}}
    t =    95.63s Get all elements bound by index for: Descendants matching type TabBar
    t =    95.67s Find the TabBar (Element at index 0)
    t =    95.73s Checking existence of `"session-feedback-title" StaticText`
    t =    95.79s Find the "session-feedback-title" StaticText
    t =    95.84s Checking existence of `"session-submit" Any`
    t =    95.90s Checking existence of `"session-next" Any`
    t =    95.95s Find the "session-next" Any
    t =    96.03s Find the "session-next" Button
    t =    96.09s Find the "session-next" Button
    t =    96.15s Checking existence of `"train-start-practice" Any`
    t =    96.20s Checking existence of `"train-start-graph-construction" Any`
    t =    96.25s Checking existence of `"session-feedback-title" StaticText`
    t =    96.31s Find the "session-feedback-title" StaticText
    t =    96.37s Find the "session-feedback-title" StaticText
    t =    96.44s Find the ScrollView at {{0.0, 154.5}, {375.0, 512.5}}
    t =    96.48s Checking existence of `"session-feedback-title" StaticText`
    t =    96.53s Find the "session-feedback-title" StaticText
    t =    96.60s Find the "session-feedback-title" StaticText
    t =    96.66s Find the "session-feedback-title" StaticText
    t =    96.71s Find the "session-feedback-title" StaticText
    t =    96.77s Terminate com.zacrotech.NeuroForge:426
    t =    97.90s Tear Down
Test Case '-[NeuroForgeUITests.NavigationSmokeUITests testSourceRecallColdRelaunchPreservesDraftReferenceAndNeutralResult]' passed (98.032 seconds).
Test Suite 'NavigationSmokeUITests' passed at 2026-09-05 18:21:29.780.
	 Executed 1 test, with 0 failures (0 unexpected) in 98.032 (98.036) seconds
Test Suite 'NeuroForgeUITests.xctest' passed at 2026-09-05 18:21:29.781.
	 Executed 1 test, with 0 failures (0 unexpected) in 98.032 (98.037) seconds
Test Suite 'Selected tests' passed at 2026-09-05 18:21:29.782.
	 Executed 1 test, with 0 failures (0 unexpected) in 98.032 (98.039) seconds
2026-09-05 18:21:30.289 xcodebuild[99851:6308098] [MT] IDETestOperationsObserverDebug: 102.512 elapsed -- Testing started completed.
2026-09-05 18:21:30.289 xcodebuild[99851:6308098] [MT] IDETestOperationsObserverDebug: 0.000 sec, +0.000 sec -- start
2026-09-05 18:21:30.289 xcodebuild[99851:6308098] [MT] IDETestOperationsObserverDebug: 102.512 sec, +102.512 sec -- end

Test session results, code coverage, and logs:
	/tmp/NeuroForge-improvement-ios/Logs/Test/Test-NeuroForgeUISmoke-2026.09.05_18-19-47--0400.xcresult

** TEST EXECUTE SUCCEEDED **

Testing started
