Command line invocation:
    /Applications/Xcode.app/Contents/Developer/usr/bin/xcodebuild -project NeuroForge.xcodeproj -scheme NeuroForgeUISmoke -destination "platform=iOS Simulator,id=064C7C8F-D941-4D8C-9B55-958F4123AF02" -derivedDataPath /tmp/NeuroForge-improvement-ios CODE_SIGNING_ALLOWED=NO -collect-test-diagnostics never "-only-testing:NeuroForgeUITests/NavigationSmokeUITests/testGeneratedSetCreatesSeparateRunsAndRestoresSkippedRunThroughColdLaunch" "-only-testing:NeuroForgeUITests/NavigationSmokeUITests/testSpatialCoordinateChoiceShowsFeedbackAndAdvances" test-without-building

Build settings from command line:
    CODE_SIGNING_ALLOWED = NO

Resolve Package Graph


Resolved source packages:
  SwiftMath: https://github.com/mgriebling/SwiftMath.git @ 1d2c908

2026-09-05 15:59:01.368206-0400 NeuroForgeUITests-Runner[37043:5754964] [Default] Running tests...
objc[37043]: Class UIAccessibilityLoaderWebShared is implemented in both /Library/Developer/CoreSimulator/Volumes/iOS_23F77/Library/Developer/CoreSimulator/Profiles/Runtimes/iOS 26.5.simruntime/Contents/Resources/RuntimeRoot/System/Library/AccessibilityBundles/WebCore.axbundle/WebCore (0x106fec310) and /Library/Developer/CoreSimulator/Volumes/iOS_23F77/Library/Developer/CoreSimulator/Profiles/Runtimes/iOS 26.5.simruntime/Contents/Resources/RuntimeRoot/System/Library/AccessibilityBundles/WebKit.axbundle/WebKit (0x107088398). This may cause spurious casting failures and mysterious crashes. One of the duplicates must be removed or renamed.
    t =      nans Interface orientation changed to Portrait
Test Suite 'Selected tests' started at 2026-09-05 15:59:03.391.
Test Suite 'NeuroForgeUITests.xctest' started at 2026-09-05 15:59:03.391.
Test Suite 'NavigationSmokeUITests' started at 2026-09-05 15:59:03.391.
Test Case '-[NeuroForgeUITests.NavigationSmokeUITests testGeneratedSetCreatesSeparateRunsAndRestoresSkippedRunThroughColdLaunch]' started.
    t =     0.00s Start Test at 2026-09-05 15:59:03.392
    t =     0.36s Set Up
    t =     0.36s Open com.zacrotech.NeuroForge
    t =     0.36s     Launch com.zacrotech.NeuroForge
2026-09-05 15:59:04.329 xcodebuild[37013:5754536] [MT] IDELaunchParametersSnapshot: The operation couldn’t be completed. (DebuggerLLDB.DebuggerVersionStore.StoreError error 0.)
2026-09-05 15:59:04.329 xcodebuild[37013:5754536] [MT] IDELaunchParametersSnapshot: no debugger version
    t =     2.21s         Setting up automation session
    t =     3.66s         Wait for com.zacrotech.NeuroForge to idle
    t =     6.34s Waiting 15.0s for "destination-today" Any to exist
    t =     7.42s     Checking `Expect predicate `existsNoRetry == 1` for object "destination-today" Any`
    t =     7.42s         Checking existence of `"destination-today" Any`
    t =     7.67s Tap "Practice" Button
    t =     7.67s     Wait for com.zacrotech.NeuroForge to idle
    t =     7.67s     Find the "Practice" Button
    t =     7.71s     Check for interrupting elements affecting "Practice" Button
    t =     7.83s     Synthesize event
    t =     8.26s     Wait for com.zacrotech.NeuroForge to idle
    t =    10.17s Checking existence of `"open-ai-studio" Any`
    t =    10.24s Get all elements bound by index for: Descendants matching type ScrollView
    t =    10.26s Find the ScrollView (Element at index 0)
    t =    10.30s Swipe up ScrollView at {{0.0, 0.0}, {375.0, 667.0}}
    t =    10.30s     Wait for com.zacrotech.NeuroForge to idle
    t =    10.30s     Find the ScrollView at {{0.0, 0.0}, {375.0, 667.0}}
    t =    10.33s     Check for interrupting elements affecting ScrollView
    t =    10.36s     Synthesize event
    t =    10.83s     Wait for com.zacrotech.NeuroForge to idle
    t =    12.95s Checking existence of `"open-ai-studio" Any`
    t =    13.00s Get all elements bound by index for: Descendants matching type ScrollView
    t =    13.03s Find the ScrollView (Element at index 0)
    t =    13.08s Swipe up ScrollView at {{0.0, 0.0}, {375.0, 667.0}}
    t =    13.08s     Wait for com.zacrotech.NeuroForge to idle
    t =    13.40s     Find the ScrollView at {{0.0, 0.0}, {375.0, 667.0}}
    t =    13.44s     Check for interrupting elements affecting ScrollView
    t =    13.47s     Synthesize event
    t =    13.94s     Wait for com.zacrotech.NeuroForge to idle
    t =    16.05s Checking existence of `"open-ai-studio" Any`
    t =    16.12s Get all elements bound by index for: Descendants matching type ScrollView
    t =    16.15s Find the ScrollView (Element at index 0)
    t =    16.19s Swipe up ScrollView at {{0.0, 0.0}, {375.0, 667.0}}
    t =    16.19s     Wait for com.zacrotech.NeuroForge to idle
    t =    16.77s     Find the ScrollView at {{0.0, 0.0}, {375.0, 667.0}}
    t =    16.81s     Check for interrupting elements affecting ScrollView
    t =    16.84s     Synthesize event
    t =    17.31s     Wait for com.zacrotech.NeuroForge to idle
    t =    19.47s Checking existence of `"open-ai-studio" Any`
    t =    19.52s Find the "open-ai-studio" Any
    t =    19.57s Get all elements bound by index for: Descendants matching type ScrollView
    t =    19.60s Find the ScrollView (Element at index 0)
    t =    19.64s Swipe up ScrollView at {{0.0, 0.0}, {375.0, 667.0}}
    t =    19.65s     Wait for com.zacrotech.NeuroForge to idle
    t =    19.65s     Find the ScrollView at {{0.0, 0.0}, {375.0, 667.0}}
    t =    19.68s     Check for interrupting elements affecting ScrollView
    t =    19.71s     Synthesize event
    t =    20.18s     Wait for com.zacrotech.NeuroForge to idle
    t =    21.24s Checking existence of `"open-ai-studio" Button`
    t =    21.29s Find the "open-ai-studio" Button
    t =    21.33s Find the "open-ai-studio" Button
    t =    21.37s Tap "open-ai-studio" Button
    t =    21.37s     Wait for com.zacrotech.NeuroForge to idle
    t =    21.37s     Find the "open-ai-studio" Button
    t =    21.41s     Check for interrupting elements affecting "open-ai-studio" Button
    t =    21.44s     Synthesize event
    t =    21.72s     Wait for com.zacrotech.NeuroForge to idle
    t =    22.23s Waiting 8.0s for "ai-studio-root" Any to exist
    t =    23.31s     Checking `Expect predicate `existsNoRetry == 1` for object "ai-studio-root" Any`
    t =    23.31s         Checking existence of `"ai-studio-root" Any`
    t =    23.41s Waiting 8.0s for "What do you want to practice?" TextField to exist
    t =    24.49s     Checking `Expect predicate `existsNoRetry == 1` for object "What do you want to practice?" TextField`
    t =    24.49s         Checking existence of `"What do you want to practice?" TextField`
    t =    24.56s Get all elements bound by index for: Descendants matching type ScrollView
    t =    24.61s Find the ScrollView (Element at index 0)
    t =    24.66s Find the Target Application 'com.zacrotech.NeuroForge'
    t =    24.70s Checking existence of `Keyboard (First Match)`
    t =    24.80s Get all elements bound by index for: Descendants matching type NavigationBar
    t =    24.85s Find the NavigationBar (Element at index 0)
    t =    24.90s Find the NavigationBar (Element at index 1)
    t =    24.98s Find the "Create a question set" NavigationBar
    t =    25.03s Find the ScrollView at {{0.0, 30.0}, {375.0, 637.0}}
    t =    25.08s Find the ScrollView at {{0.0, 30.0}, {375.0, 637.0}}
    t =    25.13s Get all elements bound by index for: Descendants matching type TabBar
    t =    25.18s Find the TabBar (Element at index 0)
    t =    25.30s Checking existence of `"What do you want to practice?" TextField`
    t =    25.36s Find the "What do you want to practice?" TextField
    t =    25.42s Checking existence of `"session-submit" Any`
    t =    25.48s Checking existence of `"session-next" Any`
    t =    25.55s Checking existence of `"train-start-practice" Any`
    t =    25.60s Checking existence of `"train-start-graph-construction" Any`
    t =    25.67s Checking existence of `"e.g. limiting reagents, induction proofs, or graph traversal" TextField`
    t =    25.72s Find the "e.g. limiting reagents, induction proofs, or graph traversal" TextField
    t =    25.78s Find the "e.g. limiting reagents, induction proofs, or graph traversal" TextField
    t =    25.84s Find the "e.g. limiting reagents, induction proofs, or graph traversal" TextField
    t =    25.90s Checking existence of `"e.g. limiting reagents, induction proofs, or graph traversal" TextField`
    t =    25.95s Find the "e.g. limiting reagents, induction proofs, or graph traversal" TextField
    t =    26.01s Find the ScrollView at {{0.0, 30.0}, {375.0, 637.0}}
    t =    26.06s Checking existence of `"e.g. limiting reagents, induction proofs, or graph traversal" TextField`
    t =    26.11s Find the "e.g. limiting reagents, induction proofs, or graph traversal" TextField
    t =    26.17s Press Target Application 'com.zacrotech.NeuroForge'[0.00, 0.00] -> (187.5, 559.2) for 0.1 seconds, then drag to Target Application 'com.zacrotech.NeuroForge'[0.00, 0.00] -> (187.5, 536.2) with velocity of 250.00 pixels per second, and then hold for 0.2 seconds 
    t =    26.17s     Wait for com.zacrotech.NeuroForge to idle
    t =    26.17s     Find the Target Application 'com.zacrotech.NeuroForge'
    t =    26.21s     Check for interrupting elements affecting "NeuroForge" Application
    t =    26.26s     Synthesize event
    t =    26.26s         Find the Target Application 'com.zacrotech.NeuroForge'
    t =    26.30s         Find the Target Application 'com.zacrotech.NeuroForge'
    t =    26.34s         Find the Target Application 'com.zacrotech.NeuroForge'
    t =    26.38s         Find the Target Application 'com.zacrotech.NeuroForge'
    t =    26.42s         Find the Target Application 'com.zacrotech.NeuroForge'
    t =    27.07s     Wait for com.zacrotech.NeuroForge to idle
    t =    27.07s Get all elements bound by index for: Descendants matching type ScrollView
    t =    27.13s Find the ScrollView (Element at index 0)
    t =    27.19s Find the Target Application 'com.zacrotech.NeuroForge'
    t =    27.23s Checking existence of `Keyboard (First Match)`
    t =    27.34s Get all elements bound by index for: Descendants matching type NavigationBar
    t =    27.39s Find the NavigationBar (Element at index 0)
    t =    27.44s Find the NavigationBar (Element at index 1)
    t =    27.52s Find the "Create a question set" NavigationBar
    t =    27.57s Find the ScrollView at {{0.0, 30.0}, {375.0, 637.0}}
    t =    27.63s Find the ScrollView at {{0.0, 30.0}, {375.0, 637.0}}
    t =    27.68s Get all elements bound by index for: Descendants matching type TabBar
    t =    27.73s Find the TabBar (Element at index 0)
    t =    27.85s Checking existence of `"e.g. limiting reagents, induction proofs, or graph traversal" TextField`
    t =    27.92s Find the "e.g. limiting reagents, induction proofs, or graph traversal" TextField
    t =    27.97s Checking existence of `"session-submit" Any`
    t =    28.03s Checking existence of `"session-next" Any`
    t =    28.09s Checking existence of `"train-start-practice" Any`
    t =    28.15s Checking existence of `"train-start-graph-construction" Any`
    t =    28.21s Checking existence of `"e.g. limiting reagents, induction proofs, or graph traversal" TextField`
    t =    28.27s Find the "e.g. limiting reagents, induction proofs, or graph traversal" TextField
    t =    28.34s Find the "e.g. limiting reagents, induction proofs, or graph traversal" TextField
    t =    28.40s Find the "e.g. limiting reagents, induction proofs, or graph traversal" TextField
    t =    28.46s Checking existence of `"e.g. limiting reagents, induction proofs, or graph traversal" TextField`
    t =    28.52s Find the "e.g. limiting reagents, induction proofs, or graph traversal" TextField
    t =    28.58s Find the ScrollView at {{0.0, 30.0}, {375.0, 637.0}}
    t =    28.63s Checking existence of `"e.g. limiting reagents, induction proofs, or graph traversal" TextField`
    t =    28.69s Find the "e.g. limiting reagents, induction proofs, or graph traversal" TextField
    t =    28.75s Press Target Application 'com.zacrotech.NeuroForge'[0.00, 0.00] -> (187.5, 556.6) for 0.1 seconds, then drag to Target Application 'com.zacrotech.NeuroForge'[0.00, 0.00] -> (187.5, 540.6) with velocity of 250.00 pixels per second, and then hold for 0.2 seconds 
    t =    28.75s     Wait for com.zacrotech.NeuroForge to idle
    t =    28.76s     Find the Target Application 'com.zacrotech.NeuroForge'
    t =    28.80s     Check for interrupting elements affecting "NeuroForge" Application
    t =    28.85s     Synthesize event
    t =    28.85s         Find the Target Application 'com.zacrotech.NeuroForge'
    t =    28.89s         Find the Target Application 'com.zacrotech.NeuroForge'
    t =    28.93s         Find the Target Application 'com.zacrotech.NeuroForge'
    t =    28.97s         Find the Target Application 'com.zacrotech.NeuroForge'
    t =    29.01s         Find the Target Application 'com.zacrotech.NeuroForge'
    t =    29.62s     Wait for com.zacrotech.NeuroForge to idle
    t =    31.06s Get all elements bound by index for: Descendants matching type ScrollView
    t =    31.11s Find the ScrollView (Element at index 0)
    t =    31.17s Find the Target Application 'com.zacrotech.NeuroForge'
    t =    31.21s Checking existence of `Keyboard (First Match)`
    t =    31.32s Get all elements bound by index for: Descendants matching type NavigationBar
    t =    31.37s Find the NavigationBar (Element at index 0)
    t =    31.43s Find the NavigationBar (Element at index 1)
    t =    31.51s Find the "Create a question set" NavigationBar
    t =    31.56s Find the ScrollView at {{0.0, 30.0}, {375.0, 637.0}}
    t =    31.61s Find the ScrollView at {{0.0, 30.0}, {375.0, 637.0}}
    t =    31.66s Get all elements bound by index for: Descendants matching type TabBar
    t =    31.71s Find the TabBar (Element at index 0)
    t =    31.82s Checking existence of `"e.g. limiting reagents, induction proofs, or graph traversal" TextField`
    t =    31.88s Find the "e.g. limiting reagents, induction proofs, or graph traversal" TextField
    t =    31.94s Checking existence of `"session-submit" Any`
    t =    32.00s Checking existence of `"session-next" Any`
    t =    32.06s Checking existence of `"train-start-practice" Any`
    t =    32.13s Checking existence of `"train-start-graph-construction" Any`
    t =    32.19s Checking existence of `"e.g. limiting reagents, induction proofs, or graph traversal" TextField`
    t =    32.25s Find the "e.g. limiting reagents, induction proofs, or graph traversal" TextField
    t =    32.32s Find the "e.g. limiting reagents, induction proofs, or graph traversal" TextField
    t =    32.38s Find the "e.g. limiting reagents, induction proofs, or graph traversal" TextField
    t =    32.44s Find the "e.g. limiting reagents, induction proofs, or graph traversal" TextField
    t =    32.50s Press "e.g. limiting reagents, induction proofs, or graph traversal" TextField for 0.1 seconds
    t =    32.50s     Wait for com.zacrotech.NeuroForge to idle
    t =    32.50s     Find the "e.g. limiting reagents, induction proofs, or graph traversal" TextField
    t =    32.56s     Check for interrupting elements affecting "e.g. limiting reagents, induction proofs, or graph traversal" TextField
    t =    32.61s     Synthesize event
    t =    33.00s     Wait for com.zacrotech.NeuroForge to idle
    t =    34.02s Waiting 5.0s for Keyboard (First Match) to exist
    t =    35.12s     Checking `Expect predicate `existsNoRetry == 1` for object Keyboard (First Match)`
    t =    35.13s         Checking existence of `Keyboard (First Match)`
    t =    35.18s Type 'Condition reasoning' into "e.g. limiting reagents, induction proofs, or graph traversal" TextField
    t =    35.18s     Wait for com.zacrotech.NeuroForge to idle
    t =    35.65s     Find the "e.g. limiting reagents, induction proofs, or graph traversal" TextField
    t =    35.79s     Check for interrupting elements affecting "e.g. limiting reagents, induction proofs, or graph traversal" TextField
    t =    35.90s     Synthesize event
    t =    36.43s     Wait for com.zacrotech.NeuroForge to idle
    t =    38.07s Checking `Expect predicate `value == "Condition reasoning"` for object "e.g. limiting reagents, induction proofs, or graph traversal" TextField`
    t =    38.07s     Find the "e.g. limiting reagents, induction proofs, or graph traversal" TextField
    t =    38.17s Checking existence of `"Done" Button`
    t =    38.24s Tap "Done" Button
    t =    38.24s     Wait for com.zacrotech.NeuroForge to idle
    t =    38.24s     Find the "Done" Button
    t =    38.32s     Check for interrupting elements affecting "Done" Button
    t =    38.38s     Synthesize event
    t =    38.72s     Wait for com.zacrotech.NeuroForge to idle
    t =    40.43s Checking `Expect predicate `exists == 0` for object Keyboard (First Match)`
    t =    40.43s     Checking existence of `Keyboard (First Match)`
    t =    40.58s Get all elements bound by index for: Descendants matching type ScrollView
    t =    40.63s Find the ScrollView (Element at index 0)
    t =    40.70s Find the Target Application 'com.zacrotech.NeuroForge'
    t =    40.74s Checking existence of `Keyboard (First Match)`
    t =    40.86s Get all elements bound by index for: Descendants matching type NavigationBar
    t =    40.90s Find the NavigationBar (Element at index 0)
    t =    40.96s Find the NavigationBar (Element at index 1)
    t =    41.05s Find the "Create a question set" NavigationBar
    t =    41.10s Find the ScrollView at {{0.0, 30.0}, {375.0, 637.0}}
    t =    41.16s Find the ScrollView at {{0.0, 30.0}, {375.0, 637.0}}
    t =    41.21s Get all elements bound by index for: Descendants matching type TabBar
    t =    41.25s Find the TabBar (Element at index 0)
    t =    41.37s Checking existence of `"ai-studio-create-offline" Button`
    t =    41.43s Find the "ai-studio-create-offline" Button
    t =    41.49s Checking existence of `"session-submit" Any`
    t =    41.56s Checking existence of `"session-next" Any`
    t =    41.62s Checking existence of `"train-start-practice" Any`
    t =    41.69s Checking existence of `"train-start-graph-construction" Any`
    t =    41.76s Checking existence of `"ai-studio-create-offline" Button`
    t =    41.82s Find the "ai-studio-create-offline" Button
    t =    41.89s Checking existence of `"ai-studio-create-offline" Button`
    t =    41.95s Find the "ai-studio-create-offline" Button
    t =    42.01s Find the ScrollView at {{0.0, 30.0}, {375.0, 637.0}}
    t =    42.06s Checking existence of `"ai-studio-create-offline" Button`
    t =    42.12s Find the "ai-studio-create-offline" Button
    t =    42.18s Press Target Application 'com.zacrotech.NeuroForge'[0.00, 0.00] -> (187.5, 548.8) for 0.1 seconds, then drag to Target Application 'com.zacrotech.NeuroForge'[0.00, 0.00] -> (187.5, 218.2) with velocity of 250.00 pixels per second, and then hold for 0.2 seconds 
    t =    42.18s     Wait for com.zacrotech.NeuroForge to idle
    t =    42.18s     Find the Target Application 'com.zacrotech.NeuroForge'
    t =    42.22s     Check for interrupting elements affecting "NeuroForge" Application
    t =    42.28s     Synthesize event
    t =    42.28s         Find the Target Application 'com.zacrotech.NeuroForge'
    t =    42.32s         Find the Target Application 'com.zacrotech.NeuroForge'
    t =    42.37s         Find the Target Application 'com.zacrotech.NeuroForge'
    t =    42.41s         Find the Target Application 'com.zacrotech.NeuroForge'
    t =    42.45s         Find the Target Application 'com.zacrotech.NeuroForge'
    t =    44.31s     Wait for com.zacrotech.NeuroForge to idle
    t =    44.60s Get all elements bound by index for: Descendants matching type ScrollView
    t =    44.67s Find the ScrollView (Element at index 0)
    t =    44.73s Find the Target Application 'com.zacrotech.NeuroForge'
    t =    44.77s Checking existence of `Keyboard (First Match)`
    t =    44.89s Get all elements bound by index for: Descendants matching type NavigationBar
    t =    44.94s Find the NavigationBar (Element at index 0)
    t =    45.00s Find the NavigationBar (Element at index 1)
    t =    45.08s Find the "Create a question set" NavigationBar
    t =    45.14s Find the ScrollView at {{0.0, 30.0}, {375.0, 637.0}}
    t =    45.19s Find the ScrollView at {{0.0, 30.0}, {375.0, 637.0}}
    t =    45.25s Get all elements bound by index for: Descendants matching type TabBar
    t =    45.30s Find the TabBar (Element at index 0)
    t =    45.41s Checking existence of `"ai-studio-create-offline" Button`
    t =    45.48s Find the "ai-studio-create-offline" Button
    t =    45.54s Checking existence of `"session-submit" Any`
    t =    45.61s Checking existence of `"session-next" Any`
    t =    45.68s Checking existence of `"train-start-practice" Any`
    t =    45.74s Checking existence of `"train-start-graph-construction" Any`
    t =    45.81s Checking existence of `"ai-studio-create-offline" Button`
    t =    45.87s Find the "ai-studio-create-offline" Button
    t =    45.94s Checking existence of `"ai-studio-create-offline" Button`
    t =    46.00s Find the "ai-studio-create-offline" Button
    t =    46.09s Find the ScrollView at {{0.0, 30.0}, {375.0, 637.0}}
    t =    46.14s Checking existence of `"ai-studio-create-offline" Button`
    t =    46.20s Find the "ai-studio-create-offline" Button
    t =    46.26s Press Target Application 'com.zacrotech.NeuroForge'[0.00, 0.00] -> (187.5, 548.8) for 0.1 seconds, then drag to Target Application 'com.zacrotech.NeuroForge'[0.00, 0.00] -> (187.5, 312.3) with velocity of 250.00 pixels per second, and then hold for 0.2 seconds 
    t =    46.27s     Wait for com.zacrotech.NeuroForge to idle
    t =    46.27s     Find the Target Application 'com.zacrotech.NeuroForge'
    t =    46.31s     Check for interrupting elements affecting "NeuroForge" Application
    t =    46.36s     Synthesize event
    t =    46.37s         Find the Target Application 'com.zacrotech.NeuroForge'
    t =    46.41s         Find the Target Application 'com.zacrotech.NeuroForge'
    t =    46.45s         Find the Target Application 'com.zacrotech.NeuroForge'
    t =    46.49s         Find the Target Application 'com.zacrotech.NeuroForge'
    t =    46.53s         Find the Target Application 'com.zacrotech.NeuroForge'
    t =    48.02s     Wait for com.zacrotech.NeuroForge to idle
    t =    48.16s Get all elements bound by index for: Descendants matching type ScrollView
    t =    48.21s Find the ScrollView (Element at index 0)
    t =    48.28s Find the Target Application 'com.zacrotech.NeuroForge'
    t =    48.32s Checking existence of `Keyboard (First Match)`
    t =    48.43s Get all elements bound by index for: Descendants matching type NavigationBar
    t =    48.48s Find the NavigationBar (Element at index 0)
    t =    48.54s Find the NavigationBar (Element at index 1)
    t =    48.62s Find the "Create a question set" NavigationBar
    t =    48.67s Find the ScrollView at {{0.0, 30.0}, {375.0, 637.0}}
    t =    48.73s Find the ScrollView at {{0.0, 30.0}, {375.0, 637.0}}
    t =    48.79s Get all elements bound by index for: Descendants matching type TabBar
    t =    48.84s Find the TabBar (Element at index 0)
    t =    48.95s Checking existence of `"ai-studio-create-offline" Button`
    t =    49.02s Find the "ai-studio-create-offline" Button
    t =    49.08s Checking existence of `"session-submit" Any`
    t =    49.14s Checking existence of `"session-next" Any`
    t =    49.21s Checking existence of `"train-start-practice" Any`
    t =    49.28s Checking existence of `"train-start-graph-construction" Any`
    t =    49.35s Checking existence of `"ai-studio-create-offline" Button`
    t =    49.40s Find the "ai-studio-create-offline" Button
    t =    49.47s Find the "ai-studio-create-offline" Button
    t =    49.54s Find the "ai-studio-create-offline" Button
    t =    49.60s Checking existence of `"ai-studio-create-offline" Button`
    t =    49.66s Find the "ai-studio-create-offline" Button
    t =    49.73s Find the ScrollView at {{0.0, 30.0}, {375.0, 637.0}}
    t =    49.78s Checking existence of `"ai-studio-create-offline" Button`
    t =    49.84s Find the "ai-studio-create-offline" Button
    t =    49.91s Press Target Application 'com.zacrotech.NeuroForge'[0.00, 0.00] -> (187.5, 548.8) for 0.1 seconds, then drag to Target Application 'com.zacrotech.NeuroForge'[0.00, 0.00] -> (187.5, 532.8) with velocity of 250.00 pixels per second, and then hold for 0.2 seconds 
    t =    49.91s     Wait for com.zacrotech.NeuroForge to idle
    t =    49.91s     Find the Target Application 'com.zacrotech.NeuroForge'
    t =    49.95s     Check for interrupting elements affecting "NeuroForge" Application
    t =    50.00s     Synthesize event
    t =    50.00s         Find the Target Application 'com.zacrotech.NeuroForge'
    t =    50.04s         Find the Target Application 'com.zacrotech.NeuroForge'
    t =    50.09s         Find the Target Application 'com.zacrotech.NeuroForge'
    t =    50.13s         Find the Target Application 'com.zacrotech.NeuroForge'
    t =    50.17s         Find the Target Application 'com.zacrotech.NeuroForge'
    t =    50.79s     Wait for com.zacrotech.NeuroForge to idle
    t =    50.79s Get all elements bound by index for: Descendants matching type ScrollView
    t =    50.85s Find the ScrollView (Element at index 0)
    t =    50.92s Find the Target Application 'com.zacrotech.NeuroForge'
    t =    50.96s Checking existence of `Keyboard (First Match)`
    t =    51.06s Get all elements bound by index for: Descendants matching type NavigationBar
    t =    51.11s Find the NavigationBar (Element at index 0)
    t =    51.17s Find the NavigationBar (Element at index 1)
    t =    51.25s Find the "Create a question set" NavigationBar
    t =    51.30s Find the ScrollView at {{0.0, 30.0}, {375.0, 637.0}}
    t =    51.35s Find the ScrollView at {{0.0, 30.0}, {375.0, 637.0}}
    t =    51.40s Get all elements bound by index for: Descendants matching type TabBar
    t =    51.45s Find the TabBar (Element at index 0)
    t =    51.56s Checking existence of `"ai-studio-create-offline" Button`
    t =    51.63s Find the "ai-studio-create-offline" Button
    t =    51.69s Checking existence of `"session-submit" Any`
    t =    51.76s Checking existence of `"session-next" Any`
    t =    51.82s Checking existence of `"train-start-practice" Any`
    t =    51.89s Checking existence of `"train-start-graph-construction" Any`
    t =    51.96s Checking existence of `"ai-studio-create-offline" Button`
    t =    52.02s Find the "ai-studio-create-offline" Button
    t =    52.09s Find the "ai-studio-create-offline" Button
    t =    52.16s Find the "ai-studio-create-offline" Button
    t =    52.22s Find the "ai-studio-create-offline" Button
    t =    52.28s Find the "ai-studio-create-offline" Button
    t =    52.35s Tap "ai-studio-create-offline" Button
    t =    52.35s     Wait for com.zacrotech.NeuroForge to idle
    t =    52.35s     Find the "ai-studio-create-offline" Button
    t =    52.41s     Check for interrupting elements affecting "ai-studio-create-offline" Button
    t =    52.46s     Synthesize event
    t =    52.76s     Wait for com.zacrotech.NeuroForge to idle
    t =    53.03s Waiting 30.0s for "Start practice" Button to exist
    t =    54.10s     Checking `Expect predicate `existsNoRetry == 1` for object "Start practice" Button`
    t =    54.11s         Checking existence of `"Start practice" Button`
    t =    54.20s Get all elements bound by index for: Descendants matching type ScrollView
    t =    54.26s Find the ScrollView (Element at index 0)
    t =    54.32s Find the Target Application 'com.zacrotech.NeuroForge'
    t =    54.37s Checking existence of `Keyboard (First Match)`
    t =    54.49s Get all elements bound by index for: Descendants matching type NavigationBar
    t =    54.54s Find the NavigationBar (Element at index 0)
    t =    54.61s Find the NavigationBar (Element at index 1)
    t =    54.70s Find the "Create a question set" NavigationBar
    t =    54.76s Find the ScrollView at {{0.0, 30.0}, {375.0, 637.0}}
    t =    54.82s Find the ScrollView at {{0.0, 30.0}, {375.0, 637.0}}
    t =    54.87s Get all elements bound by index for: Descendants matching type TabBar
    t =    54.92s Find the TabBar (Element at index 0)
    t =    55.09s Checking existence of `"Start practice" Button`
    t =    55.17s Find the "Start practice" Button
    t =    55.24s Checking existence of `"session-submit" Any`
    t =    55.30s Checking existence of `"session-next" Any`
    t =    55.37s Checking existence of `"train-start-practice" Any`
    t =    55.44s Checking existence of `"train-start-graph-construction" Any`
    t =    55.52s Checking existence of `"Start practice" Button`
    t =    55.58s Find the "Start practice" Button
    t =    55.66s Find the "Start practice" Button
    t =    55.73s Find the "Start practice" Button
    t =    55.81s Tap "Start practice" Button
    t =    55.81s     Wait for com.zacrotech.NeuroForge to idle
    t =    55.81s     Find the "Start practice" Button
    t =    55.88s     Check for interrupting elements affecting "Start practice" Button
    t =    55.94s     Synthesize event
    t =    56.25s     Wait for com.zacrotech.NeuroForge to idle
    t =    56.25s Waiting 10.0s for "ai-practice-prompt" Any to exist
    t =    57.28s     Checking `Expect predicate `existsNoRetry == 1` for object "ai-practice-prompt" Any`
    t =    57.29s         Checking existence of `"ai-practice-prompt" Any`
    t =    57.39s         Capturing element debug description
    t =    58.30s     Checking `Expect predicate `existsNoRetry == 1` for object "ai-practice-prompt" Any`
    t =    58.30s         Checking existence of `"ai-practice-prompt" Any`
    t =    58.38s         Capturing element debug description
    t =    59.29s     Checking `Expect predicate `existsNoRetry == 1` for object "ai-practice-prompt" Any`
    t =    59.29s         Checking existence of `"ai-practice-prompt" Any`
    t =    59.37s         Capturing element debug description
    t =    60.33s     Checking `Expect predicate `existsNoRetry == 1` for object "ai-practice-prompt" Any`
    t =    60.34s         Checking existence of `"ai-practice-prompt" Any`
    t =    60.42s         Capturing element debug description
    t =    61.28s     Checking `Expect predicate `existsNoRetry == 1` for object "ai-practice-prompt" Any`
    t =    61.28s         Checking existence of `"ai-practice-prompt" Any`
    t =    61.36s         Capturing element debug description
    t =    62.26s     Checking `Expect predicate `existsNoRetry == 1` for object "ai-practice-prompt" Any`
    t =    62.26s         Checking existence of `"ai-practice-prompt" Any`
    t =    62.37s         Capturing element debug description
    t =    63.28s     Checking `Expect predicate `existsNoRetry == 1` for object "ai-practice-prompt" Any`
    t =    63.28s         Checking existence of `"ai-practice-prompt" Any`
    t =    63.40s         Capturing element debug description
    t =    64.25s     Checking `Expect predicate `existsNoRetry == 1` for object "ai-practice-prompt" Any`
    t =    64.25s         Checking existence of `"ai-practice-prompt" Any`
    t =    64.34s         Capturing element debug description
    t =    65.29s     Checking `Expect predicate `existsNoRetry == 1` for object "ai-practice-prompt" Any`
    t =    65.30s         Checking existence of `"ai-practice-prompt" Any`
    t =    65.37s         Capturing element debug description
    t =    66.26s     Checking `Expect predicate `existsNoRetry == 1` for object "ai-practice-prompt" Any`
    t =    66.26s         Checking existence of `"ai-practice-prompt" Any`
    t =    66.34s         Capturing element debug description
    t =    66.34s     Checking existence of `"ai-practice-prompt" Any`
    t =    66.42s Collecting debug information to assist test failure triage
    t =    66.42s     Requesting snapshot of accessibility hierarchy for app with pid 37090
/Users/takamimarsh/Developer/Projects/Zacro Tech/NeuroForge/UITests/NavigationSmokeUITests.swift:470: error: -[NeuroForgeUITests.NavigationSmokeUITests testGeneratedSetCreatesSeparateRunsAndRestoresSkippedRunThroughColdLaunch] : XCTAssertTrue failed
    t =    67.20s Tear Down
Test Case '-[NeuroForgeUITests.NavigationSmokeUITests testGeneratedSetCreatesSeparateRunsAndRestoresSkippedRunThroughColdLaunch]' failed (67.650 seconds).
Test Case '-[NeuroForgeUITests.NavigationSmokeUITests testSpatialCoordinateChoiceShowsFeedbackAndAdvances]' started.
    t =     0.00s Start Test at 2026-09-05 16:00:11.045
    t =     0.08s Set Up
    t =     0.08s Open com.zacrotech.NeuroForge
    t =     0.08s     Launch com.zacrotech.NeuroForge
    t =     0.08s         Terminate com.zacrotech.NeuroForge:37090
2026-09-05 16:00:12.190 xcodebuild[37013:5754536] [MT] IDELaunchParametersSnapshot: The operation couldn’t be completed. (DebuggerLLDB.DebuggerVersionStore.StoreError error 0.)
2026-09-05 16:00:12.190 xcodebuild[37013:5754536] [MT] IDELaunchParametersSnapshot: no debugger version
    t =     1.78s         Setting up automation session
    t =     3.22s         Wait for com.zacrotech.NeuroForge to idle
    t =     7.45s Waiting 15.0s for "universal-session" Any to exist
    t =     8.46s     Checking `Expect predicate `existsNoRetry == 1` for object "universal-session" Any`
    t =     8.46s         Checking existence of `"universal-session" Any`
    t =     8.81s Waiting 3.0s for "session-resume" Any to exist
    t =     9.85s     Checking `Expect predicate `existsNoRetry == 1` for object "session-resume" Any`
    t =     9.85s         Checking existence of `"session-resume" Any`
    t =     9.97s         Capturing element debug description
    t =    10.81s     Checking `Expect predicate `existsNoRetry == 1` for object "session-resume" Any`
    t =    10.81s         Checking existence of `"session-resume" Any`
    t =    10.91s         Capturing element debug description
    t =    11.81s     Checking `Expect predicate `existsNoRetry == 1` for object "session-resume" Any`
    t =    11.81s         Checking existence of `"session-resume" Any`
    t =    11.93s         Capturing element debug description
    t =    11.93s     Checking existence of `"session-resume" Any`
    t =    12.03s Collecting debug information to assist test failure triage
    t =    12.03s     Requesting snapshot of accessibility hierarchy for app with pid 37466
    t =    12.16s Waiting 8.0s for "session-position" Any to exist
    t =    13.18s     Checking `Expect predicate `existsNoRetry == 1` for object "session-position" Any`
    t =    13.18s         Checking existence of `"session-position" Any`
    t =    13.29s Find the "session-position" Any
    t =    13.38s Waiting 8.0s for "session-prompt" Any to exist
    t =    14.39s     Checking `Expect predicate `existsNoRetry == 1` for object "session-prompt" Any`
    t =    14.39s         Checking existence of `"session-prompt" Any`
    t =    14.52s Find the "session-prompt" Any
    t =    14.61s Get all elements bound by index for: Descendants matching type ScrollView
    t =    14.67s Find the ScrollView (Element at index 0)
    t =    14.75s Find the Target Application 'com.zacrotech.NeuroForge'
    t =    14.80s Checking existence of `Keyboard (First Match)`
    t =    14.90s Get all elements bound by index for: Descendants matching type NavigationBar
    t =    14.95s Find the NavigationBar (Element at index 0)
    t =    15.02s Find the ScrollView at {{0.0, 154.5}, {375.0, 512.5}}
    t =    15.09s Find the ScrollView at {{0.0, 154.5}, {375.0, 512.5}}
    t =    15.15s Get all elements bound by index for: Descendants matching type TabBar
    t =    15.21s Find the TabBar (Element at index 0)
    t =    15.29s Checking existence of `"spatial-object-rotateZ90" Button`
    t =    15.38s Checking existence of `"session-submit" Any`
    t =    15.47s Find the "session-submit" Any
    t =    15.57s Find the "session-submit" Button
    t =    15.67s Find the "session-submit" Button
    t =    15.76s Checking existence of `"session-next" Any`
    t =    15.86s Checking existence of `"train-start-practice" Any`
    t =    15.95s Checking existence of `"train-start-graph-construction" Any`
    t =    16.04s Checking existence of `"spatial-object-rotateZ90" Button`
    t =    16.13s Checking existence of `"spatial-object-rotateZ90" Button`
    t =    16.23s Find the ScrollView at {{0.0, 154.5}, {375.0, 512.5}}
    t =    16.29s Checking existence of `"spatial-object-rotateZ90" Button`
    t =    16.39s Press Target Application 'com.zacrotech.NeuroForge'[0.00, 0.00] -> (187.5, 506.5) for 0.1 seconds, then drag to Target Application 'com.zacrotech.NeuroForge'[0.00, 0.00] -> (187.5, 283.5) with velocity of 250.00 pixels per second, and then hold for 0.2 seconds 
    t =    16.39s     Wait for com.zacrotech.NeuroForge to idle
    t =    16.39s     Find the Target Application 'com.zacrotech.NeuroForge'
    t =    16.45s     Check for interrupting elements affecting "NeuroForge" Application
    t =    16.55s     Synthesize event
    t =    16.55s         Find the Target Application 'com.zacrotech.NeuroForge'
    t =    16.60s         Find the Target Application 'com.zacrotech.NeuroForge'
    t =    16.66s         Find the Target Application 'com.zacrotech.NeuroForge'
    t =    16.71s         Find the Target Application 'com.zacrotech.NeuroForge'
    t =    16.77s         Find the Target Application 'com.zacrotech.NeuroForge'
    t =    18.25s     Wait for com.zacrotech.NeuroForge to idle
    t =    18.26s Get all elements bound by index for: Descendants matching type ScrollView
    t =    18.33s Find the ScrollView (Element at index 0)
    t =    18.40s Find the Target Application 'com.zacrotech.NeuroForge'
    t =    18.46s Checking existence of `Keyboard (First Match)`
    t =    18.56s Get all elements bound by index for: Descendants matching type NavigationBar
    t =    18.62s Find the NavigationBar (Element at index 0)
    t =    18.70s Find the ScrollView at {{0.0, 154.5}, {375.0, 512.5}}
    t =    18.76s Find the ScrollView at {{0.0, 154.5}, {375.0, 512.5}}
    t =    18.83s Get all elements bound by index for: Descendants matching type TabBar
    t =    18.89s Find the TabBar (Element at index 0)
    t =    18.97s Checking existence of `"spatial-object-rotateZ90" Button`
    t =    19.09s Find the "spatial-object-rotateZ90" Button
    t =    19.20s Checking existence of `"session-submit" Any`
    t =    19.30s Find the "session-submit" Any
    t =    19.41s Find the "session-submit" Button
    t =    19.51s Find the "session-submit" Button
    t =    19.64s Checking existence of `"session-next" Any`
    t =    19.75s Checking existence of `"train-start-practice" Any`
    t =    19.85s Checking existence of `"train-start-graph-construction" Any`
    t =    19.95s Checking existence of `"spatial-object-rotateZ90" Button`
    t =    20.05s Find the "spatial-object-rotateZ90" Button
    t =    20.16s Find the "spatial-object-rotateZ90" Button
    t =    20.26s Find the "spatial-object-rotateZ90" Button
    t =    20.36s Checking existence of `"spatial-object-rotateZ90" Button`
    t =    20.46s Find the "spatial-object-rotateZ90" Button
    t =    20.56s Find the ScrollView at {{0.0, 154.5}, {375.0, 512.5}}
    t =    20.62s Checking existence of `"spatial-object-rotateZ90" Button`
    t =    20.71s Find the "spatial-object-rotateZ90" Button
    t =    20.81s Press Target Application 'com.zacrotech.NeuroForge'[0.00, 0.00] -> (187.5, 506.5) for 0.1 seconds, then drag to Target Application 'com.zacrotech.NeuroForge'[0.00, 0.00] -> (187.5, 406.5) with velocity of 250.00 pixels per second, and then hold for 0.2 seconds 
    t =    20.81s     Wait for com.zacrotech.NeuroForge to idle
    t =    20.81s     Find the Target Application 'com.zacrotech.NeuroForge'
    t =    20.87s     Check for interrupting elements affecting "NeuroForge" Application
    t =    20.98s     Synthesize event
    t =    20.98s         Find the Target Application 'com.zacrotech.NeuroForge'
    t =    21.04s         Find the Target Application 'com.zacrotech.NeuroForge'
    t =    21.10s         Find the Target Application 'com.zacrotech.NeuroForge'
    t =    21.15s         Find the Target Application 'com.zacrotech.NeuroForge'
    t =    21.21s         Find the Target Application 'com.zacrotech.NeuroForge'
    t =    22.20s     Wait for com.zacrotech.NeuroForge to idle
    t =    22.21s Get all elements bound by index for: Descendants matching type ScrollView
    t =    22.29s Find the ScrollView (Element at index 0)
    t =    22.37s Find the Target Application 'com.zacrotech.NeuroForge'
    t =    22.42s Checking existence of `Keyboard (First Match)`
    t =    22.52s Get all elements bound by index for: Descendants matching type NavigationBar
    t =    22.61s Find the NavigationBar (Element at index 0)
    t =    22.71s Find the ScrollView at {{0.0, 154.5}, {375.0, 512.5}}
    t =    22.78s Find the ScrollView at {{0.0, 154.5}, {375.0, 512.5}}
    t =    22.85s Get all elements bound by index for: Descendants matching type TabBar
    t =    22.97s Find the TabBar (Element at index 0)
    t =    23.06s Checking existence of `"spatial-object-rotateZ90" Button`
    t =    23.17s Find the "spatial-object-rotateZ90" Button
    t =    23.28s Checking existence of `"session-submit" Any`
    t =    23.38s Find the "session-submit" Any
    t =    23.48s Find the "session-submit" Button
    t =    23.59s Find the "session-submit" Button
    t =    23.69s Checking existence of `"session-next" Any`
    t =    23.78s Checking existence of `"train-start-practice" Any`
    t =    23.88s Checking existence of `"train-start-graph-construction" Any`
    t =    24.00s Checking existence of `"spatial-object-rotateZ90" Button`
    t =    24.10s Find the "spatial-object-rotateZ90" Button
    t =    24.21s Find the "spatial-object-rotateZ90" Button
    t =    24.33s Find the "spatial-object-rotateZ90" Button
    t =    24.46s Checking existence of `"spatial-object-rotateZ90" Button`
    t =    24.57s Find the "spatial-object-rotateZ90" Button
    t =    24.69s Find the ScrollView at {{0.0, 154.5}, {375.0, 512.5}}
    t =    24.76s Checking existence of `"spatial-object-rotateZ90" Button`
    t =    24.86s Find the "spatial-object-rotateZ90" Button
    t =    24.96s Press Target Application 'com.zacrotech.NeuroForge'[0.00, 0.00] -> (187.5, 506.5) for 0.1 seconds, then drag to Target Application 'com.zacrotech.NeuroForge'[0.00, 0.00] -> (187.5, 490.5) with velocity of 250.00 pixels per second, and then hold for 0.2 seconds 
    t =    24.97s     Wait for com.zacrotech.NeuroForge to idle
    t =    24.97s     Find the Target Application 'com.zacrotech.NeuroForge'
    t =    25.03s     Check for interrupting elements affecting "NeuroForge" Application
    t =    25.16s     Synthesize event
    t =    25.17s         Find the Target Application 'com.zacrotech.NeuroForge'
    t =    25.23s         Find the Target Application 'com.zacrotech.NeuroForge'
    t =    25.30s         Find the Target Application 'com.zacrotech.NeuroForge'
    t =    25.36s         Find the Target Application 'com.zacrotech.NeuroForge'
    t =    25.43s         Find the Target Application 'com.zacrotech.NeuroForge'
    t =    26.08s     Wait for com.zacrotech.NeuroForge to idle
    t =    27.54s Get all elements bound by index for: Descendants matching type ScrollView
    t =    27.63s Find the ScrollView (Element at index 0)
    t =    27.73s Find the Target Application 'com.zacrotech.NeuroForge'
    t =    27.80s Checking existence of `Keyboard (First Match)`
    t =    27.93s Get all elements bound by index for: Descendants matching type NavigationBar
    t =    28.00s Find the NavigationBar (Element at index 0)
    t =    28.07s Find the ScrollView at {{0.0, 154.5}, {375.0, 512.5}}
    t =    28.14s Find the ScrollView at {{0.0, 154.5}, {375.0, 512.5}}
    t =    28.20s Get all elements bound by index for: Descendants matching type TabBar
    t =    28.26s Find the TabBar (Element at index 0)
    t =    28.35s Checking existence of `"spatial-object-rotateZ90" Button`
    t =    28.46s Find the "spatial-object-rotateZ90" Button
    t =    28.56s Checking existence of `"session-submit" Any`
    t =    28.65s Find the "session-submit" Any
    t =    28.76s Find the "session-submit" Button
    t =    28.87s Find the "session-submit" Button
    t =    28.98s Checking existence of `"session-next" Any`
    t =    29.08s Checking existence of `"train-start-practice" Any`
    t =    29.18s Checking existence of `"train-start-graph-construction" Any`
    t =    29.29s Checking existence of `"spatial-object-rotateZ90" Button`
    t =    29.38s Find the "spatial-object-rotateZ90" Button
    t =    29.48s Find the "spatial-object-rotateZ90" Button
    t =    29.59s Find the "spatial-object-rotateZ90" Button
    t =    29.69s Find the "spatial-object-rotateZ90" Button
    t =    29.79s Get all elements bound by index for: Descendants matching type ScrollView
    t =    29.85s Find the ScrollView (Element at index 0)
    t =    29.92s Find the Target Application 'com.zacrotech.NeuroForge'
    t =    29.97s Checking existence of `Keyboard (First Match)`
    t =    30.07s Get all elements bound by index for: Descendants matching type NavigationBar
    t =    30.13s Find the NavigationBar (Element at index 0)
    t =    30.19s Find the ScrollView at {{0.0, 154.5}, {375.0, 512.5}}
    t =    30.26s Find the ScrollView at {{0.0, 154.5}, {375.0, 512.5}}
    t =    30.32s Get all elements bound by index for: Descendants matching type TabBar
    t =    30.37s Find the TabBar (Element at index 0)
    t =    30.46s Checking existence of `Button (First Match)`
    t =    30.59s Checking existence of `"session-submit" Any`
    t =    30.69s Find the "session-submit" Any
    t =    30.79s Find the "session-submit" Button
    t =    30.89s Find the "session-submit" Button
    t =    30.99s Checking existence of `"session-next" Any`
    t =    31.09s Checking existence of `"train-start-practice" Any`
    t =    31.19s Checking existence of `"train-start-graph-construction" Any`
    t =    31.29s Checking existence of `Button (First Match)`
    t =    31.40s Checking existence of `Button (First Match)`
    t =    31.53s Find the ScrollView at {{0.0, 154.5}, {375.0, 512.5}}
    t =    31.59s Checking existence of `Button (First Match)`
    t =    31.71s Press Target Application 'com.zacrotech.NeuroForge'[0.00, 0.00] -> (187.5, 506.5) for 0.1 seconds, then drag to Target Application 'com.zacrotech.NeuroForge'[0.00, 0.00] -> (187.5, 283.5) with velocity of 250.00 pixels per second, and then hold for 0.2 seconds 
    t =    31.71s     Wait for com.zacrotech.NeuroForge to idle
    t =    31.71s     Find the Target Application 'com.zacrotech.NeuroForge'
    t =    31.77s     Check for interrupting elements affecting "NeuroForge" Application
    t =    31.85s     Synthesize event
    t =    31.85s         Find the Target Application 'com.zacrotech.NeuroForge'
    t =    31.91s         Find the Target Application 'com.zacrotech.NeuroForge'
    t =    31.96s         Find the Target Application 'com.zacrotech.NeuroForge'
    t =    32.02s         Find the Target Application 'com.zacrotech.NeuroForge'
    t =    32.08s         Find the Target Application 'com.zacrotech.NeuroForge'
    t =    33.54s     Wait for com.zacrotech.NeuroForge to idle
    t =    33.55s Get all elements bound by index for: Descendants matching type ScrollView
    t =    33.62s Find the ScrollView (Element at index 0)
    t =    33.69s Find the Target Application 'com.zacrotech.NeuroForge'
    t =    33.74s Checking existence of `Keyboard (First Match)`
    t =    34.17s Get all elements bound by index for: Descendants matching type NavigationBar
    t =    34.39s Find the NavigationBar (Element at index 0)
    t =    34.51s Find the ScrollView at {{0.0, 154.5}, {375.0, 512.5}}
    t =    34.59s Find the ScrollView at {{0.0, 154.5}, {375.0, 512.5}}
    t =    34.69s Get all elements bound by index for: Descendants matching type TabBar
    t =    34.77s Find the TabBar (Element at index 0)
    t =    34.87s Checking existence of `Button (First Match)`
    t =    35.16s Checking existence of `"session-submit" Any`
    t =    35.41s Find the "session-submit" Any
    t =    35.66s Find the "session-submit" Button
    t =    35.79s Find the "session-submit" Button
    t =    36.03s Checking existence of `"session-next" Any`
    t =    36.26s Checking existence of `"train-start-practice" Any`
    t =    36.41s Checking existence of `"train-start-graph-construction" Any`
    t =    36.55s Checking existence of `Button (First Match)`
    t =    36.71s Checking existence of `Button (First Match)`
    t =    36.97s Find the ScrollView at {{0.0, 154.5}, {375.0, 512.5}}
    t =    37.10s Checking existence of `Button (First Match)`
    t =    37.32s Press Target Application 'com.zacrotech.NeuroForge'[0.00, 0.00] -> (187.5, 506.5) for 0.1 seconds, then drag to Target Application 'com.zacrotech.NeuroForge'[0.00, 0.00] -> (187.5, 283.5) with velocity of 250.00 pixels per second, and then hold for 0.2 seconds 
    t =    37.32s     Wait for com.zacrotech.NeuroForge to idle
    t =    37.32s     Find the Target Application 'com.zacrotech.NeuroForge'
    t =    37.39s     Check for interrupting elements affecting "NeuroForge" Application
    t =    37.48s     Synthesize event
    t =    37.48s         Find the Target Application 'com.zacrotech.NeuroForge'
    t =    37.54s         Find the Target Application 'com.zacrotech.NeuroForge'
    t =    37.60s         Find the Target Application 'com.zacrotech.NeuroForge'
    t =    37.66s         Find the Target Application 'com.zacrotech.NeuroForge'
    t =    37.73s         Find the Target Application 'com.zacrotech.NeuroForge'
    t =    39.20s     Wait for com.zacrotech.NeuroForge to idle
    t =    39.20s Get all elements bound by index for: Descendants matching type ScrollView
    t =    39.29s Find the ScrollView (Element at index 0)
    t =    39.38s Find the Target Application 'com.zacrotech.NeuroForge'
    t =    39.45s Checking existence of `Keyboard (First Match)`
    t =    39.56s Get all elements bound by index for: Descendants matching type NavigationBar
    t =    39.62s Find the NavigationBar (Element at index 0)
    t =    39.69s Find the ScrollView at {{0.0, 154.5}, {375.0, 512.5}}
    t =    39.76s Find the ScrollView at {{0.0, 154.5}, {375.0, 512.5}}
    t =    39.82s Get all elements bound by index for: Descendants matching type TabBar
    t =    39.88s Find the TabBar (Element at index 0)
    t =    39.97s Checking existence of `Button (First Match)`
    t =    40.01s Find the Button (First Match)
    t =    40.06s Checking existence of `"session-submit" Any`
    t =    40.17s Find the "session-submit" Any
    t =    40.29s Find the "session-submit" Button
    t =    40.41s Find the "session-submit" Button
    t =    40.54s Checking existence of `"session-next" Any`
    t =    40.66s Checking existence of `"train-start-practice" Any`
    t =    40.88s Checking existence of `"train-start-graph-construction" Any`
    t =    41.04s Checking existence of `"(-17, 3)" Button`
    t =    41.09s Find the "(-17, 3)" Button
    t =    41.17s Find the "(-17, 3)" Button
    t =    41.22s Find the "(-17, 3)" Button
    t =    41.27s Checking existence of `"(-17, 3)" Button`
    t =    41.32s Find the "(-17, 3)" Button
    t =    41.38s Tap "(-17, 3)" Button
    t =    41.38s     Wait for com.zacrotech.NeuroForge to idle
    t =    41.39s     Find the "(-17, 3)" Button
    t =    41.48s     Check for interrupting elements affecting "(-17, 3)" Button
    t =    41.57s     Synthesize event
    t =    41.87s     Wait for com.zacrotech.NeuroForge to idle
    t =    43.01s Checking `Expect predicate `selected == 1` for object "(-17, 3)" Button`
    t =    43.02s     Find the "(-17, 3)" Button
    t =    43.08s Get all elements bound by index for: Descendants matching type TextField
    t =    43.15s Get all elements bound by index for: Descendants matching type TextView
    t =    43.21s Waiting 8.0s for "session-submit" Any to exist
    t =    44.23s     Checking `Expect predicate `existsNoRetry == 1` for object "session-submit" Any`
    t =    44.24s         Checking existence of `"session-submit" Any`
    t =    44.36s Get all elements bound by index for: Descendants matching type ScrollView
    t =    44.43s Find the ScrollView (Element at index 0)
    t =    44.51s Find the Target Application 'com.zacrotech.NeuroForge'
    t =    44.57s Checking existence of `Keyboard (First Match)`
    t =    44.68s Get all elements bound by index for: Descendants matching type NavigationBar
    t =    44.75s Find the NavigationBar (Element at index 0)
    t =    44.82s Find the ScrollView at {{0.0, 154.5}, {375.0, 512.5}}
    t =    44.89s Find the ScrollView at {{0.0, 154.5}, {375.0, 512.5}}
    t =    44.96s Get all elements bound by index for: Descendants matching type TabBar
    t =    45.02s Find the TabBar (Element at index 0)
    t =    45.11s Checking existence of `"session-submit" Any`
    t =    45.22s Find the "session-submit" Any
    t =    45.34s Checking existence of `"session-submit" Button`
    t =    45.46s Find the "session-submit" Button
    t =    45.58s Find the "session-submit" Button
    t =    45.69s Find the "session-submit" Button
    t =    46.84s Checking `Expect predicate `enabled == 1` for object "session-submit" Button`
    t =    46.84s     Find the "session-submit" Button
    t =    46.97s Tap "session-submit" Button
    t =    46.97s     Wait for com.zacrotech.NeuroForge to idle
    t =    46.97s     Find the "session-submit" Button
    t =    47.11s     Check for interrupting elements affecting "session-submit" Button
    t =    47.29s     Synthesize event
    t =    47.63s     Wait for com.zacrotech.NeuroForge to idle
    t =    47.73s Waiting 8.0s for "session-next" Any to exist
    t =    48.76s     Checking `Expect predicate `existsNoRetry == 1` for object "session-next" Any`
    t =    48.76s         Checking existence of `"session-next" Any`
    t =    48.88s Find the "session-position" ProgressIndicator
    t =    49.00s Find the "session-prompt" Any
    t =    49.14s Checking existence of `"Your answer" StaticText`
    t =    49.24s Waiting 8.0s for "session-feedback-title" Any to exist
    t =    50.25s     Checking `Expect predicate `existsNoRetry == 1` for object "session-feedback-title" Any`
    t =    50.25s         Checking existence of `"session-feedback-title" Any`
    t =    50.37s Get all elements bound by index for: Descendants matching type ScrollView
    t =    50.44s Find the ScrollView (Element at index 0)
    t =    50.51s Find the Target Application 'com.zacrotech.NeuroForge'
    t =    50.56s Checking existence of `Keyboard (First Match)`
    t =    50.66s Get all elements bound by index for: Descendants matching type NavigationBar
    t =    50.72s Find the NavigationBar (Element at index 0)
    t =    50.79s Find the ScrollView at {{0.0, 154.5}, {375.0, 512.5}}
    t =    50.85s Find the ScrollView at {{0.0, 154.5}, {375.0, 512.5}}
    t =    50.92s Get all elements bound by index for: Descendants matching type TabBar
    t =    50.98s Find the TabBar (Element at index 0)
    t =    51.06s Checking existence of `"session-feedback-title" Any`
    t =    51.16s Find the "session-feedback-title" Any
    t =    51.27s Checking existence of `"session-submit" Any`
    t =    51.37s Checking existence of `"session-next" Any`
    t =    51.48s Find the "session-next" Any
    t =    51.59s Find the "session-next" Button
    t =    51.70s Find the "session-next" Button
    t =    51.81s Checking existence of `"train-start-practice" Any`
    t =    51.91s Checking existence of `"train-start-graph-construction" Any`
    t =    52.01s Checking existence of `"session-feedback-title" StaticText`
    t =    52.12s Find the "session-feedback-title" StaticText
    t =    52.23s Find the "session-feedback-title" StaticText
    t =    52.34s Checking existence of `"session-feedback-title" StaticText`
    t =    52.44s Find the "session-feedback-title" StaticText
    t =    52.55s Find the ScrollView at {{0.0, 154.5}, {375.0, 512.5}}
    t =    52.62s Checking existence of `"session-feedback-title" StaticText`
    t =    52.73s Find the "session-feedback-title" StaticText
    t =    52.84s Press Target Application 'com.zacrotech.NeuroForge'[0.00, 0.00] -> (187.5, 248.5) for 0.1 seconds, then drag to Target Application 'com.zacrotech.NeuroForge'[0.00, 0.00] -> (187.5, 264.5) with velocity of 250.00 pixels per second, and then hold for 0.2 seconds 
    t =    52.84s     Wait for com.zacrotech.NeuroForge to idle
    t =    52.84s     Find the Target Application 'com.zacrotech.NeuroForge'
    t =    52.90s     Check for interrupting elements affecting "NeuroForge" Application
    t =    52.98s     Synthesize event
    t =    52.98s         Find the Target Application 'com.zacrotech.NeuroForge'
    t =    53.04s         Find the Target Application 'com.zacrotech.NeuroForge'
    t =    53.10s         Find the Target Application 'com.zacrotech.NeuroForge'
    t =    53.16s         Find the Target Application 'com.zacrotech.NeuroForge'
    t =    53.23s         Find the Target Application 'com.zacrotech.NeuroForge'
    t =    53.86s     Wait for com.zacrotech.NeuroForge to idle
    t =    55.31s Get all elements bound by index for: Descendants matching type ScrollView
    t =    55.39s Find the ScrollView (Element at index 0)
    t =    55.45s Find the Target Application 'com.zacrotech.NeuroForge'
    t =    55.50s Checking existence of `Keyboard (First Match)`
    t =    55.61s Get all elements bound by index for: Descendants matching type NavigationBar
    t =    55.67s Find the NavigationBar (Element at index 0)
    t =    55.73s Find the ScrollView at {{0.0, 154.5}, {375.0, 512.5}}
    t =    55.80s Find the ScrollView at {{0.0, 154.5}, {375.0, 512.5}}
    t =    55.86s Get all elements bound by index for: Descendants matching type TabBar
    t =    55.91s Find the TabBar (Element at index 0)
    t =    56.00s Checking existence of `"session-feedback-title" StaticText`
    t =    56.09s Find the "session-feedback-title" StaticText
    t =    56.19s Checking existence of `"session-submit" Any`
    t =    56.29s Checking existence of `"session-next" Any`
    t =    56.38s Find the "session-next" Any
    t =    56.49s Find the "session-next" Button
    t =    56.59s Find the "session-next" Button
    t =    56.68s Checking existence of `"train-start-practice" Any`
    t =    56.78s Checking existence of `"train-start-graph-construction" Any`
    t =    56.88s Checking existence of `"session-feedback-title" StaticText`
    t =    56.98s Find the "session-feedback-title" StaticText
    t =    57.09s Find the "session-feedback-title" StaticText
    t =    57.19s Find the "session-feedback-title" StaticText
    t =    57.30s Find the "session-feedback-title" StaticText
    t =    57.41s Find the "session-feedback-title" StaticText
    t =    57.50s Find the "session-feedback-title" StaticText
    t =    57.61s Get all elements bound by index for: Descendants matching type ScrollView
    t =    57.66s Find the ScrollView (Element at index 0)
    t =    57.73s Find the Target Application 'com.zacrotech.NeuroForge'
    t =    57.79s Checking existence of `Keyboard (First Match)`
    t =    57.88s Get all elements bound by index for: Descendants matching type NavigationBar
    t =    57.94s Find the NavigationBar (Element at index 0)
    t =    58.01s Find the ScrollView at {{0.0, 154.5}, {375.0, 512.5}}
    t =    58.07s Find the ScrollView at {{0.0, 154.5}, {375.0, 512.5}}
    t =    58.12s Get all elements bound by index for: Descendants matching type TabBar
    t =    58.18s Find the TabBar (Element at index 0)
    t =    58.26s Checking existence of `"spatial-object-rotateZ90" Button`
    t =    58.35s Checking existence of `"session-submit" Any`
    t =    58.45s Checking existence of `"session-next" Any`
    t =    58.54s Find the "session-next" Any
    t =    58.64s Find the "session-next" Button
    t =    58.74s Find the "session-next" Button
    t =    58.84s Checking existence of `"train-start-practice" Any`
    t =    58.93s Checking existence of `"train-start-graph-construction" Any`
    t =    59.02s Checking existence of `"spatial-object-rotateZ90" Button`
    t =    59.12s Checking existence of `"spatial-object-rotateZ90" Button`
    t =    59.21s Find the ScrollView at {{0.0, 154.5}, {375.0, 512.5}}
    t =    59.27s Checking existence of `"spatial-object-rotateZ90" Button`
    t =    59.36s Press Target Application 'com.zacrotech.NeuroForge'[0.00, 0.00] -> (187.5, 248.5) for 0.1 seconds, then drag to Target Application 'com.zacrotech.NeuroForge'[0.00, 0.00] -> (187.5, 471.5) with velocity of 250.00 pixels per second, and then hold for 0.2 seconds 
    t =    59.36s     Wait for com.zacrotech.NeuroForge to idle
    t =    59.36s     Find the Target Application 'com.zacrotech.NeuroForge'
    t =    59.42s     Check for interrupting elements affecting "NeuroForge" Application
    t =    59.49s     Synthesize event
    t =    59.49s         Find the Target Application 'com.zacrotech.NeuroForge'
    t =    59.54s         Find the Target Application 'com.zacrotech.NeuroForge'
    t =    59.59s         Find the Target Application 'com.zacrotech.NeuroForge'
    t =    59.64s         Find the Target Application 'com.zacrotech.NeuroForge'
    t =    59.69s         Find the Target Application 'com.zacrotech.NeuroForge'
    t =    61.15s     Wait for com.zacrotech.NeuroForge to idle
    t =    61.15s Get all elements bound by index for: Descendants matching type ScrollView
    t =    61.22s Find the ScrollView (Element at index 0)
    t =    61.29s Find the Target Application 'com.zacrotech.NeuroForge'
    t =    61.34s Checking existence of `Keyboard (First Match)`
    t =    61.44s Get all elements bound by index for: Descendants matching type NavigationBar
    t =    61.50s Find the NavigationBar (Element at index 0)
    t =    61.57s Find the ScrollView at {{0.0, 154.5}, {375.0, 512.5}}
    t =    61.63s Find the ScrollView at {{0.0, 154.5}, {375.0, 512.5}}
    t =    61.70s Get all elements bound by index for: Descendants matching type TabBar
    t =    61.75s Find the TabBar (Element at index 0)
    t =    61.84s Checking existence of `"spatial-object-rotateZ90" Button`
    t =    61.93s Checking existence of `"session-submit" Any`
    t =    62.03s Checking existence of `"session-next" Any`
    t =    62.13s Find the "session-next" Any
    t =    62.25s Find the "session-next" Button
    t =    62.36s Find the "session-next" Button
    t =    62.46s Checking existence of `"train-start-practice" Any`
    t =    62.57s Checking existence of `"train-start-graph-construction" Any`
    t =    62.67s Checking existence of `"spatial-object-rotateZ90" Button`
    t =    62.76s Checking existence of `"spatial-object-rotateZ90" Button`
    t =    62.86s Find the ScrollView at {{0.0, 154.5}, {375.0, 512.5}}
    t =    62.92s Checking existence of `"spatial-object-rotateZ90" Button`
    t =    63.01s Press Target Application 'com.zacrotech.NeuroForge'[0.00, 0.00] -> (187.5, 248.5) for 0.1 seconds, then drag to Target Application 'com.zacrotech.NeuroForge'[0.00, 0.00] -> (187.5, 471.5) with velocity of 250.00 pixels per second, and then hold for 0.2 seconds 
    t =    63.01s     Wait for com.zacrotech.NeuroForge to idle
    t =    63.02s     Find the Target Application 'com.zacrotech.NeuroForge'
    t =    63.07s     Check for interrupting elements affecting "NeuroForge" Application
    t =    63.14s     Synthesize event
    t =    63.14s         Find the Target Application 'com.zacrotech.NeuroForge'
    t =    63.20s         Find the Target Application 'com.zacrotech.NeuroForge'
    t =    63.25s         Find the Target Application 'com.zacrotech.NeuroForge'
    t =    63.30s         Find the Target Application 'com.zacrotech.NeuroForge'
    t =    63.36s         Find the Target Application 'com.zacrotech.NeuroForge'
    t =    64.81s     Wait for com.zacrotech.NeuroForge to idle
    t =    64.82s Get all elements bound by index for: Descendants matching type ScrollView
    t =    64.88s Find the ScrollView (Element at index 0)
    t =    64.95s Find the Target Application 'com.zacrotech.NeuroForge'
    t =    65.01s Checking existence of `Keyboard (First Match)`
    t =    65.12s Get all elements bound by index for: Descendants matching type NavigationBar
    t =    65.17s Find the NavigationBar (Element at index 0)
    t =    65.24s Find the ScrollView at {{0.0, 154.5}, {375.0, 512.5}}
    t =    65.30s Find the ScrollView at {{0.0, 154.5}, {375.0, 512.5}}
    t =    65.36s Get all elements bound by index for: Descendants matching type TabBar
    t =    65.41s Find the TabBar (Element at index 0)
    t =    65.50s Checking existence of `"spatial-object-rotateZ90" Button`
    t =    65.60s Checking existence of `"session-submit" Any`
    t =    65.70s Checking existence of `"session-next" Any`
    t =    65.81s Find the "session-next" Any
    t =    65.92s Find the "session-next" Button
    t =    66.03s Find the "session-next" Button
    t =    66.17s Checking existence of `"train-start-practice" Any`
    t =    66.28s Checking existence of `"train-start-graph-construction" Any`
    t =    66.39s Checking existence of `"spatial-object-rotateZ90" Button`
    t =    66.49s Checking existence of `"spatial-object-rotateZ90" Button`
    t =    66.59s Find the ScrollView at {{0.0, 154.5}, {375.0, 512.5}}
    t =    66.65s Checking existence of `"spatial-object-rotateZ90" Button`
    t =    66.75s Press Target Application 'com.zacrotech.NeuroForge'[0.00, 0.00] -> (187.5, 248.5) for 0.1 seconds, then drag to Target Application 'com.zacrotech.NeuroForge'[0.00, 0.00] -> (187.5, 471.5) with velocity of 250.00 pixels per second, and then hold for 0.2 seconds 
    t =    66.75s     Wait for com.zacrotech.NeuroForge to idle
    t =    66.75s     Find the Target Application 'com.zacrotech.NeuroForge'
    t =    66.81s     Check for interrupting elements affecting "NeuroForge" Application
    t =    66.89s     Synthesize event
    t =    66.89s         Find the Target Application 'com.zacrotech.NeuroForge'
    t =    66.94s         Find the Target Application 'com.zacrotech.NeuroForge'
    t =    67.00s         Find the Target Application 'com.zacrotech.NeuroForge'
    t =    67.05s         Find the Target Application 'com.zacrotech.NeuroForge'
    t =    67.11s         Find the Target Application 'com.zacrotech.NeuroForge'
    t =    68.57s     Wait for com.zacrotech.NeuroForge to idle
    t =    68.57s Get all elements bound by index for: Descendants matching type ScrollView
    t =    68.64s Find the ScrollView (Element at index 0)
    t =    68.71s Find the Target Application 'com.zacrotech.NeuroForge'
    t =    68.76s Checking existence of `Keyboard (First Match)`
    t =    68.85s Get all elements bound by index for: Descendants matching type NavigationBar
    t =    68.91s Find the NavigationBar (Element at index 0)
    t =    68.98s Find the ScrollView at {{0.0, 154.5}, {375.0, 512.5}}
    t =    69.04s Find the ScrollView at {{0.0, 154.5}, {375.0, 512.5}}
    t =    69.10s Get all elements bound by index for: Descendants matching type TabBar
    t =    69.16s Find the TabBar (Element at index 0)
    t =    69.24s Checking existence of `"spatial-object-rotateZ90" Button`
    t =    69.34s Find the "spatial-object-rotateZ90" Button
    t =    69.43s Checking existence of `"session-submit" Any`
    t =    69.53s Checking existence of `"session-next" Any`
    t =    69.63s Find the "session-next" Any
    t =    69.74s Find the "session-next" Button
    t =    69.84s Find the "session-next" Button
    t =    69.94s Checking existence of `"train-start-practice" Any`
    t =    70.04s Checking existence of `"train-start-graph-construction" Any`
    t =    70.14s Checking existence of `"spatial-object-rotateZ90" Button`
    t =    70.23s Find the "spatial-object-rotateZ90" Button
    t =    70.34s Find the "spatial-object-rotateZ90" Button
    t =    70.43s Find the "spatial-object-rotateZ90" Button
    t =    70.53s Find the "spatial-object-rotateZ90" Button
    t =    70.62s Find the "spatial-object-state" Any
    t =    70.72s Tap "spatial-object-rotateZ90" Button
    t =    70.72s     Wait for com.zacrotech.NeuroForge to idle
    t =    70.72s     Find the "spatial-object-rotateZ90" Button
    t =    70.82s     Check for interrupting elements affecting "spatial-object-rotateZ90" Button
    t =    70.89s     Synthesize event
    t =    71.19s     Wait for com.zacrotech.NeuroForge to idle
    t =    71.19s Get all elements bound by index for: Descendants matching type ScrollView
    t =    71.26s Find the ScrollView (Element at index 0)
    t =    71.32s Find the Target Application 'com.zacrotech.NeuroForge'
    t =    71.37s Checking existence of `Keyboard (First Match)`
    t =    71.48s Get all elements bound by index for: Descendants matching type NavigationBar
    t =    71.54s Find the NavigationBar (Element at index 0)
    t =    71.60s Find the ScrollView at {{0.0, 154.5}, {375.0, 512.5}}
    t =    71.67s Find the ScrollView at {{0.0, 154.5}, {375.0, 512.5}}
    t =    71.73s Get all elements bound by index for: Descendants matching type TabBar
    t =    71.78s Find the TabBar (Element at index 0)
    t =    71.88s Checking existence of `"spatial-object-state" StaticText`
    t =    71.97s Find the "spatial-object-state" StaticText
    t =    72.06s Checking existence of `"session-submit" Any`
    t =    72.15s Checking existence of `"session-next" Any`
    t =    72.25s Find the "session-next" Any
    t =    72.36s Find the "session-next" Button
    t =    72.46s Find the "session-next" Button
    t =    72.56s Checking existence of `"train-start-practice" Any`
    t =    72.66s Checking existence of `"train-start-graph-construction" Any`
    t =    72.76s Checking existence of `"spatial-object-state" StaticText`
    t =    72.86s Find the "spatial-object-state" StaticText
    t =    72.97s Find the "spatial-object-state" StaticText
    t =    73.07s Find the "spatial-object-state" StaticText
    t =    73.16s Find the "spatial-object-state" StaticText
    t =    73.26s Find the "spatial-object-state" StaticText
    t =    73.35s Get all elements bound by index for: Descendants matching type ScrollView
    t =    73.41s Find the ScrollView (Element at index 0)
    t =    73.48s Find the Target Application 'com.zacrotech.NeuroForge'
    t =    73.53s Checking existence of `Keyboard (First Match)`
    t =    73.62s Get all elements bound by index for: Descendants matching type NavigationBar
    t =    73.68s Find the NavigationBar (Element at index 0)
    t =    73.75s Find the ScrollView at {{0.0, 154.5}, {375.0, 512.5}}
    t =    73.82s Find the ScrollView at {{0.0, 154.5}, {375.0, 512.5}}
    t =    73.88s Get all elements bound by index for: Descendants matching type TabBar
    t =    73.94s Find the TabBar (Element at index 0)
    t =    74.03s Checking existence of `"spatial-reset-object" Button`
    t =    74.12s Find the "spatial-reset-object" Button
    t =    74.21s Checking existence of `"session-submit" Any`
    t =    74.32s Checking existence of `"session-next" Any`
    t =    74.41s Find the "session-next" Any
    t =    74.52s Find the "session-next" Button
    t =    74.63s Find the "session-next" Button
    t =    74.73s Checking existence of `"train-start-practice" Any`
    t =    74.82s Checking existence of `"train-start-graph-construction" Any`
    t =    74.92s Checking existence of `"spatial-reset-object" Button`
    t =    75.00s Find the "spatial-reset-object" Button
    t =    75.11s Find the "spatial-reset-object" Button
    t =    75.22s Find the "spatial-reset-object" Button
    t =    75.32s Tap "spatial-reset-object" Button
    t =    75.32s     Wait for com.zacrotech.NeuroForge to idle
    t =    75.32s     Find the "spatial-reset-object" Button
    t =    75.42s     Check for interrupting elements affecting "spatial-reset-object" Button
    t =    75.49s     Synthesize event
    t =    75.79s     Wait for com.zacrotech.NeuroForge to idle
    t =    75.79s Find the "spatial-object-state" StaticText
    t =    75.90s Get all elements bound by index for: Descendants matching type ScrollView
    t =    75.96s Find the ScrollView (Element at index 0)
    t =    76.03s Find the Target Application 'com.zacrotech.NeuroForge'
    t =    76.08s Checking existence of `Keyboard (First Match)`
    t =    76.18s Get all elements bound by index for: Descendants matching type NavigationBar
    t =    76.24s Find the NavigationBar (Element at index 0)
    t =    76.30s Find the ScrollView at {{0.0, 154.5}, {375.0, 512.5}}
    t =    76.36s Find the ScrollView at {{0.0, 154.5}, {375.0, 512.5}}
    t =    76.42s Get all elements bound by index for: Descendants matching type TabBar
    t =    76.48s Find the TabBar (Element at index 0)
    t =    76.56s Checking existence of `Button (First Match)`
    t =    76.67s Checking existence of `"session-submit" Any`
    t =    76.76s Checking existence of `"session-next" Any`
    t =    76.86s Find the "session-next" Any
    t =    76.96s Find the "session-next" Button
    t =    77.06s Find the "session-next" Button
    t =    77.15s Checking existence of `"train-start-practice" Any`
    t =    77.25s Checking existence of `"train-start-graph-construction" Any`
    t =    77.34s Checking existence of `Button (First Match)`
    t =    77.45s Checking existence of `Button (First Match)`
    t =    77.57s Find the ScrollView at {{0.0, 154.5}, {375.0, 512.5}}
    t =    77.63s Checking existence of `Button (First Match)`
    t =    77.74s Press Target Application 'com.zacrotech.NeuroForge'[0.00, 0.00] -> (187.5, 506.5) for 0.1 seconds, then drag to Target Application 'com.zacrotech.NeuroForge'[0.00, 0.00] -> (187.5, 283.5) with velocity of 250.00 pixels per second, and then hold for 0.2 seconds 
    t =    77.74s     Wait for com.zacrotech.NeuroForge to idle
    t =    77.74s     Find the Target Application 'com.zacrotech.NeuroForge'
    t =    77.79s     Check for interrupting elements affecting "NeuroForge" Application
    t =    77.86s     Synthesize event
    t =    77.86s         Find the Target Application 'com.zacrotech.NeuroForge'
    t =    77.92s         Find the Target Application 'com.zacrotech.NeuroForge'
    t =    77.97s         Find the Target Application 'com.zacrotech.NeuroForge'
    t =    78.02s         Find the Target Application 'com.zacrotech.NeuroForge'
    t =    78.08s         Find the Target Application 'com.zacrotech.NeuroForge'
    t =    79.54s     Wait for com.zacrotech.NeuroForge to idle
    t =    79.54s Get all elements bound by index for: Descendants matching type ScrollView
    t =    79.61s Find the ScrollView (Element at index 0)
    t =    79.68s Find the Target Application 'com.zacrotech.NeuroForge'
    t =    79.73s Checking existence of `Keyboard (First Match)`
    t =    79.83s Get all elements bound by index for: Descendants matching type NavigationBar
    t =    79.89s Find the NavigationBar (Element at index 0)
    t =    79.96s Find the ScrollView at {{0.0, 154.5}, {375.0, 512.5}}
    t =    80.02s Find the ScrollView at {{0.0, 154.5}, {375.0, 512.5}}
    t =    80.08s Get all elements bound by index for: Descendants matching type TabBar
    t =    80.14s Find the TabBar (Element at index 0)
    t =    80.22s Checking existence of `Button (First Match)`
    t =    80.27s Find the Button (First Match)
    t =    80.32s Checking existence of `"session-submit" Any`
    t =    80.44s Checking existence of `"session-next" Any`
    t =    80.54s Find the "session-next" Any
    t =    80.65s Find the "session-next" Button
    t =    80.76s Find the "session-next" Button
    t =    80.86s Checking existence of `"train-start-practice" Any`
    t =    80.96s Checking existence of `"train-start-graph-construction" Any`
    t =    81.06s Checking existence of `"(-17, 3)" Button`
    t =    81.11s Find the "(-17, 3)" Button
    t =    81.17s Find the "(-17, 3)" Button
    t =    81.22s Find the "(-17, 3)" Button
    t =    81.27s Checking existence of `"(-17, 3)" Button`
    t =    81.32s Find the "(-17, 3)" Button
    t =    81.37s Find the ScrollView at {{0.0, 154.5}, {375.0, 512.5}}
    t =    81.43s Checking existence of `"(-17, 3)" Button`
    t =    81.48s Find the "(-17, 3)" Button
    t =    81.52s Press Target Application 'com.zacrotech.NeuroForge'[0.00, 0.00] -> (187.5, 506.5) for 0.1 seconds, then drag to Target Application 'com.zacrotech.NeuroForge'[0.00, 0.00] -> (187.5, 460.0) with velocity of 250.00 pixels per second, and then hold for 0.2 seconds 
    t =    81.52s     Wait for com.zacrotech.NeuroForge to idle
    t =    81.53s     Find the Target Application 'com.zacrotech.NeuroForge'
    t =    81.58s     Check for interrupting elements affecting "NeuroForge" Application
    t =    81.65s     Synthesize event
    t =    81.65s         Find the Target Application 'com.zacrotech.NeuroForge'
    t =    81.70s         Find the Target Application 'com.zacrotech.NeuroForge'
    t =    81.76s         Find the Target Application 'com.zacrotech.NeuroForge'
    t =    81.81s         Find the Target Application 'com.zacrotech.NeuroForge'
    t =    81.87s         Find the Target Application 'com.zacrotech.NeuroForge'
    t =    82.60s     Wait for com.zacrotech.NeuroForge to idle
    t =    82.61s Get all elements bound by index for: Descendants matching type ScrollView
    t =    82.67s Find the ScrollView (Element at index 0)
    t =    82.74s Find the Target Application 'com.zacrotech.NeuroForge'
    t =    82.79s Checking existence of `Keyboard (First Match)`
    t =    82.90s Get all elements bound by index for: Descendants matching type NavigationBar
    t =    82.96s Find the NavigationBar (Element at index 0)
    t =    83.02s Find the ScrollView at {{0.0, 154.5}, {375.0, 512.5}}
    t =    83.09s Find the ScrollView at {{0.0, 154.5}, {375.0, 512.5}}
    t =    83.15s Get all elements bound by index for: Descendants matching type TabBar
    t =    83.21s Find the TabBar (Element at index 0)
    t =    83.29s Checking existence of `"(-17, 3)" Button`
    t =    83.34s Find the "(-17, 3)" Button
    t =    83.38s Checking existence of `"session-submit" Any`
    t =    83.49s Checking existence of `"session-next" Any`
    t =    83.59s Find the "session-next" Any
    t =    83.70s Find the "session-next" Button
    t =    83.80s Find the "session-next" Button
    t =    83.90s Checking existence of `"train-start-practice" Any`
    t =    84.01s Checking existence of `"train-start-graph-construction" Any`
    t =    84.13s Checking existence of `"(-17, 3)" Button`
    t =    84.17s Find the "(-17, 3)" Button
    t =    84.23s Find the "(-17, 3)" Button
    t =    84.28s Find the "(-17, 3)" Button
    t =    84.33s Checking existence of `"(-17, 3)" Button`
    t =    84.37s Find the "(-17, 3)" Button
    t =    84.42s Find the ScrollView at {{0.0, 154.5}, {375.0, 512.5}}
    t =    84.49s Checking existence of `"(-17, 3)" Button`
    t =    84.53s Find the "(-17, 3)" Button
    t =    84.58s Press Target Application 'com.zacrotech.NeuroForge'[0.00, 0.00] -> (187.5, 506.5) for 0.1 seconds, then drag to Target Application 'com.zacrotech.NeuroForge'[0.00, 0.00] -> (187.5, 490.5) with velocity of 250.00 pixels per second, and then hold for 0.2 seconds 
    t =    84.58s     Wait for com.zacrotech.NeuroForge to idle
    t =    84.58s     Find the Target Application 'com.zacrotech.NeuroForge'
    t =    84.63s     Check for interrupting elements affecting "NeuroForge" Application
    t =    84.70s     Synthesize event
    t =    84.70s         Find the Target Application 'com.zacrotech.NeuroForge'
    t =    84.75s         Find the Target Application 'com.zacrotech.NeuroForge'
    t =    84.81s         Find the Target Application 'com.zacrotech.NeuroForge'
    t =    84.86s         Find the Target Application 'com.zacrotech.NeuroForge'
    t =    84.91s         Find the Target Application 'com.zacrotech.NeuroForge'
    t =    85.53s     Wait for com.zacrotech.NeuroForge to idle
    t =    86.98s Get all elements bound by index for: Descendants matching type ScrollView
    t =    87.05s Find the ScrollView (Element at index 0)
    t =    87.12s Find the Target Application 'com.zacrotech.NeuroForge'
    t =    87.17s Checking existence of `Keyboard (First Match)`
    t =    87.27s Get all elements bound by index for: Descendants matching type NavigationBar
    t =    87.33s Find the NavigationBar (Element at index 0)
    t =    87.39s Find the ScrollView at {{0.0, 154.5}, {375.0, 512.5}}
    t =    87.46s Find the ScrollView at {{0.0, 154.5}, {375.0, 512.5}}
    t =    87.51s Get all elements bound by index for: Descendants matching type TabBar
    t =    87.57s Find the TabBar (Element at index 0)
    t =    87.66s Checking existence of `"(-17, 3)" Button`
    t =    87.70s Find the "(-17, 3)" Button
    t =    87.75s Checking existence of `"session-submit" Any`
    t =    87.85s Checking existence of `"session-next" Any`
    t =    87.95s Find the "session-next" Any
    t =    88.06s Find the "session-next" Button
    t =    88.17s Find the "session-next" Button
    t =    88.27s Checking existence of `"train-start-practice" Any`
    t =    88.38s Checking existence of `"train-start-graph-construction" Any`
    t =    88.48s Checking existence of `"(-17, 3)" Button`
    t =    88.53s Find the "(-17, 3)" Button
    t =    88.58s Find the "(-17, 3)" Button
    t =    88.63s Find the "(-17, 3)" Button
    t =    88.68s Find the "(-17, 3)" Button
    t =    88.73s Find the "(-17, 3)" Button
    t =    88.78s Find the Target Application 'com.zacrotech.NeuroForge'
    t =    89.01s Added attachment named 'spatial-object-reset-preserves-saved-answer-en'
    t =    89.01s Find the "session-feedback-title" StaticText
    t =    89.12s Get all elements bound by index for: Descendants matching type ScrollView
    t =    89.18s Find the ScrollView (Element at index 0)
    t =    89.25s Find the Target Application 'com.zacrotech.NeuroForge'
    t =    89.29s Checking existence of `Keyboard (First Match)`
    t =    89.39s Get all elements bound by index for: Descendants matching type NavigationBar
    t =    89.45s Find the NavigationBar (Element at index 0)
    t =    89.52s Find the ScrollView at {{0.0, 154.5}, {375.0, 512.5}}
    t =    89.60s Find the ScrollView at {{0.0, 154.5}, {375.0, 512.5}}
    t =    89.66s Get all elements bound by index for: Descendants matching type TabBar
    t =    89.72s Find the TabBar (Element at index 0)
    t =    89.80s Checking existence of `"session-next" Any`
    t =    89.91s Find the "session-next" Any
    t =    90.02s Checking existence of `"session-next" Button`
    t =    90.14s Find the "session-next" Button
    t =    90.26s Find the "session-next" Button
    t =    90.37s Find the "session-next" Button
    t =    90.47s Find the "session-next" Button
    t =    90.57s Find the Target Application 'com.zacrotech.NeuroForge'
    t =    90.71s Added attachment named 'lab-response-feedback-spatial.coordinate-rotation-en'
    t =    90.71s Press "session-next" Button for 0.1 seconds
    t =    90.71s     Wait for com.zacrotech.NeuroForge to idle
    t =    90.71s     Find the "session-next" Button
    t =    90.82s     Check for interrupting elements affecting "session-next" Button
    t =    90.89s     Synthesize event
    t =    91.27s     Wait for com.zacrotech.NeuroForge to idle
    t =    92.71s Checking `Expect predicate `value == "2 / 5"` for object "session-position" ProgressIndicator`
    t =    92.71s     Find the "session-position" ProgressIndicator
    t =    92.83s Waiting 8.0s for "session-submit" Any to exist
    t =    93.83s     Checking `Expect predicate `existsNoRetry == 1` for object "session-submit" Any`
    t =    93.84s         Checking existence of `"session-submit" Any`
    t =    93.95s Terminate com.zacrotech.NeuroForge:37466
    t =    95.07s Tear Down
Test Case '-[NeuroForgeUITests.NavigationSmokeUITests testSpatialCoordinateChoiceShowsFeedbackAndAdvances]' passed (95.151 seconds).
Test Suite 'NavigationSmokeUITests' failed at 2026-09-05 16:01:46.195.
	 Executed 2 tests, with 1 failure (0 unexpected) in 162.801 (162.804) seconds
Test Suite 'NeuroForgeUITests.xctest' failed at 2026-09-05 16:01:46.197.
	 Executed 2 tests, with 1 failure (0 unexpected) in 162.801 (162.805) seconds
Test Suite 'Selected tests' failed at 2026-09-05 16:01:46.197.
	 Executed 2 tests, with 1 failure (0 unexpected) in 162.801 (162.806) seconds
2026-09-05 16:01:46.731 xcodebuild[37013:5754536] [MT] IDETestOperationsObserverDebug: 168.329 elapsed -- Testing started completed.
2026-09-05 16:01:46.731 xcodebuild[37013:5754536] [MT] IDETestOperationsObserverDebug: 0.000 sec, +0.000 sec -- start
2026-09-05 16:01:46.731 xcodebuild[37013:5754536] [MT] IDETestOperationsObserverDebug: 168.329 sec, +168.329 sec -- end

Test session results, code coverage, and logs:
	/tmp/NeuroForge-improvement-ios/Logs/Test/Test-NeuroForgeUISmoke-2026.09.05_15-58-57--0400.xcresult

Failing tests:
	NavigationSmokeUITests.testGeneratedSetCreatesSeparateRunsAndRestoresSkippedRunThroughColdLaunch()

** TEST EXECUTE FAILED **

Testing started
